3c3
< # Linux/arm 3.14.79 Kernel Configuration
---
> # Linux/arm 4.20.0-rc6 Kernel Configuration
5,21c5,11
< CONFIG_ARM=y
< CONFIG_MIGHT_HAVE_PCI=y
< CONFIG_SYS_SUPPORTS_APM_EMULATION=y
< CONFIG_HAVE_PROC_CPU=y
< CONFIG_STACKTRACE_SUPPORT=y
< CONFIG_LOCKDEP_SUPPORT=y
< CONFIG_TRACE_IRQFLAGS_SUPPORT=y
< CONFIG_RWSEM_XCHGADD_ALGORITHM=y
< CONFIG_ARCH_HAS_CPUFREQ=y
< CONFIG_GENERIC_HWEIGHT=y
< CONFIG_GENERIC_CALIBRATE_DELAY=y
< CONFIG_ZONE_DMA=y
< CONFIG_NEED_DMA_MAP_STATE=y
< CONFIG_VECTORS_BASE=0xffff0000
< CONFIG_ARM_PATCH_PHYS_VIRT=y
< CONFIG_GENERIC_BUG=y
< CONFIG_DEFCONFIG_LIST="/lib/modules/$UNAME_RELEASE/.config"
---
> 
> #
> # Compiler: arm-linux-gnueabihf-gcc (crosstool-NG linaro-1.13.1-4.7-2012.11-20121123 - Linaro GCC 2012.11) 4.7.3 20121106 (prerelease)
> #
> CONFIG_CC_IS_GCC=y
> CONFIG_GCC_VERSION=40703
> CONFIG_CLANG_VERSION=0
29d18
< CONFIG_CROSS_COMPILE=""
32c21,22
< # CONFIG_LOCALVERSION_AUTO is not set
---
> CONFIG_LOCALVERSION_AUTO=y
> CONFIG_BUILD_SALT=""
49,53c39,42
< CONFIG_FHANDLE=y
< CONFIG_AUDIT=y
< CONFIG_AUDITSYSCALL=y
< CONFIG_AUDIT_WATCH=y
< CONFIG_AUDIT_TREE=y
---
> CONFIG_CROSS_MEMORY_ATTACH=y
> # CONFIG_USELIB is not set
> # CONFIG_AUDIT is not set
> CONFIG_HAVE_ARCH_AUDITSYSCALL=y
59a49,50
> CONFIG_GENERIC_IRQ_SHOW_LEVEL=y
> CONFIG_GENERIC_IRQ_EFFECTIVE_AFF_MASK=y
62a54,57
> CONFIG_IRQ_DOMAIN_HIERARCHY=y
> CONFIG_GENERIC_MSI_IRQ=y
> CONFIG_GENERIC_MSI_IRQ_DOMAIN=y
> CONFIG_HANDLE_DOMAIN_IRQ=y
65c60,63
< CONFIG_KTIME_SCALAR=y
---
> # CONFIG_GENERIC_IRQ_DEBUGFS is not set
> CONFIG_GENERIC_IRQ_MULTI_HANDLER=y
> CONFIG_ARCH_CLOCKSOURCE_DATA=y
> CONFIG_GENERIC_TIME_VSYSCALL=y
67d64
< CONFIG_GENERIC_CLOCKEVENTS_BUILD=y
80a78,80
> # CONFIG_PREEMPT_NONE is not set
> CONFIG_PREEMPT_VOLUNTARY=y
> # CONFIG_PREEMPT is not set
88,93c88,91
< CONFIG_BSD_PROCESS_ACCT=y
< CONFIG_BSD_PROCESS_ACCT_V3=y
< CONFIG_TASKSTATS=y
< CONFIG_TASK_DELAY_ACCT=y
< CONFIG_TASK_XACCT=y
< CONFIG_TASK_IO_ACCOUNTING=y
---
> # CONFIG_BSD_PROCESS_ACCT is not set
> # CONFIG_TASKSTATS is not set
> # CONFIG_PSI is not set
> CONFIG_CPU_ISOLATION=y
99c97,99
< # CONFIG_PREEMPT_RCU is not set
---
> # CONFIG_RCU_EXPERT is not set
> CONFIG_SRCU=y
> CONFIG_TREE_SRCU=y
101,108c101,104
< # CONFIG_RCU_USER_QS is not set
< CONFIG_RCU_FANOUT=32
< CONFIG_RCU_FANOUT_LEAF=16
< # CONFIG_RCU_FANOUT_EXACT is not set
< # CONFIG_RCU_FAST_NO_HZ is not set
< # CONFIG_TREE_RCU_TRACE is not set
< # CONFIG_RCU_NOCB_CPU is not set
< # CONFIG_IKCONFIG is not set
---
> CONFIG_RCU_NEED_SEGCBLIST=y
> CONFIG_BUILD_BIN2C=y
> CONFIG_IKCONFIG=y
> CONFIG_IKCONFIG_PROC=y
109a106,107
> CONFIG_LOG_CPU_MAX_BUF_SHIFT=12
> CONFIG_PRINTK_SAFE_LOG_BUF_SHIFT=13
112,122c110,118
< # CONFIG_CGROUP_DEBUG is not set
< CONFIG_CGROUP_FREEZER=y
< CONFIG_CGROUP_DEVICE=y
< CONFIG_CPUSETS=y
< CONFIG_PROC_PID_CPUSET=y
< CONFIG_CGROUP_CPUACCT=y
< CONFIG_RESOURCE_COUNTERS=y
< CONFIG_MEMCG=y
< CONFIG_MEMCG_SWAP=y
< CONFIG_MEMCG_SWAP_ENABLED=y
< CONFIG_MEMCG_KMEM=y
---
> # CONFIG_MEMCG is not set
> # CONFIG_BLK_CGROUP is not set
> # CONFIG_CGROUP_SCHED is not set
> # CONFIG_CGROUP_PIDS is not set
> # CONFIG_CGROUP_RDMA is not set
> # CONFIG_CGROUP_FREEZER is not set
> # CONFIG_CPUSETS is not set
> # CONFIG_CGROUP_DEVICE is not set
> # CONFIG_CGROUP_CPUACCT is not set
124,138c120,123
< CONFIG_CGROUP_SCHED=y
< CONFIG_FAIR_GROUP_SCHED=y
< CONFIG_CFS_BANDWIDTH=y
< CONFIG_RT_GROUP_SCHED=y
< CONFIG_BLK_CGROUP=y
< # CONFIG_DEBUG_BLK_CGROUP is not set
< CONFIG_CHECKPOINT_RESTORE=y
< CONFIG_NAMESPACES=y
< CONFIG_UTS_NS=y
< CONFIG_IPC_NS=y
< CONFIG_USER_NS=y
< CONFIG_PID_NS=y
< CONFIG_NET_NS=y
< CONFIG_SCHED_AUTOGROUP=y
< CONFIG_MM_OWNER=y
---
> # CONFIG_CGROUP_DEBUG is not set
> # CONFIG_NAMESPACES is not set
> # CONFIG_CHECKPOINT_RESTORE is not set
> # CONFIG_SCHED_AUTOGROUP is not set
144,145c129,130
< # CONFIG_RD_BZIP2 is not set
< # CONFIG_RD_LZMA is not set
---
> CONFIG_RD_BZIP2=y
> CONFIG_RD_LZMA=y
147,148c132,134
< # CONFIG_RD_LZO is not set
< # CONFIG_RD_LZ4 is not set
---
> CONFIG_RD_LZO=y
> CONFIG_RD_LZ4=y
> CONFIG_CC_OPTIMIZE_FOR_PERFORMANCE=y
152a139
> CONFIG_BPF=y
154a142,144
> CONFIG_MULTIUSER=y
> # CONFIG_SGETMASK_SYSCALL is not set
> CONFIG_SYSFS_SYSCALL=y
156,157c146,147
< CONFIG_KALLSYMS=y
< CONFIG_KALLSYMS_ALL=y
---
> CONFIG_FHANDLE=y
> CONFIG_POSIX_TIMERS=y
158a149
> CONFIG_PRINTK_NMI=y
162a154
> CONFIG_FUTEX_PI=y
169c161,170
< CONFIG_PCI_QUIRKS=y
---
> CONFIG_ADVISE_SYSCALLS=y
> CONFIG_MEMBARRIER=y
> CONFIG_KALLSYMS=y
> CONFIG_KALLSYMS_ALL=y
> CONFIG_KALLSYMS_BASE_RELATIVE=y
> # CONFIG_BPF_SYSCALL is not set
> # CONFIG_USERFAULTFD is not set
> CONFIG_ARCH_HAS_MEMBARRIER_SYNC_CORE=y
> CONFIG_RSEQ=y
> # CONFIG_DEBUG_RSEQ is not set
172a174
> # CONFIG_PC104 is not set
184a187,189
> CONFIG_SLAB_MERGE_DEFAULT=y
> # CONFIG_SLAB_FREELIST_RANDOM is not set
> # CONFIG_SLAB_FREELIST_HARDENED is not set
186,296c191,210
< # CONFIG_SYSTEM_TRUSTED_KEYRING is not set
< CONFIG_PROFILING=y
< CONFIG_OPROFILE=m
< CONFIG_HAVE_OPROFILE=y
< CONFIG_KPROBES=y
< # CONFIG_JUMP_LABEL is not set
< # CONFIG_HAVE_64BIT_ALIGNED_ACCESS is not set
< CONFIG_HAVE_EFFICIENT_UNALIGNED_ACCESS=y
< CONFIG_ARCH_USE_BUILTIN_BSWAP=y
< CONFIG_KRETPROBES=y
< CONFIG_HAVE_KPROBES=y
< CONFIG_HAVE_KRETPROBES=y
< CONFIG_HAVE_ARCH_TRACEHOOK=y
< CONFIG_HAVE_DMA_ATTRS=y
< CONFIG_HAVE_DMA_CONTIGUOUS=y
< CONFIG_GENERIC_SMP_IDLE_THREAD=y
< CONFIG_GENERIC_IDLE_POLL_SETUP=y
< CONFIG_HAVE_REGS_AND_STACK_ACCESS_API=y
< CONFIG_HAVE_CLK=y
< CONFIG_HAVE_DMA_API_DEBUG=y
< CONFIG_HAVE_HW_BREAKPOINT=y
< CONFIG_HAVE_PERF_REGS=y
< CONFIG_HAVE_PERF_USER_STACK_DUMP=y
< CONFIG_HAVE_ARCH_JUMP_LABEL=y
< CONFIG_ARCH_WANT_IPC_PARSE_VERSION=y
< CONFIG_HAVE_ARCH_SECCOMP_FILTER=y
< CONFIG_SECCOMP_FILTER=y
< CONFIG_HAVE_CC_STACKPROTECTOR=y
< # CONFIG_CC_STACKPROTECTOR is not set
< CONFIG_CC_STACKPROTECTOR_NONE=y
< # CONFIG_CC_STACKPROTECTOR_REGULAR is not set
< # CONFIG_CC_STACKPROTECTOR_STRONG is not set
< CONFIG_HAVE_CONTEXT_TRACKING=y
< CONFIG_HAVE_VIRT_CPU_ACCOUNTING_GEN=y
< CONFIG_HAVE_IRQ_TIME_ACCOUNTING=y
< CONFIG_HAVE_MOD_ARCH_SPECIFIC=y
< CONFIG_MODULES_USE_ELF_REL=y
< CONFIG_CLONE_BACKWARDS=y
< CONFIG_OLD_SIGSUSPEND3=y
< CONFIG_OLD_SIGACTION=y
< 
< #
< # GCOV-based kernel profiling
< #
< CONFIG_HAVE_GENERIC_DMA_COHERENT=y
< CONFIG_RT_MUTEXES=y
< CONFIG_BASE_SMALL=0
< CONFIG_MODULES=y
< # CONFIG_MODULE_FORCE_LOAD is not set
< CONFIG_MODULE_UNLOAD=y
< # CONFIG_MODULE_FORCE_UNLOAD is not set
< CONFIG_MODVERSIONS=y
< CONFIG_MODULE_SRCVERSION_ALL=y
< # CONFIG_MODULE_SIG is not set
< CONFIG_STOP_MACHINE=y
< CONFIG_BLOCK=y
< CONFIG_LBDAF=y
< CONFIG_BLK_DEV_BSG=y
< CONFIG_BLK_DEV_BSGLIB=y
< CONFIG_BLK_DEV_INTEGRITY=y
< CONFIG_BLK_DEV_THROTTLING=y
< # CONFIG_BLK_CMDLINE_PARSER is not set
< 
< #
< # Partition Types
< #
< CONFIG_PARTITION_ADVANCED=y
< # CONFIG_ACORN_PARTITION is not set
< CONFIG_AIX_PARTITION=y
< CONFIG_OSF_PARTITION=y
< CONFIG_AMIGA_PARTITION=y
< # CONFIG_ATARI_PARTITION is not set
< CONFIG_MAC_PARTITION=y
< CONFIG_MSDOS_PARTITION=y
< CONFIG_BSD_DISKLABEL=y
< CONFIG_MINIX_SUBPARTITION=y
< CONFIG_SOLARIS_X86_PARTITION=y
< CONFIG_UNIXWARE_DISKLABEL=y
< CONFIG_LDM_PARTITION=y
< # CONFIG_LDM_DEBUG is not set
< CONFIG_SGI_PARTITION=y
< # CONFIG_ULTRIX_PARTITION is not set
< CONFIG_SUN_PARTITION=y
< CONFIG_KARMA_PARTITION=y
< CONFIG_EFI_PARTITION=y
< # CONFIG_SYSV68_PARTITION is not set
< # CONFIG_CMDLINE_PARTITION is not set
< 
< #
< # IO Schedulers
< #
< CONFIG_IOSCHED_NOOP=y
< CONFIG_IOSCHED_DEADLINE=y
< CONFIG_IOSCHED_CFQ=y
< CONFIG_CFQ_GROUP_IOSCHED=y
< CONFIG_IOSCHED_BFQ=y
< CONFIG_CGROUP_BFQIO=y
< # CONFIG_DEFAULT_DEADLINE is not set
< # CONFIG_DEFAULT_CFQ is not set
< CONFIG_DEFAULT_BFQ=y
< # CONFIG_DEFAULT_NOOP is not set
< CONFIG_DEFAULT_IOSCHED="bfq"
< CONFIG_PADATA=y
< CONFIG_INLINE_SPIN_UNLOCK_IRQ=y
< CONFIG_INLINE_READ_UNLOCK=y
< CONFIG_INLINE_READ_UNLOCK_IRQ=y
< CONFIG_INLINE_WRITE_UNLOCK=y
< CONFIG_INLINE_WRITE_UNLOCK_IRQ=y
< CONFIG_ARCH_SUPPORTS_ATOMIC_RMW=y
< CONFIG_MUTEX_SPIN_ON_OWNER=y
< CONFIG_FREEZER=y
---
> CONFIG_SYSTEM_DATA_VERIFICATION=y
> # CONFIG_PROFILING is not set
> CONFIG_TRACEPOINTS=y
> CONFIG_ARM=y
> CONFIG_ARM_HAS_SG_CHAIN=y
> CONFIG_MIGHT_HAVE_PCI=y
> CONFIG_SYS_SUPPORTS_APM_EMULATION=y
> CONFIG_HAVE_PROC_CPU=y
> CONFIG_STACKTRACE_SUPPORT=y
> CONFIG_LOCKDEP_SUPPORT=y
> CONFIG_TRACE_IRQFLAGS_SUPPORT=y
> CONFIG_RWSEM_XCHGADD_ALGORITHM=y
> CONFIG_FIX_EARLYCON_MEM=y
> CONFIG_GENERIC_HWEIGHT=y
> CONFIG_GENERIC_CALIBRATE_DELAY=y
> CONFIG_ARCH_SUPPORTS_UPROBES=y
> CONFIG_FIQ=y
> CONFIG_ARM_PATCH_PHYS_VIRT=y
> CONFIG_GENERIC_BUG=y
> CONFIG_PGTABLE_LEVELS=2
301a216,217
> CONFIG_ARCH_MMAP_RND_BITS_MIN=8
> CONFIG_ARCH_MMAP_RND_BITS_MAX=16
303,308d218
< # CONFIG_ARCH_INTEGRATOR is not set
< # CONFIG_ARCH_REALVIEW is not set
< # CONFIG_ARCH_VERSATILE is not set
< # CONFIG_ARCH_AT91 is not set
< # CONFIG_ARCH_CLPS711X is not set
< # CONFIG_ARCH_GEMINI is not set
318,321d227
< # CONFIG_ARCH_KIRKWOOD is not set
< # CONFIG_ARCH_MV78XX0 is not set
< # CONFIG_ARCH_ORION5X is not set
< # CONFIG_ARCH_MMP is not set
326,327d231
< # CONFIG_ARCH_MSM_NODT is not set
< # CONFIG_ARCH_SHMOBILE_LEGACY is not set
331,335d234
< # CONFIG_ARCH_S3C64XX is not set
< # CONFIG_ARCH_S5P64X0 is not set
< # CONFIG_ARCH_S5PC100 is not set
< # CONFIG_ARCH_S5PV210 is not set
< # CONFIG_ARCH_EXYNOS is not set
346c245
< # CONFIG_ARCH_MULTI_V6 is not set
---
> CONFIG_ARCH_MULTI_V6=y
349,350c248,253
< # CONFIG_ARCH_MULTI_CPU_AUTO is not set
< # CONFIG_ARCH_MVEBU is not set
---
> # CONFIG_ARCH_VIRT is not set
> # CONFIG_ARCH_ACTIONS is not set
> # CONFIG_ARCH_ALPINE is not set
> # CONFIG_ARCH_ARTPEC is not set
> # CONFIG_ARCH_ASPEED is not set
> # CONFIG_ARCH_AT91 is not set
353,354c256,258
< CONFIG_GPIO_PCA953X=y
< # CONFIG_KEYBOARD_GPIO_POLLED is not set
---
> # CONFIG_ARCH_CNS3XXX is not set
> # CONFIG_ARCH_DIGICOLOR is not set
> # CONFIG_ARCH_EXYNOS is not set
356,358c260
< # CONFIG_ARCH_HI3xxx is not set
< # CONFIG_ARCH_KEYSTONE is not set
< # CONFIG_ARCH_MSM_DT is not set
---
> # CONFIG_ARCH_HISI is not set
360,363c262,263
< 
< #
< # Freescale i.MX support
< #
---
> CONFIG_MXC_TZIC=y
> CONFIG_MXC_AVIC=y
368a269,296
> CONFIG_ARCH_MXC_IOMUX_V3=y
> CONFIG_SOC_IMX31=y
> CONFIG_SOC_IMX35=y
> 
> #
> # MX31 platforms:
> #
> CONFIG_MACH_MX31ADS=y
> CONFIG_MACH_MX31LILLY=y
> CONFIG_MACH_MX31LITE=y
> CONFIG_MACH_PCM037=y
> CONFIG_MACH_PCM037_EET=y
> CONFIG_MACH_MX31_3DS=y
> # CONFIG_MACH_MX31_3DS_MXC_NAND_USE_BBT is not set
> CONFIG_MACH_MX31MOBOARD=y
> CONFIG_MACH_QONG=y
> CONFIG_MACH_ARMADILLO5X0=y
> CONFIG_MACH_KZM_ARM11_01=y
> CONFIG_MACH_BUG=y
> CONFIG_MACH_IMX31_DT=y
> 
> #
> # MX35 platforms:
> #
> CONFIG_MACH_IMX35_DT=y
> CONFIG_MACH_PCM043=y
> CONFIG_MACH_MX35_3DS=y
> CONFIG_MACH_VPR200=y
371c299
< # i.MX51 machines:
---
> # Device tree only
373,375d300
< # CONFIG_MACH_IMX51_DT is not set
< # CONFIG_MACH_MX51_BABBAGE is not set
< # CONFIG_MACH_EUKREA_CPUIMX51SD is not set
378c303
< # Device tree only
---
> # Cortex-A platforms
380,381c305,308
< # CONFIG_SOC_IMX50 is not set
< # CONFIG_SOC_IMX53 is not set
---
> CONFIG_SOC_IMX5=y
> CONFIG_SOC_IMX50=y
> CONFIG_SOC_IMX51=y
> CONFIG_SOC_IMX53=y
384,386c311,354
< # CONFIG_SOC_IMX6SL is not set
< # CONFIG_SOC_IMX6SX is not set
< # CONFIG_SOC_VF610 is not set
---
> CONFIG_SOC_IMX6SL=y
> CONFIG_SOC_IMX6SLL=y
> CONFIG_SOC_IMX6SX=y
> CONFIG_SOC_IMX6UL=y
> # CONFIG_SOC_LS1021A is not set
> 
> #
> # Cortex-A/Cortex-M asymmetric multiprocessing platforms
> #
> CONFIG_SOC_IMX7D_CA7=y
> CONFIG_SOC_IMX7D=y
> CONFIG_SOC_VF610=y
> CONFIG_VF_USE_ARM_GLOBAL_TIMER=y
> # CONFIG_VF_USE_PIT_TIMER is not set
> CONFIG_IMX_HAVE_PLATFORM_FEC=y
> CONFIG_IMX_HAVE_PLATFORM_FLEXCAN=y
> CONFIG_IMX_HAVE_PLATFORM_FSL_USB2_UDC=y
> CONFIG_IMX_HAVE_PLATFORM_GPIO_KEYS=y
> CONFIG_IMX_HAVE_PLATFORM_IMX2_WDT=y
> CONFIG_IMX_HAVE_PLATFORM_IMX_FB=y
> CONFIG_IMX_HAVE_PLATFORM_IMX_I2C=y
> CONFIG_IMX_HAVE_PLATFORM_IMX_KEYPAD=y
> CONFIG_IMX_HAVE_PLATFORM_IMX_SSI=y
> CONFIG_IMX_HAVE_PLATFORM_IMX_UART=y
> CONFIG_IMX_HAVE_PLATFORM_IPU_CORE=y
> CONFIG_IMX_HAVE_PLATFORM_MXC_EHCI=y
> CONFIG_IMX_HAVE_PLATFORM_MXC_MMC=y
> CONFIG_IMX_HAVE_PLATFORM_MXC_NAND=y
> CONFIG_IMX_HAVE_PLATFORM_MXC_RTC=y
> CONFIG_IMX_HAVE_PLATFORM_MXC_W1=y
> CONFIG_IMX_HAVE_PLATFORM_SDHCI_ESDHC_IMX=y
> CONFIG_IMX_HAVE_PLATFORM_SPI_IMX=y
> # CONFIG_ARCH_INTEGRATOR is not set
> # CONFIG_ARCH_KEYSTONE is not set
> # CONFIG_ARCH_MEDIATEK is not set
> # CONFIG_ARCH_MESON is not set
> # CONFIG_ARCH_MMP is not set
> # CONFIG_ARCH_MVEBU is not set
> # CONFIG_ARCH_NPCM is not set
> 
> #
> # TI OMAP/AM/DM/DRA Family
> #
> # CONFIG_ARCH_OMAP2 is not set
392a361,365
> # CONFIG_ARCH_OXNAS is not set
> # CONFIG_ARCH_PICOXCELL is not set
> # CONFIG_ARCH_SIRF is not set
> # CONFIG_ARCH_QCOM is not set
> # CONFIG_ARCH_REALVIEW is not set
393a367,369
> # CONFIG_ARCH_S3C64XX is not set
> # CONFIG_ARCH_S5PV210 is not set
> # CONFIG_ARCH_RENESAS is not set
397c373
< # CONFIG_ARCH_SHMOBILE_MULTI is not set
---
> # CONFIG_ARCH_STM32 is not set
399c375
< # CONFIG_ARCH_SIRF is not set
---
> # CONFIG_ARCH_TANGO is not set
400a377
> # CONFIG_ARCH_UNIPHIER is not set
403c380
< # CONFIG_ARCH_VIRT is not set
---
> # CONFIG_ARCH_WM8750 is not set
404a382
> # CONFIG_ARCH_ZX is not set
409a388,389
> CONFIG_CPU_V6=y
> CONFIG_CPU_V6K=y
410a391,392
> CONFIG_CPU_THUMB_CAPABLE=y
> CONFIG_CPU_32v6=y
412a395
> CONFIG_CPU_ABRT_EV6=y
413a397
> CONFIG_CPU_PABRT_V6=y
414a399
> CONFIG_CPU_CACHE_V6=y
417a403
> CONFIG_CPU_TLB_V6=y
426,427d411
< # CONFIG_ARM_LPAE is not set
< # CONFIG_ARCH_PHYS_ADDR_T_64BIT is not set
431c415,416
< # CONFIG_SWP_EMULATE is not set
---
> CONFIG_SWP_EMULATE=y
> # CONFIG_CPU_BIG_ENDIAN is not set
433d417
< # CONFIG_CPU_DCACHE_DISABLE is not set
434a419,420
> CONFIG_CPU_SPECTRE=y
> CONFIG_HARDEN_BRANCH_PREDICTOR=y
435a422,423
> CONFIG_VDSO=y
> CONFIG_DMA_CACHE_RWFO=y
440c428
< CONFIG_CACHE_PL310=y
---
> # CONFIG_CACHE_L2X0_PMU is not set
448,449c436,440
< CONFIG_ARM_NR_BANKS=8
< CONFIG_MULTI_IRQ_HANDLER=y
---
> CONFIG_ARM_HEAVY_MB=y
> CONFIG_ARCH_SUPPORTS_BIG_ENDIAN=y
> CONFIG_DEBUG_ALIGN_RODATA=y
> # CONFIG_ARM_ERRATA_326103 is not set
> # CONFIG_ARM_ERRATA_411920 is not set
451c442
< # CONFIG_ARM_ERRATA_643719 is not set
---
> CONFIG_ARM_ERRATA_643719=y
454a446
> # CONFIG_ARM_ERRATA_364296 is not set
458a451,455
> # CONFIG_ARM_ERRATA_818325_852422 is not set
> # CONFIG_ARM_ERRATA_821420 is not set
> # CONFIG_ARM_ERRATA_825619 is not set
> # CONFIG_ARM_ERRATA_852421 is not set
> # CONFIG_ARM_ERRATA_852423 is not set
464a462
> CONFIG_PCI_DOMAINS_GENERIC=y
465a464,477
> CONFIG_PCIEPORTBUS=y
> # CONFIG_HOTPLUG_PCI_PCIE is not set
> CONFIG_PCIEAER=y
> CONFIG_PCIEAER_INJECT=y
> CONFIG_PCIE_ECRC=y
> CONFIG_PCIEASPM=y
> CONFIG_PCIEASPM_DEBUG=y
> CONFIG_PCIEASPM_DEFAULT=y
> # CONFIG_PCIEASPM_POWERSAVE is not set
> # CONFIG_PCIEASPM_POWER_SUPERSAVE is not set
> # CONFIG_PCIEASPM_PERFORMANCE is not set
> CONFIG_PCIE_PME=y
> CONFIG_PCIE_DPC=y
> CONFIG_PCIE_PTM=y
466a479,480
> CONFIG_PCI_MSI_IRQ_DOMAIN=y
> CONFIG_PCI_QUIRKS=y
468c482
< CONFIG_PCI_REALLOC_ENABLE_AUTO=y
---
> # CONFIG_PCI_REALLOC_ENABLE_AUTO is not set
469a484
> CONFIG_PCI_PF_STUB=y
473a489,506
> CONFIG_HOTPLUG_PCI=y
> # CONFIG_HOTPLUG_PCI_CPCI is not set
> # CONFIG_HOTPLUG_PCI_SHPC is not set
> 
> #
> # PCI controller drivers
> #
> 
> #
> # Cadence PCIe controllers support
> #
> # CONFIG_PCIE_CADENCE_HOST is not set
> # CONFIG_PCIE_CADENCE_EP is not set
> # CONFIG_PCI_FTPCI100 is not set
> # CONFIG_PCI_HOST_GENERIC is not set
> # CONFIG_PCIE_XILINX is not set
> # CONFIG_PCI_V3_SEMI is not set
> # CONFIG_PCIE_ALTERA is not set
476c509
< # PCI host controller drivers
---
> # DesignWare PCI Core Support
478a512,516
> CONFIG_PCIE_DW_HOST=y
> CONFIG_PCIE_DW_EP=y
> CONFIG_PCIE_DW_PLAT=y
> # CONFIG_PCIE_DW_PLAT_HOST is not set
> CONFIG_PCIE_DW_PLAT_EP=y
480,509c518,531
< # CONFIG_EP_MODE_IN_EP_RC_SYS is not set
< # CONFIG_RC_MODE_IN_EP_RC_SYS is not set
< # CONFIG_PCI_HOST_GENERIC is not set
< CONFIG_PCIEPORTBUS=y
< CONFIG_PCIEAER=y
< CONFIG_PCIE_ECRC=y
< CONFIG_PCIEAER_INJECT=m
< CONFIG_PCIEASPM=y
< # CONFIG_PCIEASPM_DEBUG is not set
< CONFIG_PCIEASPM_DEFAULT=y
< # CONFIG_PCIEASPM_POWERSAVE is not set
< # CONFIG_PCIEASPM_PERFORMANCE is not set
< CONFIG_PCIE_PME=y
< CONFIG_PCCARD=y
< CONFIG_PCMCIA=y
< CONFIG_PCMCIA_LOAD_CIS=y
< CONFIG_CARDBUS=y
< 
< #
< # PC-card bridges
< #
< CONFIG_YENTA=m
< CONFIG_YENTA_O2=y
< CONFIG_YENTA_RICOH=y
< CONFIG_YENTA_TI=y
< CONFIG_YENTA_ENE_TUNE=y
< CONFIG_YENTA_TOSHIBA=y
< CONFIG_PD6729=m
< CONFIG_I82092=m
< CONFIG_PCCARD_NONSTATIC=y
---
> # CONFIG_PCI_LAYERSCAPE is not set
> 
> #
> # PCI Endpoint
> #
> CONFIG_PCI_ENDPOINT=y
> CONFIG_PCI_ENDPOINT_CONFIGFS=y
> CONFIG_PCI_EPF_TEST=y
> 
> #
> # PCI switch controller drivers
> #
> # CONFIG_PCI_SW_SWITCHTEC is not set
> # CONFIG_PCCARD is not set
521c543
< # CONFIG_HAVE_ARM_ARCH_TIMER is not set
---
> CONFIG_HAVE_ARM_ARCH_TIMER=y
525a548
> # CONFIG_VMSPLIT_3G_OPT is not set
531c554
< # CONFIG_ARM_PSCI is not set
---
> CONFIG_ARM_PSCI=y
533,535d555
< # CONFIG_PREEMPT_NONE is not set
< CONFIG_PREEMPT_VOLUNTARY=y
< # CONFIG_PREEMPT is not set
537c557
< # CONFIG_HZ_100 is not set
---
> CONFIG_HZ_100=y
542,543c562,563
< CONFIG_HZ_1000=y
< CONFIG_HZ=1000
---
> # CONFIG_HZ_1000 is not set
> CONFIG_HZ=100
545c565
< # CONFIG_THUMB2_KERNEL is not set
---
> CONFIG_ARM_PATCH_IDIV=y
548,549d567
< # CONFIG_ARCH_SPARSEMEM_DEFAULT is not set
< # CONFIG_ARCH_SELECT_MEMORY_MODEL is not set
552c570,571
< # CONFIG_HIGHPTE is not set
---
> CONFIG_HIGHPTE=y
> CONFIG_CPU_SW_DOMAIN_PAN=y
555,578c574
< CONFIG_FLATMEM=y
< CONFIG_FLAT_NODE_MEM_MAP=y
< CONFIG_HAVE_MEMBLOCK=y
< CONFIG_NO_BOOTMEM=y
< CONFIG_MEMORY_ISOLATION=y
< # CONFIG_HAVE_BOOTMEM_INFO_NODE is not set
< CONFIG_PAGEFLAGS_EXTENDED=y
< CONFIG_SPLIT_PTLOCK_CPUS=4
< CONFIG_BALLOON_COMPACTION=y
< CONFIG_COMPACTION=y
< CONFIG_MIGRATION=y
< # CONFIG_PHYS_ADDR_T_64BIT is not set
< CONFIG_ZONE_DMA_FLAG=1
< CONFIG_BOUNCE=y
< CONFIG_KSM=y
< CONFIG_DEFAULT_MMAP_MIN_ADDR=4096
< CONFIG_CROSS_MEMORY_ATTACH=y
< CONFIG_CLEANCACHE=y
< # CONFIG_FRONTSWAP is not set
< CONFIG_CMA=y
< # CONFIG_CMA_DEBUG is not set
< CONFIG_CMA_AREAS=7
< # CONFIG_ZBUD is not set
< # CONFIG_ZSMALLOC is not set
---
> CONFIG_ARM_MODULE_PLTS=y
582,585c578,580
< CONFIG_SECCOMP=y
< CONFIG_SWIOTLB=y
< CONFIG_IOMMU_HELPER=y
< # CONFIG_XEN is not set
---
> # CONFIG_SECCOMP is not set
> # CONFIG_PARAVIRT is not set
> # CONFIG_PARAVIRT_TIME_ACCOUNTING is not set
603a599
> # CONFIG_EFI is not set
612a609
> CONFIG_CPU_FREQ_GOV_ATTR_SET=y
614,615c611
< CONFIG_CPU_FREQ_STAT=m
< CONFIG_CPU_FREQ_STAT_DETAILS=y
---
> CONFIG_CPU_FREQ_STAT=y
621c617
< # CONFIG_CPU_FREQ_DEFAULT_GOV_INTERACTIVE is not set
---
> # CONFIG_CPU_FREQ_DEFAULT_GOV_SCHEDUTIL is not set
626d621
< # CONFIG_CPU_FREQ_GOV_INTERACTIVE is not set
628c623
< # CONFIG_GENERIC_CPUFREQ_CPU0 is not set
---
> # CONFIG_CPU_FREQ_GOV_SCHEDUTIL is not set
631c626
< # ARM CPU frequency scaling drivers
---
> # CPU frequency scaling drivers
632a628,630
> CONFIG_CPUFREQ_DT=y
> CONFIG_CPUFREQ_DT_PLATDEV=y
> # CONFIG_ARM_BIG_LITTLE_CPUFREQ is not set
634c632
< # CONFIG_ARM_KIRKWOOD_CPUFREQ is not set
---
> # CONFIG_QORIQ_CPUFREQ is not set
640,641c638,639
< # CONFIG_CPU_IDLE_MULTIPLE_DRIVERS is not set
< CONFIG_CPU_IDLE_GOV_LADDER=y
---
> CONFIG_CPU_IDLE_MULTIPLE_DRIVERS=y
> # CONFIG_CPU_IDLE_GOV_LADDER is not set
642a641
> CONFIG_DT_IDLE_STATES=y
647c646,647
< # CONFIG_ARCH_NEEDS_CPU_IDLE_COUPLED is not set
---
> CONFIG_ARM_CPUIDLE=y
> # CONFIG_ARM_HIGHBANK_CPUIDLE is not set
659,670c659
< CONFIG_KERNEL_MODE_NEON=y
< 
< #
< # Userspace binary formats
< #
< CONFIG_BINFMT_ELF=y
< CONFIG_ARCH_BINFMT_ELF_RANDOMIZE_PIE=y
< CONFIG_CORE_DUMP_DEFAULT_ELF_HEADERS=y
< CONFIG_BINFMT_SCRIPT=y
< # CONFIG_HAVE_AOUT is not set
< CONFIG_BINFMT_MISC=m
< CONFIG_COREDUMP=y
---
> # CONFIG_KERNEL_MODE_NEON is not set
676a666,667
> # CONFIG_SUSPEND_SKIP_SYNC is not set
> # CONFIG_HIBERNATION is not set
681d671
< CONFIG_PM_RUNTIME=y
683c673,676
< # CONFIG_PM_DEBUG is not set
---
> CONFIG_PM_DEBUG=y
> # CONFIG_PM_ADVANCED_DEBUG is not set
> CONFIG_PM_TEST_SUSPEND=y
> CONFIG_PM_SLEEP_DEBUG=y
685,686d677
< CONFIG_ARCH_HAS_OPP=y
< CONFIG_PM_OPP=y
691d681
< CONFIG_PM_GENERIC_DOMAINS_RUNTIME=y
696c686
< CONFIG_NET=y
---
> CONFIG_ARCH_HIBERNATION_POSSIBLE=y
699c689
< # Networking options
---
> # Firmware Drivers
701,796c691,696
< CONFIG_PACKET=y
< CONFIG_PACKET_DIAG=m
< CONFIG_UNIX=y
< CONFIG_UNIX_DIAG=m
< CONFIG_XFRM=y
< CONFIG_XFRM_ALGO=y
< CONFIG_XFRM_USER=y
< CONFIG_XFRM_SUB_POLICY=y
< CONFIG_XFRM_MIGRATE=y
< CONFIG_XFRM_STATISTICS=y
< CONFIG_XFRM_IPCOMP=m
< CONFIG_NET_KEY=m
< CONFIG_NET_KEY_MIGRATE=y
< CONFIG_INET=y
< CONFIG_IP_MULTICAST=y
< CONFIG_IP_ADVANCED_ROUTER=y
< CONFIG_IP_FIB_TRIE_STATS=y
< CONFIG_IP_MULTIPLE_TABLES=y
< CONFIG_IP_ROUTE_MULTIPATH=y
< CONFIG_IP_ROUTE_VERBOSE=y
< CONFIG_IP_ROUTE_CLASSID=y
< CONFIG_IP_PNP=y
< CONFIG_IP_PNP_DHCP=y
< # CONFIG_IP_PNP_BOOTP is not set
< # CONFIG_IP_PNP_RARP is not set
< CONFIG_NET_IPIP=m
< CONFIG_NET_IPGRE_DEMUX=m
< CONFIG_NET_IP_TUNNEL=m
< CONFIG_NET_IPGRE=m
< CONFIG_NET_IPGRE_BROADCAST=y
< CONFIG_IP_MROUTE=y
< CONFIG_IP_MROUTE_MULTIPLE_TABLES=y
< CONFIG_IP_PIMSM_V1=y
< CONFIG_IP_PIMSM_V2=y
< CONFIG_SYN_COOKIES=y
< CONFIG_INET_AH=m
< CONFIG_INET_ESP=m
< CONFIG_INET_IPCOMP=m
< CONFIG_INET_XFRM_TUNNEL=m
< CONFIG_INET_TUNNEL=m
< # CONFIG_INET_XFRM_MODE_TRANSPORT is not set
< # CONFIG_INET_XFRM_MODE_TUNNEL is not set
< # CONFIG_INET_XFRM_MODE_BEET is not set
< CONFIG_INET_LRO=m
< CONFIG_INET_DIAG=m
< CONFIG_INET_TCP_DIAG=m
< CONFIG_INET_UDP_DIAG=m
< CONFIG_TCP_CONG_ADVANCED=y
< CONFIG_TCP_CONG_BIC=m
< CONFIG_TCP_CONG_CUBIC=y
< CONFIG_TCP_CONG_WESTWOOD=m
< CONFIG_TCP_CONG_HTCP=m
< CONFIG_TCP_CONG_HSTCP=m
< CONFIG_TCP_CONG_HYBLA=m
< CONFIG_TCP_CONG_VEGAS=m
< CONFIG_TCP_CONG_SCALABLE=m
< CONFIG_TCP_CONG_LP=m
< CONFIG_TCP_CONG_VENO=m
< CONFIG_TCP_CONG_YEAH=m
< CONFIG_TCP_CONG_ILLINOIS=m
< CONFIG_DEFAULT_CUBIC=y
< # CONFIG_DEFAULT_RENO is not set
< CONFIG_DEFAULT_TCP_CONG="cubic"
< CONFIG_TCP_MD5SIG=y
< CONFIG_IPV6=y
< CONFIG_IPV6_ROUTER_PREF=y
< CONFIG_IPV6_ROUTE_INFO=y
< CONFIG_IPV6_OPTIMISTIC_DAD=y
< CONFIG_INET6_AH=m
< CONFIG_INET6_ESP=m
< CONFIG_INET6_IPCOMP=m
< CONFIG_IPV6_MIP6=y
< CONFIG_INET6_XFRM_TUNNEL=m
< CONFIG_INET6_TUNNEL=m
< CONFIG_INET6_XFRM_MODE_TRANSPORT=m
< CONFIG_INET6_XFRM_MODE_TUNNEL=m
< CONFIG_INET6_XFRM_MODE_BEET=m
< CONFIG_INET6_XFRM_MODE_ROUTEOPTIMIZATION=m
< CONFIG_IPV6_VTI=m
< CONFIG_IPV6_SIT=m
< CONFIG_IPV6_SIT_6RD=y
< CONFIG_IPV6_NDISC_NODETYPE=y
< CONFIG_IPV6_TUNNEL=m
< # CONFIG_IPV6_GRE is not set
< CONFIG_IPV6_MULTIPLE_TABLES=y
< CONFIG_IPV6_SUBTREES=y
< CONFIG_IPV6_MROUTE=y
< CONFIG_IPV6_MROUTE_MULTIPLE_TABLES=y
< CONFIG_IPV6_PIMSM_V2=y
< CONFIG_NETLABEL=y
< CONFIG_NETWORK_SECMARK=y
< CONFIG_NETWORK_PHY_TIMESTAMPING=y
< CONFIG_NETFILTER=y
< # CONFIG_NETFILTER_DEBUG is not set
< CONFIG_NETFILTER_ADVANCED=y
< CONFIG_BRIDGE_NETFILTER=y
---
> CONFIG_ARM_PSCI_FW=y
> # CONFIG_ARM_PSCI_CHECKER is not set
> # CONFIG_FIRMWARE_MEMMAP is not set
> # CONFIG_FW_CFG_SYSFS is not set
> CONFIG_HAVE_ARM_SMCCC=y
> # CONFIG_GOOGLE_FIRMWARE is not set
799c699
< # Core Netfilter Configuration
---
> # Tegra firmware driver
801,1000c701,702
< CONFIG_NETFILTER_NETLINK=m
< CONFIG_NETFILTER_NETLINK_ACCT=m
< CONFIG_NETFILTER_NETLINK_QUEUE=m
< CONFIG_NETFILTER_NETLINK_LOG=m
< CONFIG_NF_CONNTRACK=m
< CONFIG_NF_CONNTRACK_MARK=y
< CONFIG_NF_CONNTRACK_SECMARK=y
< CONFIG_NF_CONNTRACK_ZONES=y
< CONFIG_NF_CONNTRACK_PROCFS=y
< CONFIG_NF_CONNTRACK_EVENTS=y
< # CONFIG_NF_CONNTRACK_TIMEOUT is not set
< CONFIG_NF_CONNTRACK_TIMESTAMP=y
< CONFIG_NF_CONNTRACK_LABELS=y
< CONFIG_NF_CT_PROTO_DCCP=m
< CONFIG_NF_CT_PROTO_GRE=m
< CONFIG_NF_CT_PROTO_SCTP=m
< CONFIG_NF_CT_PROTO_UDPLITE=m
< CONFIG_NF_CONNTRACK_AMANDA=m
< CONFIG_NF_CONNTRACK_FTP=m
< CONFIG_NF_CONNTRACK_H323=m
< CONFIG_NF_CONNTRACK_IRC=m
< CONFIG_NF_CONNTRACK_BROADCAST=m
< CONFIG_NF_CONNTRACK_NETBIOS_NS=m
< CONFIG_NF_CONNTRACK_SNMP=m
< CONFIG_NF_CONNTRACK_PPTP=m
< CONFIG_NF_CONNTRACK_SANE=m
< CONFIG_NF_CONNTRACK_SIP=m
< CONFIG_NF_CONNTRACK_TFTP=m
< CONFIG_NF_CT_NETLINK=m
< # CONFIG_NF_CT_NETLINK_TIMEOUT is not set
< CONFIG_NF_CT_NETLINK_HELPER=m
< CONFIG_NETFILTER_NETLINK_QUEUE_CT=y
< CONFIG_NF_NAT=m
< CONFIG_NF_NAT_NEEDED=y
< CONFIG_NF_NAT_PROTO_DCCP=m
< CONFIG_NF_NAT_PROTO_UDPLITE=m
< CONFIG_NF_NAT_PROTO_SCTP=m
< CONFIG_NF_NAT_AMANDA=m
< CONFIG_NF_NAT_FTP=m
< CONFIG_NF_NAT_IRC=m
< CONFIG_NF_NAT_SIP=m
< CONFIG_NF_NAT_TFTP=m
< CONFIG_NETFILTER_SYNPROXY=m
< CONFIG_NF_TABLES=m
< CONFIG_NF_TABLES_INET=m
< CONFIG_NFT_EXTHDR=m
< CONFIG_NFT_META=m
< CONFIG_NFT_CT=m
< CONFIG_NFT_RBTREE=m
< CONFIG_NFT_HASH=m
< CONFIG_NFT_COUNTER=m
< CONFIG_NFT_LOG=m
< CONFIG_NFT_LIMIT=m
< CONFIG_NFT_NAT=m
< CONFIG_NFT_QUEUE=m
< CONFIG_NFT_REJECT=m
< CONFIG_NFT_REJECT_INET=m
< CONFIG_NFT_COMPAT=m
< CONFIG_NETFILTER_XTABLES=y
< 
< #
< # Xtables combined modules
< #
< CONFIG_NETFILTER_XT_MARK=m
< CONFIG_NETFILTER_XT_CONNMARK=m
< CONFIG_NETFILTER_XT_SET=m
< 
< #
< # Xtables targets
< #
< CONFIG_NETFILTER_XT_TARGET_AUDIT=m
< CONFIG_NETFILTER_XT_TARGET_CHECKSUM=m
< CONFIG_NETFILTER_XT_TARGET_CLASSIFY=m
< CONFIG_NETFILTER_XT_TARGET_CONNMARK=m
< CONFIG_NETFILTER_XT_TARGET_CONNSECMARK=m
< CONFIG_NETFILTER_XT_TARGET_CT=m
< CONFIG_NETFILTER_XT_TARGET_DSCP=m
< CONFIG_NETFILTER_XT_TARGET_HL=m
< CONFIG_NETFILTER_XT_TARGET_HMARK=m
< CONFIG_NETFILTER_XT_TARGET_IDLETIMER=m
< CONFIG_NETFILTER_XT_TARGET_LED=m
< CONFIG_NETFILTER_XT_TARGET_LOG=m
< CONFIG_NETFILTER_XT_TARGET_MARK=m
< CONFIG_NETFILTER_XT_TARGET_NETMAP=m
< CONFIG_NETFILTER_XT_TARGET_NFLOG=m
< CONFIG_NETFILTER_XT_TARGET_NFQUEUE=m
< CONFIG_NETFILTER_XT_TARGET_NOTRACK=m
< CONFIG_NETFILTER_XT_TARGET_RATEEST=m
< CONFIG_NETFILTER_XT_TARGET_REDIRECT=m
< CONFIG_NETFILTER_XT_TARGET_TEE=m
< CONFIG_NETFILTER_XT_TARGET_TPROXY=m
< CONFIG_NETFILTER_XT_TARGET_TRACE=m
< CONFIG_NETFILTER_XT_TARGET_SECMARK=m
< CONFIG_NETFILTER_XT_TARGET_TCPMSS=m
< CONFIG_NETFILTER_XT_TARGET_TCPOPTSTRIP=m
< 
< #
< # Xtables matches
< #
< CONFIG_NETFILTER_XT_MATCH_ADDRTYPE=m
< CONFIG_NETFILTER_XT_MATCH_BPF=m
< CONFIG_NETFILTER_XT_MATCH_CGROUP=m
< CONFIG_NETFILTER_XT_MATCH_CLUSTER=m
< CONFIG_NETFILTER_XT_MATCH_COMMENT=m
< CONFIG_NETFILTER_XT_MATCH_CONNBYTES=m
< CONFIG_NETFILTER_XT_MATCH_CONNLABEL=m
< CONFIG_NETFILTER_XT_MATCH_CONNLIMIT=m
< CONFIG_NETFILTER_XT_MATCH_CONNMARK=m
< CONFIG_NETFILTER_XT_MATCH_CONNTRACK=m
< CONFIG_NETFILTER_XT_MATCH_CPU=m
< CONFIG_NETFILTER_XT_MATCH_DCCP=m
< CONFIG_NETFILTER_XT_MATCH_DEVGROUP=m
< CONFIG_NETFILTER_XT_MATCH_DSCP=m
< CONFIG_NETFILTER_XT_MATCH_ECN=m
< CONFIG_NETFILTER_XT_MATCH_ESP=m
< CONFIG_NETFILTER_XT_MATCH_HASHLIMIT=m
< CONFIG_NETFILTER_XT_MATCH_HELPER=m
< CONFIG_NETFILTER_XT_MATCH_HL=m
< CONFIG_NETFILTER_XT_MATCH_IPCOMP=m
< CONFIG_NETFILTER_XT_MATCH_IPRANGE=m
< CONFIG_NETFILTER_XT_MATCH_IPVS=m
< CONFIG_NETFILTER_XT_MATCH_L2TP=m
< CONFIG_NETFILTER_XT_MATCH_LENGTH=m
< CONFIG_NETFILTER_XT_MATCH_LIMIT=m
< CONFIG_NETFILTER_XT_MATCH_MAC=m
< CONFIG_NETFILTER_XT_MATCH_MARK=m
< CONFIG_NETFILTER_XT_MATCH_MULTIPORT=m
< CONFIG_NETFILTER_XT_MATCH_NFACCT=m
< CONFIG_NETFILTER_XT_MATCH_OSF=m
< CONFIG_NETFILTER_XT_MATCH_OWNER=m
< CONFIG_NETFILTER_XT_MATCH_POLICY=m
< CONFIG_NETFILTER_XT_MATCH_PHYSDEV=m
< CONFIG_NETFILTER_XT_MATCH_PKTTYPE=m
< CONFIG_NETFILTER_XT_MATCH_QUOTA=m
< CONFIG_NETFILTER_XT_MATCH_RATEEST=m
< CONFIG_NETFILTER_XT_MATCH_REALM=m
< CONFIG_NETFILTER_XT_MATCH_RECENT=m
< CONFIG_NETFILTER_XT_MATCH_SCTP=m
< CONFIG_NETFILTER_XT_MATCH_SOCKET=m
< CONFIG_NETFILTER_XT_MATCH_STATE=m
< CONFIG_NETFILTER_XT_MATCH_STATISTIC=m
< CONFIG_NETFILTER_XT_MATCH_STRING=m
< CONFIG_NETFILTER_XT_MATCH_TCPMSS=m
< CONFIG_NETFILTER_XT_MATCH_TIME=m
< CONFIG_NETFILTER_XT_MATCH_U32=m
< CONFIG_IP_SET=m
< CONFIG_IP_SET_MAX=256
< CONFIG_IP_SET_BITMAP_IP=m
< CONFIG_IP_SET_BITMAP_IPMAC=m
< CONFIG_IP_SET_BITMAP_PORT=m
< CONFIG_IP_SET_HASH_IP=m
< CONFIG_IP_SET_HASH_IPPORT=m
< CONFIG_IP_SET_HASH_IPPORTIP=m
< CONFIG_IP_SET_HASH_IPPORTNET=m
< CONFIG_IP_SET_HASH_NETPORTNET=m
< CONFIG_IP_SET_HASH_NET=m
< CONFIG_IP_SET_HASH_NETNET=m
< CONFIG_IP_SET_HASH_NETPORT=m
< CONFIG_IP_SET_HASH_NETIFACE=m
< CONFIG_IP_SET_LIST_SET=m
< CONFIG_IP_VS=m
< CONFIG_IP_VS_IPV6=y
< # CONFIG_IP_VS_DEBUG is not set
< CONFIG_IP_VS_TAB_BITS=12
< 
< #
< # IPVS transport protocol load balancing support
< #
< CONFIG_IP_VS_PROTO_TCP=y
< CONFIG_IP_VS_PROTO_UDP=y
< CONFIG_IP_VS_PROTO_AH_ESP=y
< CONFIG_IP_VS_PROTO_ESP=y
< CONFIG_IP_VS_PROTO_AH=y
< CONFIG_IP_VS_PROTO_SCTP=y
< 
< #
< # IPVS scheduler
< #
< CONFIG_IP_VS_RR=m
< CONFIG_IP_VS_WRR=m
< CONFIG_IP_VS_LC=m
< CONFIG_IP_VS_WLC=m
< CONFIG_IP_VS_LBLC=m
< CONFIG_IP_VS_LBLCR=m
< CONFIG_IP_VS_DH=m
< CONFIG_IP_VS_SH=m
< CONFIG_IP_VS_SED=m
< CONFIG_IP_VS_NQ=m
< 
< #
< # IPVS SH scheduler
< #
< CONFIG_IP_VS_SH_TAB_BITS=8
< 
< #
< # IPVS application helper
< #
< CONFIG_IP_VS_FTP=m
< CONFIG_IP_VS_NFCT=y
< CONFIG_IP_VS_PE_SIP=m
---
> # CONFIG_ARM_CRYPTO is not set
> # CONFIG_VIRTUALIZATION is not set
1003c705
< # IP: Netfilter Configuration
---
> # General architecture-dependent options
1005,1038c707,756
< CONFIG_NF_DEFRAG_IPV4=m
< CONFIG_NF_CONNTRACK_IPV4=m
< # CONFIG_NF_CONNTRACK_PROC_COMPAT is not set
< CONFIG_NF_TABLES_IPV4=m
< CONFIG_NFT_CHAIN_ROUTE_IPV4=m
< CONFIG_NFT_CHAIN_NAT_IPV4=m
< CONFIG_NFT_REJECT_IPV4=m
< CONFIG_NF_TABLES_ARP=m
< CONFIG_IP_NF_IPTABLES=y
< CONFIG_IP_NF_MATCH_AH=m
< CONFIG_IP_NF_MATCH_ECN=m
< CONFIG_IP_NF_MATCH_RPFILTER=m
< CONFIG_IP_NF_MATCH_TTL=m
< CONFIG_IP_NF_FILTER=y
< CONFIG_IP_NF_TARGET_REJECT=y
< CONFIG_IP_NF_TARGET_SYNPROXY=m
< CONFIG_IP_NF_TARGET_ULOG=m
< CONFIG_NF_NAT_IPV4=m
< CONFIG_IP_NF_TARGET_MASQUERADE=m
< CONFIG_IP_NF_TARGET_NETMAP=m
< CONFIG_IP_NF_TARGET_REDIRECT=m
< CONFIG_NF_NAT_SNMP_BASIC=m
< CONFIG_NF_NAT_PROTO_GRE=m
< CONFIG_NF_NAT_PPTP=m
< CONFIG_NF_NAT_H323=m
< CONFIG_IP_NF_MANGLE=m
< CONFIG_IP_NF_TARGET_CLUSTERIP=m
< CONFIG_IP_NF_TARGET_ECN=m
< CONFIG_IP_NF_TARGET_TTL=m
< CONFIG_IP_NF_RAW=m
< CONFIG_IP_NF_SECURITY=m
< CONFIG_IP_NF_ARPTABLES=m
< CONFIG_IP_NF_ARPFILTER=m
< CONFIG_IP_NF_ARP_MANGLE=m
---
> CONFIG_CRASH_CORE=y
> CONFIG_KEXEC_CORE=y
> CONFIG_HAVE_OPROFILE=y
> # CONFIG_KPROBES is not set
> # CONFIG_JUMP_LABEL is not set
> CONFIG_HAVE_EFFICIENT_UNALIGNED_ACCESS=y
> CONFIG_ARCH_USE_BUILTIN_BSWAP=y
> CONFIG_HAVE_KPROBES=y
> CONFIG_HAVE_KRETPROBES=y
> CONFIG_HAVE_OPTPROBES=y
> CONFIG_HAVE_NMI=y
> CONFIG_HAVE_ARCH_TRACEHOOK=y
> CONFIG_HAVE_DMA_CONTIGUOUS=y
> CONFIG_GENERIC_SMP_IDLE_THREAD=y
> CONFIG_GENERIC_IDLE_POLL_SETUP=y
> CONFIG_ARCH_HAS_FORTIFY_SOURCE=y
> CONFIG_ARCH_HAS_SET_MEMORY=y
> CONFIG_HAVE_ARCH_THREAD_STRUCT_WHITELIST=y
> CONFIG_HAVE_REGS_AND_STACK_ACCESS_API=y
> CONFIG_HAVE_RSEQ=y
> CONFIG_HAVE_CLK=y
> CONFIG_HAVE_HW_BREAKPOINT=y
> CONFIG_HAVE_PERF_REGS=y
> CONFIG_HAVE_PERF_USER_STACK_DUMP=y
> CONFIG_HAVE_ARCH_JUMP_LABEL=y
> CONFIG_ARCH_WANT_IPC_PARSE_VERSION=y
> CONFIG_HAVE_ARCH_SECCOMP_FILTER=y
> CONFIG_HAVE_STACKPROTECTOR=y
> CONFIG_CC_HAS_STACKPROTECTOR_NONE=y
> CONFIG_STACKPROTECTOR=y
> CONFIG_HAVE_CONTEXT_TRACKING=y
> CONFIG_HAVE_VIRT_CPU_ACCOUNTING_GEN=y
> CONFIG_HAVE_IRQ_TIME_ACCOUNTING=y
> CONFIG_HAVE_MOD_ARCH_SPECIFIC=y
> CONFIG_MODULES_USE_ELF_REL=y
> CONFIG_ARCH_HAS_ELF_RANDOMIZE=y
> CONFIG_HAVE_ARCH_MMAP_RND_BITS=y
> CONFIG_HAVE_EXIT_THREAD=y
> CONFIG_ARCH_MMAP_RND_BITS=8
> CONFIG_CLONE_BACKWARDS=y
> CONFIG_OLD_SIGSUSPEND3=y
> CONFIG_OLD_SIGACTION=y
> CONFIG_ARCH_OPTIONAL_KERNEL_RWX=y
> CONFIG_ARCH_OPTIONAL_KERNEL_RWX_DEFAULT=y
> CONFIG_ARCH_HAS_STRICT_KERNEL_RWX=y
> CONFIG_STRICT_KERNEL_RWX=y
> CONFIG_ARCH_HAS_STRICT_MODULE_RWX=y
> CONFIG_STRICT_MODULE_RWX=y
> CONFIG_ARCH_HAS_PHYS_TO_DMA=y
> CONFIG_REFCOUNT_FULL=y
1041c759
< # IPv6: Netfilter Configuration
---
> # GCOV-based kernel profiling
1043,1101c761,787
< CONFIG_NF_DEFRAG_IPV6=m
< CONFIG_NF_CONNTRACK_IPV6=m
< CONFIG_NF_TABLES_IPV6=m
< CONFIG_NFT_CHAIN_ROUTE_IPV6=m
< CONFIG_NFT_CHAIN_NAT_IPV6=m
< CONFIG_NFT_REJECT_IPV6=m
< CONFIG_IP6_NF_IPTABLES=m
< CONFIG_IP6_NF_MATCH_AH=m
< CONFIG_IP6_NF_MATCH_EUI64=m
< CONFIG_IP6_NF_MATCH_FRAG=m
< CONFIG_IP6_NF_MATCH_OPTS=m
< CONFIG_IP6_NF_MATCH_HL=m
< CONFIG_IP6_NF_MATCH_IPV6HEADER=m
< CONFIG_IP6_NF_MATCH_MH=m
< CONFIG_IP6_NF_MATCH_RPFILTER=m
< CONFIG_IP6_NF_MATCH_RT=m
< CONFIG_IP6_NF_TARGET_HL=m
< CONFIG_IP6_NF_FILTER=m
< CONFIG_IP6_NF_TARGET_REJECT=m
< CONFIG_IP6_NF_TARGET_SYNPROXY=m
< CONFIG_IP6_NF_MANGLE=m
< CONFIG_IP6_NF_RAW=m
< CONFIG_IP6_NF_SECURITY=m
< CONFIG_NF_NAT_IPV6=m
< CONFIG_IP6_NF_TARGET_MASQUERADE=m
< # CONFIG_IP6_NF_TARGET_NPT is not set
< CONFIG_NF_TABLES_BRIDGE=m
< CONFIG_BRIDGE_NF_EBTABLES=m
< CONFIG_BRIDGE_EBT_BROUTE=m
< CONFIG_BRIDGE_EBT_T_FILTER=m
< CONFIG_BRIDGE_EBT_T_NAT=m
< CONFIG_BRIDGE_EBT_802_3=m
< CONFIG_BRIDGE_EBT_AMONG=m
< CONFIG_BRIDGE_EBT_ARP=m
< CONFIG_BRIDGE_EBT_IP=m
< CONFIG_BRIDGE_EBT_IP6=m
< CONFIG_BRIDGE_EBT_LIMIT=m
< CONFIG_BRIDGE_EBT_MARK=m
< CONFIG_BRIDGE_EBT_PKTTYPE=m
< CONFIG_BRIDGE_EBT_STP=m
< CONFIG_BRIDGE_EBT_VLAN=m
< CONFIG_BRIDGE_EBT_ARPREPLY=m
< CONFIG_BRIDGE_EBT_DNAT=m
< CONFIG_BRIDGE_EBT_MARK_T=m
< CONFIG_BRIDGE_EBT_REDIRECT=m
< CONFIG_BRIDGE_EBT_SNAT=m
< CONFIG_BRIDGE_EBT_LOG=m
< CONFIG_BRIDGE_EBT_ULOG=m
< CONFIG_BRIDGE_EBT_NFLOG=m
< CONFIG_IP_DCCP=m
< CONFIG_INET_DCCP_DIAG=m
< 
< #
< # DCCP CCIDs Configuration
< #
< # CONFIG_IP_DCCP_CCID2_DEBUG is not set
< CONFIG_IP_DCCP_CCID3=y
< # CONFIG_IP_DCCP_CCID3_DEBUG is not set
< CONFIG_IP_DCCP_TFRC_LIB=y
---
> # CONFIG_GCOV_KERNEL is not set
> CONFIG_ARCH_HAS_GCOV_PROFILE_ALL=y
> CONFIG_PLUGIN_HOSTCC=""
> CONFIG_HAVE_GCC_PLUGINS=y
> CONFIG_RT_MUTEXES=y
> CONFIG_BASE_SMALL=0
> CONFIG_MODULES=y
> # CONFIG_MODULE_FORCE_LOAD is not set
> CONFIG_MODULE_UNLOAD=y
> # CONFIG_MODULE_FORCE_UNLOAD is not set
> CONFIG_MODVERSIONS=y
> CONFIG_MODULE_SRCVERSION_ALL=y
> # CONFIG_MODULE_SIG is not set
> # CONFIG_MODULE_COMPRESS is not set
> # CONFIG_TRIM_UNUSED_KSYMS is not set
> CONFIG_MODULES_TREE_LOOKUP=y
> CONFIG_BLOCK=y
> CONFIG_LBDAF=y
> CONFIG_BLK_SCSI_REQUEST=y
> # CONFIG_BLK_DEV_BSG is not set
> # CONFIG_BLK_DEV_BSGLIB is not set
> # CONFIG_BLK_DEV_INTEGRITY is not set
> # CONFIG_BLK_DEV_ZONED is not set
> # CONFIG_BLK_CMDLINE_PARSER is not set
> # CONFIG_BLK_WBT is not set
> CONFIG_BLK_DEBUG_FS=y
> # CONFIG_BLK_SED_OPAL is not set
1104c790
< # DCCP Kernel Hacking
---
> # Partition Types
1106,1262c792,796
< # CONFIG_IP_DCCP_DEBUG is not set
< # CONFIG_NET_DCCPPROBE is not set
< CONFIG_IP_SCTP=m
< CONFIG_NET_SCTPPROBE=m
< # CONFIG_SCTP_DBG_OBJCNT is not set
< # CONFIG_SCTP_DEFAULT_COOKIE_HMAC_MD5 is not set
< CONFIG_SCTP_DEFAULT_COOKIE_HMAC_SHA1=y
< # CONFIG_SCTP_DEFAULT_COOKIE_HMAC_NONE is not set
< CONFIG_SCTP_COOKIE_HMAC_MD5=y
< CONFIG_SCTP_COOKIE_HMAC_SHA1=y
< CONFIG_RDS=m
< CONFIG_RDS_RDMA=m
< CONFIG_RDS_TCP=m
< # CONFIG_RDS_DEBUG is not set
< CONFIG_TIPC=m
< CONFIG_TIPC_PORTS=8192
< # CONFIG_TIPC_MEDIA_IB is not set
< CONFIG_ATM=m
< CONFIG_ATM_CLIP=m
< # CONFIG_ATM_CLIP_NO_ICMP is not set
< CONFIG_ATM_LANE=m
< # CONFIG_ATM_MPOA is not set
< CONFIG_ATM_BR2684=m
< # CONFIG_ATM_BR2684_IPFILTER is not set
< CONFIG_L2TP=m
< CONFIG_L2TP_V3=y
< CONFIG_L2TP_IP=m
< CONFIG_L2TP_ETH=m
< CONFIG_STP=y
< CONFIG_GARP=y
< CONFIG_MRP=y
< CONFIG_BRIDGE=m
< CONFIG_BRIDGE_IGMP_SNOOPING=y
< CONFIG_BRIDGE_VLAN_FILTERING=y
< CONFIG_HAVE_NET_DSA=y
< CONFIG_NET_DSA=m
< CONFIG_NET_DSA_TAG_DSA=y
< CONFIG_NET_DSA_TAG_EDSA=y
< CONFIG_NET_DSA_TAG_TRAILER=y
< CONFIG_VLAN_8021Q=y
< CONFIG_VLAN_8021Q_GVRP=y
< CONFIG_VLAN_8021Q_MVRP=y
< # CONFIG_DECNET is not set
< CONFIG_LLC=y
< # CONFIG_LLC2 is not set
< CONFIG_IPX=m
< # CONFIG_IPX_INTERN is not set
< CONFIG_ATALK=m
< CONFIG_DEV_APPLETALK=m
< CONFIG_IPDDP=m
< CONFIG_IPDDP_ENCAP=y
< # CONFIG_X25 is not set
< # CONFIG_LAPB is not set
< # CONFIG_PHONET is not set
< CONFIG_IEEE802154=m
< CONFIG_IEEE802154_6LOWPAN=m
< CONFIG_6LOWPAN_IPHC=m
< CONFIG_MAC802154=m
< CONFIG_NET_SCHED=y
< 
< #
< # Queueing/Scheduling
< #
< CONFIG_NET_SCH_CBQ=m
< CONFIG_NET_SCH_HTB=m
< CONFIG_NET_SCH_HFSC=m
< CONFIG_NET_SCH_ATM=m
< CONFIG_NET_SCH_PRIO=m
< CONFIG_NET_SCH_MULTIQ=m
< CONFIG_NET_SCH_RED=m
< CONFIG_NET_SCH_SFB=m
< CONFIG_NET_SCH_SFQ=m
< CONFIG_NET_SCH_TEQL=m
< CONFIG_NET_SCH_TBF=m
< CONFIG_NET_SCH_GRED=m
< CONFIG_NET_SCH_DSMARK=m
< CONFIG_NET_SCH_NETEM=m
< CONFIG_NET_SCH_DRR=m
< CONFIG_NET_SCH_MQPRIO=m
< CONFIG_NET_SCH_CHOKE=m
< CONFIG_NET_SCH_QFQ=m
< CONFIG_NET_SCH_CODEL=m
< CONFIG_NET_SCH_FQ_CODEL=m
< CONFIG_NET_SCH_FQ=m
< CONFIG_NET_SCH_HHF=m
< CONFIG_NET_SCH_PIE=m
< CONFIG_NET_SCH_INGRESS=m
< CONFIG_NET_SCH_PLUG=m
< 
< #
< # Classification
< #
< CONFIG_NET_CLS=y
< CONFIG_NET_CLS_BASIC=m
< CONFIG_NET_CLS_TCINDEX=m
< CONFIG_NET_CLS_ROUTE4=m
< CONFIG_NET_CLS_FW=m
< CONFIG_NET_CLS_U32=m
< CONFIG_CLS_U32_PERF=y
< CONFIG_CLS_U32_MARK=y
< CONFIG_NET_CLS_RSVP=m
< CONFIG_NET_CLS_RSVP6=m
< CONFIG_NET_CLS_FLOW=m
< CONFIG_NET_CLS_CGROUP=y
< CONFIG_NET_CLS_BPF=m
< CONFIG_NET_EMATCH=y
< CONFIG_NET_EMATCH_STACK=32
< CONFIG_NET_EMATCH_CMP=m
< CONFIG_NET_EMATCH_NBYTE=m
< CONFIG_NET_EMATCH_U32=m
< CONFIG_NET_EMATCH_META=m
< CONFIG_NET_EMATCH_TEXT=m
< CONFIG_NET_EMATCH_IPSET=m
< CONFIG_NET_CLS_ACT=y
< CONFIG_NET_ACT_POLICE=m
< CONFIG_NET_ACT_GACT=m
< CONFIG_GACT_PROB=y
< CONFIG_NET_ACT_MIRRED=m
< CONFIG_NET_ACT_IPT=m
< CONFIG_NET_ACT_NAT=m
< CONFIG_NET_ACT_PEDIT=m
< CONFIG_NET_ACT_SIMP=m
< CONFIG_NET_ACT_SKBEDIT=m
< CONFIG_NET_ACT_CSUM=m
< CONFIG_NET_CLS_IND=y
< CONFIG_NET_SCH_FIFO=y
< CONFIG_DCB=y
< CONFIG_DNS_RESOLVER=y
< CONFIG_BATMAN_ADV=m
< CONFIG_BATMAN_ADV_BLA=y
< CONFIG_BATMAN_ADV_DAT=y
< CONFIG_BATMAN_ADV_NC=y
< # CONFIG_BATMAN_ADV_DEBUG is not set
< CONFIG_OPENVSWITCH=m
< CONFIG_OPENVSWITCH_GRE=y
< CONFIG_OPENVSWITCH_VXLAN=y
< CONFIG_VSOCKETS=m
< CONFIG_NETLINK_MMAP=y
< CONFIG_NETLINK_DIAG=m
< CONFIG_NET_MPLS_GSO=m
< # CONFIG_HSR is not set
< CONFIG_RPS=y
< CONFIG_RFS_ACCEL=y
< CONFIG_XPS=y
< # CONFIG_CGROUP_NET_PRIO is not set
< CONFIG_CGROUP_NET_CLASSID=y
< CONFIG_NET_RX_BUSY_POLL=y
< CONFIG_BQL=y
< # CONFIG_BPF_JIT is not set
< CONFIG_NET_FLOW_LIMIT=y
< 
< #
< # Network testing
< #
< CONFIG_NET_PKTGEN=m
< # CONFIG_NET_TCPPROBE is not set
< CONFIG_HAMRADIO=y
---
> # CONFIG_PARTITION_ADVANCED is not set
> CONFIG_MSDOS_PARTITION=y
> CONFIG_EFI_PARTITION=y
> CONFIG_BLK_MQ_PCI=y
> CONFIG_BLK_PM=y
1265c799
< # Packet Radio protocols
---
> # IO Schedulers
1267,1270c801,817
< CONFIG_AX25=m
< CONFIG_AX25_DAMA_SLAVE=y
< CONFIG_NETROM=m
< CONFIG_ROSE=m
---
> CONFIG_IOSCHED_NOOP=y
> CONFIG_IOSCHED_DEADLINE=y
> CONFIG_IOSCHED_CFQ=y
> # CONFIG_DEFAULT_DEADLINE is not set
> CONFIG_DEFAULT_CFQ=y
> # CONFIG_DEFAULT_NOOP is not set
> CONFIG_DEFAULT_IOSCHED="cfq"
> CONFIG_MQ_IOSCHED_DEADLINE=y
> CONFIG_MQ_IOSCHED_KYBER=y
> # CONFIG_IOSCHED_BFQ is not set
> CONFIG_ASN1=y
> CONFIG_UNINLINE_SPIN_UNLOCK=y
> CONFIG_ARCH_SUPPORTS_ATOMIC_RMW=y
> CONFIG_MUTEX_SPIN_ON_OWNER=y
> CONFIG_RWSEM_SPIN_ON_OWNER=y
> CONFIG_LOCK_SPIN_ON_OWNER=y
> CONFIG_FREEZER=y
1273c820
< # AX.25 network device drivers
---
> # Executable file formats
1275,1284c822,829
< CONFIG_MKISS=m
< CONFIG_6PACK=m
< CONFIG_BPQETHER=m
< CONFIG_BAYCOM_SER_FDX=m
< CONFIG_BAYCOM_SER_HDX=m
< CONFIG_BAYCOM_PAR=m
< CONFIG_BAYCOM_EPP=m
< CONFIG_YAM=m
< # CONFIG_CAN is not set
< CONFIG_IRDA=m
---
> CONFIG_BINFMT_ELF=y
> # CONFIG_BINFMT_ELF_FDPIC is not set
> CONFIG_ELFCORE=y
> CONFIG_CORE_DUMP_DEFAULT_ELF_HEADERS=y
> CONFIG_BINFMT_SCRIPT=y
> # CONFIG_BINFMT_FLAT is not set
> CONFIG_BINFMT_MISC=m
> CONFIG_COREDUMP=y
1287c832
< # IrDA protocols
---
> # Memory Management options
1289,1292c834,858
< CONFIG_IRLAN=m
< CONFIG_IRNET=m
< CONFIG_IRCOMM=m
< # CONFIG_IRDA_ULTRA is not set
---
> CONFIG_FLATMEM=y
> CONFIG_FLAT_NODE_MEM_MAP=y
> CONFIG_MEMORY_ISOLATION=y
> CONFIG_SPLIT_PTLOCK_CPUS=4
> CONFIG_COMPACTION=y
> CONFIG_MIGRATION=y
> CONFIG_BOUNCE=y
> # CONFIG_KSM is not set
> CONFIG_DEFAULT_MMAP_MIN_ADDR=4096
> # CONFIG_CLEANCACHE is not set
> # CONFIG_FRONTSWAP is not set
> CONFIG_CMA=y
> # CONFIG_CMA_DEBUG is not set
> # CONFIG_CMA_DEBUGFS is not set
> CONFIG_CMA_AREAS=7
> # CONFIG_ZPOOL is not set
> # CONFIG_ZBUD is not set
> # CONFIG_ZSMALLOC is not set
> CONFIG_GENERIC_EARLY_IOREMAP=y
> # CONFIG_IDLE_PAGE_TRACKING is not set
> CONFIG_FRAME_VECTOR=y
> # CONFIG_PERCPU_STATS is not set
> # CONFIG_GUP_BENCHMARK is not set
> CONFIG_NET=y
> CONFIG_NET_INGRESS=y
1295c861
< # IrDA options
---
> # Networking options
1297,1299c863,930
< CONFIG_IRDA_CACHE_LAST_LSAP=y
< CONFIG_IRDA_FAST_RR=y
< # CONFIG_IRDA_DEBUG is not set
---
> CONFIG_PACKET=y
> # CONFIG_PACKET_DIAG is not set
> CONFIG_UNIX=y
> # CONFIG_UNIX_DIAG is not set
> # CONFIG_TLS is not set
> CONFIG_XFRM=y
> # CONFIG_XFRM_USER is not set
> # CONFIG_XFRM_INTERFACE is not set
> # CONFIG_XFRM_SUB_POLICY is not set
> # CONFIG_XFRM_MIGRATE is not set
> # CONFIG_XFRM_STATISTICS is not set
> # CONFIG_NET_KEY is not set
> CONFIG_INET=y
> # CONFIG_IP_MULTICAST is not set
> # CONFIG_IP_ADVANCED_ROUTER is not set
> CONFIG_IP_PNP=y
> CONFIG_IP_PNP_DHCP=y
> # CONFIG_IP_PNP_BOOTP is not set
> # CONFIG_IP_PNP_RARP is not set
> # CONFIG_NET_IPIP is not set
> # CONFIG_NET_IPGRE_DEMUX is not set
> CONFIG_NET_IP_TUNNEL=y
> # CONFIG_SYN_COOKIES is not set
> # CONFIG_NET_FOU is not set
> # CONFIG_NET_FOU_IP_TUNNELS is not set
> # CONFIG_INET_AH is not set
> # CONFIG_INET_ESP is not set
> # CONFIG_INET_IPCOMP is not set
> CONFIG_INET_TUNNEL=y
> # CONFIG_INET_XFRM_MODE_TRANSPORT is not set
> # CONFIG_INET_XFRM_MODE_TUNNEL is not set
> # CONFIG_INET_XFRM_MODE_BEET is not set
> CONFIG_INET_DIAG=y
> CONFIG_INET_TCP_DIAG=y
> # CONFIG_INET_UDP_DIAG is not set
> # CONFIG_INET_RAW_DIAG is not set
> # CONFIG_INET_DIAG_DESTROY is not set
> # CONFIG_TCP_CONG_ADVANCED is not set
> CONFIG_TCP_CONG_CUBIC=y
> CONFIG_DEFAULT_TCP_CONG="cubic"
> # CONFIG_TCP_MD5SIG is not set
> CONFIG_IPV6=y
> # CONFIG_IPV6_ROUTER_PREF is not set
> # CONFIG_IPV6_OPTIMISTIC_DAD is not set
> # CONFIG_INET6_AH is not set
> # CONFIG_INET6_ESP is not set
> # CONFIG_INET6_IPCOMP is not set
> # CONFIG_IPV6_MIP6 is not set
> # CONFIG_IPV6_ILA is not set
> CONFIG_INET6_XFRM_MODE_TRANSPORT=y
> CONFIG_INET6_XFRM_MODE_TUNNEL=y
> CONFIG_INET6_XFRM_MODE_BEET=y
> # CONFIG_INET6_XFRM_MODE_ROUTEOPTIMIZATION is not set
> # CONFIG_IPV6_VTI is not set
> CONFIG_IPV6_SIT=y
> # CONFIG_IPV6_SIT_6RD is not set
> CONFIG_IPV6_NDISC_NODETYPE=y
> # CONFIG_IPV6_TUNNEL is not set
> # CONFIG_IPV6_MULTIPLE_TABLES is not set
> # CONFIG_IPV6_MROUTE is not set
> # CONFIG_IPV6_SEG6_LWTUNNEL is not set
> # CONFIG_IPV6_SEG6_HMAC is not set
> # CONFIG_NETLABEL is not set
> # CONFIG_NETWORK_SECMARK is not set
> CONFIG_NET_PTP_CLASSIFY=y
> # CONFIG_NETWORK_PHY_TIMESTAMPING is not set
> CONFIG_NETFILTER=y
> CONFIG_NETFILTER_ADVANCED=y
1302c933
< # Infrared-port device drivers
---
> # Core Netfilter Configuration
1303a935,945
> CONFIG_NETFILTER_INGRESS=y
> # CONFIG_NETFILTER_NETLINK_ACCT is not set
> # CONFIG_NETFILTER_NETLINK_QUEUE is not set
> # CONFIG_NETFILTER_NETLINK_LOG is not set
> # CONFIG_NETFILTER_NETLINK_OSF is not set
> # CONFIG_NF_CONNTRACK is not set
> # CONFIG_NF_LOG_NETDEV is not set
> # CONFIG_NF_TABLES is not set
> # CONFIG_NETFILTER_XTABLES is not set
> # CONFIG_IP_SET is not set
> # CONFIG_IP_VS is not set
1306c948
< # SIR device drivers
---
> # IP: Netfilter Configuration
1308c950,957
< CONFIG_IRTTY_SIR=m
---
> # CONFIG_NF_SOCKET_IPV4 is not set
> # CONFIG_NF_TPROXY_IPV4 is not set
> # CONFIG_NF_DUP_IPV4 is not set
> # CONFIG_NF_LOG_ARP is not set
> # CONFIG_NF_LOG_IPV4 is not set
> # CONFIG_NF_REJECT_IPV4 is not set
> # CONFIG_IP_NF_IPTABLES is not set
> # CONFIG_IP_NF_ARPTABLES is not set
1311c960
< # Dongle support
---
> # IPv6: Netfilter Configuration
1313,1326c962,1015
< CONFIG_DONGLE=y
< CONFIG_ESI_DONGLE=m
< CONFIG_ACTISYS_DONGLE=m
< CONFIG_TEKRAM_DONGLE=m
< CONFIG_TOIM3232_DONGLE=m
< CONFIG_LITELINK_DONGLE=m
< CONFIG_MA600_DONGLE=m
< CONFIG_GIRBIL_DONGLE=m
< CONFIG_MCP2120_DONGLE=m
< CONFIG_OLD_BELKIN_DONGLE=m
< CONFIG_ACT200L_DONGLE=m
< CONFIG_KINGSUN_DONGLE=m
< CONFIG_KSDAZZLE_DONGLE=m
< CONFIG_KS959_DONGLE=m
---
> # CONFIG_NF_SOCKET_IPV6 is not set
> # CONFIG_NF_TPROXY_IPV6 is not set
> # CONFIG_NF_DUP_IPV6 is not set
> # CONFIG_NF_REJECT_IPV6 is not set
> # CONFIG_NF_LOG_IPV6 is not set
> # CONFIG_IP6_NF_IPTABLES is not set
> # CONFIG_BPFILTER is not set
> # CONFIG_IP_DCCP is not set
> CONFIG_IP_SCTP=m
> # CONFIG_SCTP_DBG_OBJCNT is not set
> CONFIG_SCTP_DEFAULT_COOKIE_HMAC_MD5=y
> # CONFIG_SCTP_DEFAULT_COOKIE_HMAC_SHA1 is not set
> # CONFIG_SCTP_DEFAULT_COOKIE_HMAC_NONE is not set
> CONFIG_SCTP_COOKIE_HMAC_MD5=y
> # CONFIG_SCTP_COOKIE_HMAC_SHA1 is not set
> CONFIG_INET_SCTP_DIAG=m
> # CONFIG_RDS is not set
> # CONFIG_TIPC is not set
> # CONFIG_ATM is not set
> # CONFIG_L2TP is not set
> # CONFIG_BRIDGE is not set
> CONFIG_HAVE_NET_DSA=y
> # CONFIG_NET_DSA is not set
> # CONFIG_VLAN_8021Q is not set
> # CONFIG_DECNET is not set
> # CONFIG_LLC2 is not set
> # CONFIG_ATALK is not set
> # CONFIG_X25 is not set
> # CONFIG_LAPB is not set
> # CONFIG_PHONET is not set
> # CONFIG_6LOWPAN is not set
> # CONFIG_IEEE802154 is not set
> # CONFIG_NET_SCHED is not set
> # CONFIG_DCB is not set
> CONFIG_DNS_RESOLVER=y
> # CONFIG_BATMAN_ADV is not set
> # CONFIG_OPENVSWITCH is not set
> # CONFIG_VSOCKETS is not set
> # CONFIG_NETLINK_DIAG is not set
> # CONFIG_MPLS is not set
> # CONFIG_NET_NSH is not set
> # CONFIG_HSR is not set
> # CONFIG_NET_SWITCHDEV is not set
> # CONFIG_NET_L3_MASTER_DEV is not set
> # CONFIG_NET_NCSI is not set
> CONFIG_RPS=y
> CONFIG_RFS_ACCEL=y
> CONFIG_XPS=y
> # CONFIG_CGROUP_NET_PRIO is not set
> # CONFIG_CGROUP_NET_CLASSID is not set
> CONFIG_NET_RX_BUSY_POLL=y
> CONFIG_BQL=y
> # CONFIG_BPF_JIT is not set
> CONFIG_NET_FLOW_LIMIT=y
1329c1018
< # FIR device drivers
---
> # Network testing
1331,1342c1020,1076
< CONFIG_USB_IRDA=m
< CONFIG_SIGMATEL_FIR=m
< CONFIG_VLSI_FIR=m
< CONFIG_MCS_FIR=m
< CONFIG_BT=m
< CONFIG_BT_RFCOMM=m
< CONFIG_BT_RFCOMM_TTY=y
< CONFIG_BT_BNEP=m
< CONFIG_BT_BNEP_MC_FILTER=y
< CONFIG_BT_BNEP_PROTO_FILTER=y
< CONFIG_BT_CMTP=m
< CONFIG_BT_HIDP=m
---
> # CONFIG_NET_PKTGEN is not set
> # CONFIG_NET_DROP_MONITOR is not set
> # CONFIG_HAMRADIO is not set
> CONFIG_CAN=y
> CONFIG_CAN_RAW=y
> CONFIG_CAN_BCM=y
> CONFIG_CAN_GW=y
> 
> #
> # CAN Device Drivers
> #
> # CONFIG_CAN_VCAN is not set
> # CONFIG_CAN_VXCAN is not set
> # CONFIG_CAN_SLCAN is not set
> CONFIG_CAN_DEV=y
> CONFIG_CAN_CALC_BITTIMING=y
> CONFIG_CAN_FLEXCAN=y
> # CONFIG_CAN_GRCAN is not set
> # CONFIG_CAN_TI_HECC is not set
> # CONFIG_CAN_C_CAN is not set
> # CONFIG_CAN_CC770 is not set
> # CONFIG_CAN_IFI_CANFD is not set
> # CONFIG_CAN_M_CAN is not set
> # CONFIG_CAN_PEAK_PCIEFD is not set
> # CONFIG_CAN_RCAR is not set
> # CONFIG_CAN_RCAR_CANFD is not set
> # CONFIG_CAN_SJA1000 is not set
> # CONFIG_CAN_SOFTING is not set
> 
> #
> # CAN SPI interfaces
> #
> # CONFIG_CAN_HI311X is not set
> # CONFIG_CAN_MCP251X is not set
> 
> #
> # CAN USB interfaces
> #
> # CONFIG_CAN_8DEV_USB is not set
> # CONFIG_CAN_EMS_USB is not set
> # CONFIG_CAN_ESD_USB2 is not set
> # CONFIG_CAN_GS_USB is not set
> # CONFIG_CAN_KVASER_USB is not set
> # CONFIG_CAN_MCBA_USB is not set
> # CONFIG_CAN_PEAK_USB is not set
> # CONFIG_CAN_UCAN is not set
> # CONFIG_CAN_DEBUG_DEVICES is not set
> CONFIG_BT=y
> CONFIG_BT_BREDR=y
> # CONFIG_BT_RFCOMM is not set
> # CONFIG_BT_BNEP is not set
> # CONFIG_BT_HIDP is not set
> CONFIG_BT_HS=y
> CONFIG_BT_LE=y
> # CONFIG_BT_LEDS is not set
> # CONFIG_BT_SELFTEST is not set
> CONFIG_BT_DEBUGFS=y
1347,1349c1081,1084
< CONFIG_BT_HCIBTUSB=m
< CONFIG_BT_HCIBTSDIO=m
< CONFIG_BT_HCIUART=m
---
> # CONFIG_BT_HCIBTUSB is not set
> # CONFIG_BT_HCIBTSDIO is not set
> CONFIG_BT_HCIUART=y
> CONFIG_BT_HCIUART_SERDEV=y
1351,1352c1086,1088
< CONFIG_BT_HCIUART_BCSP=y
< CONFIG_BT_HCIUART_ATH3K=y
---
> # CONFIG_BT_HCIUART_NOKIA is not set
> # CONFIG_BT_HCIUART_BCSP is not set
> # CONFIG_BT_HCIUART_ATH3K is not set
1354,1365c1090,1101
< CONFIG_BT_HCIUART_3WIRE=y
< CONFIG_BT_HCIBCM203X=m
< CONFIG_BT_HCIBPA10X=m
< CONFIG_BT_HCIBFUSB=m
< CONFIG_BT_HCIDTL1=m
< CONFIG_BT_HCIBT3C=m
< CONFIG_BT_HCIBLUECARD=m
< CONFIG_BT_HCIBTUART=m
< CONFIG_BT_HCIVHCI=m
< CONFIG_BT_MRVL=m
< CONFIG_BT_MRVL_SDIO=m
< CONFIG_BT_ATH3K=m
---
> # CONFIG_BT_HCIUART_3WIRE is not set
> # CONFIG_BT_HCIUART_INTEL is not set
> # CONFIG_BT_HCIUART_BCM is not set
> # CONFIG_BT_HCIUART_QCA is not set
> # CONFIG_BT_HCIUART_AG6XX is not set
> # CONFIG_BT_HCIUART_MRVL is not set
> # CONFIG_BT_HCIBCM203X is not set
> # CONFIG_BT_HCIBPA10X is not set
> # CONFIG_BT_HCIBFUSB is not set
> # CONFIG_BT_HCIVHCI is not set
> # CONFIG_BT_MRVL is not set
> # CONFIG_BT_MTKUART is not set
1367c1103
< CONFIG_FIB_RULES=y
---
> # CONFIG_AF_KCM is not set
1369d1104
< CONFIG_WIRELESS_EXT=y
1372,1373c1107
< CONFIG_WEXT_PRIV=y
< CONFIG_CFG80211=m
---
> CONFIG_CFG80211=y
1376d1109
< # CONFIG_CFG80211_REG_DEBUG is not set
1377a1111,1112
> CONFIG_CFG80211_REQUIRE_SIGNED_REGDB=y
> CONFIG_CFG80211_USE_KERNEL_REGDB_KEYS=y
1379c1114,1115
< # CONFIG_CFG80211_INTERNAL_REGDB is not set
---
> # CONFIG_CFG80211_DEBUGFS is not set
> CONFIG_CFG80211_CRDA_SUPPORT=y
1381,1383c1117
< CONFIG_LIB80211=m
< # CONFIG_LIB80211_DEBUG is not set
< CONFIG_MAC80211=m
---
> CONFIG_MAC80211=y
1385d1118
< # CONFIG_MAC80211_RC_PID is not set
1387d1119
< CONFIG_MAC80211_RC_MINSTREL_HT=y
1390,1391c1122,1124
< CONFIG_MAC80211_MESH=y
< CONFIG_MAC80211_LEDS=y
---
> # CONFIG_MAC80211_MESH is not set
> # CONFIG_MAC80211_LEDS is not set
> # CONFIG_MAC80211_DEBUGFS is not set
1393a1127
> CONFIG_MAC80211_STA_HASH_MAX_SIZE=0
1395c1129
< CONFIG_RFKILL=m
---
> CONFIG_RFKILL=y
1398,1403c1132,1133
< # CONFIG_RFKILL_REGULATOR is not set
< CONFIG_RFKILL_GPIO=m
< CONFIG_NET_9P=m
< CONFIG_NET_9P_VIRTIO=m
< CONFIG_NET_9P_RDMA=m
< # CONFIG_NET_9P_DEBUG is not set
---
> # CONFIG_RFKILL_GPIO is not set
> # CONFIG_NET_9P is not set
1405,1427c1135,1145
< CONFIG_CEPH_LIB=m
< # CONFIG_CEPH_LIB_PRETTYDEBUG is not set
< # CONFIG_CEPH_LIB_USE_DNS_RESOLVER is not set
< CONFIG_NFC=m
< CONFIG_NFC_DIGITAL=m
< CONFIG_NFC_NCI=m
< # CONFIG_NFC_NCI_SPI is not set
< CONFIG_NFC_HCI=m
< CONFIG_NFC_SHDLC=y
< 
< #
< # Near Field Communication (NFC) devices
< #
< CONFIG_NFC_PN533=m
< CONFIG_NFC_SIM=m
< CONFIG_NFC_PORT100=m
< CONFIG_NFC_PN544=m
< CONFIG_NFC_PN544_I2C=m
< CONFIG_NFC_MICROREAD=m
< CONFIG_NFC_MICROREAD_I2C=m
< CONFIG_NFC_MRVL=m
< CONFIG_NFC_MRVL_USB=m
< CONFIG_HAVE_BPF_JIT=y
---
> # CONFIG_CEPH_LIB is not set
> # CONFIG_NFC is not set
> # CONFIG_PSAMPLE is not set
> # CONFIG_NET_IFE is not set
> # CONFIG_LWTUNNEL is not set
> CONFIG_DST_CACHE=y
> CONFIG_GRO_CELLS=y
> # CONFIG_NET_DEVLINK is not set
> CONFIG_MAY_USE_DEVLINK=y
> # CONFIG_FAILOVER is not set
> CONFIG_HAVE_EBPF_JIT=y
1435a1154
> CONFIG_UEVENT_HELPER=y
1440a1160,1163
> 
> #
> # Firmware loader
> #
1442d1164
< # CONFIG_FIRMWARE_IN_KERNEL is not set
1444c1166,1170
< # CONFIG_FW_LOADER_USER_HELPER is not set
---
> CONFIG_FW_LOADER_USER_HELPER=y
> CONFIG_FW_LOADER_USER_HELPER_FALLBACK=y
> CONFIG_WANT_DEV_COREDUMP=y
> CONFIG_ALLOW_DEV_COREDUMP=y
> CONFIG_DEV_COREDUMP=y
1446,1448c1172,1175
< CONFIG_DEBUG_DEVRES=y
< # CONFIG_SYS_HYPERVISOR is not set
< # CONFIG_GENERIC_CPU_DEVICES is not set
---
> # CONFIG_DEBUG_DEVRES is not set
> # CONFIG_DEBUG_TEST_DRIVER_REMOVE is not set
> # CONFIG_TEST_ASYNC_DRIVER_PROBE is not set
> CONFIG_GENERIC_CPU_AUTOPROBE=y
1450a1178
> CONFIG_REGMAP_AC97=y
1455a1184
> # CONFIG_DMA_FENCE_TRACE is not set
1461c1190
< CONFIG_CMA_SIZE_MBYTES=256
---
> CONFIG_CMA_SIZE_MBYTES=64
1466a1196
> CONFIG_GENERIC_ARCH_TOPOLOGY=y
1471,1472c1201,1204
< # CONFIG_IMX_WEIM is not set
< # CONFIG_ARM_CCI is not set
---
> # CONFIG_BRCMSTB_GISB_ARB is not set
> CONFIG_IMX_WEIM=y
> # CONFIG_SIMPLE_PM_BUS is not set
> # CONFIG_VEXPRESS_CONFIG is not set
1475c1207,1320
< # CONFIG_MTD is not set
---
> # CONFIG_GNSS is not set
> CONFIG_MTD=y
> # CONFIG_MTD_TESTS is not set
> # CONFIG_MTD_REDBOOT_PARTS is not set
> CONFIG_MTD_CMDLINE_PARTS=y
> # CONFIG_MTD_AFS_PARTS is not set
> CONFIG_MTD_OF_PARTS=y
> # CONFIG_MTD_AR7_PARTS is not set
> 
> #
> # Partition parsers
> #
> 
> #
> # User Modules And Translation Layers
> #
> CONFIG_MTD_BLKDEVS=y
> CONFIG_MTD_BLOCK=y
> # CONFIG_FTL is not set
> # CONFIG_NFTL is not set
> # CONFIG_INFTL is not set
> # CONFIG_RFD_FTL is not set
> # CONFIG_SSFDC is not set
> # CONFIG_SM_FTL is not set
> # CONFIG_MTD_OOPS is not set
> # CONFIG_MTD_SWAP is not set
> # CONFIG_MTD_PARTITIONED_MASTER is not set
> 
> #
> # RAM/ROM/Flash chip drivers
> #
> CONFIG_MTD_CFI=y
> CONFIG_MTD_JEDECPROBE=y
> CONFIG_MTD_GEN_PROBE=y
> # CONFIG_MTD_CFI_ADV_OPTIONS is not set
> CONFIG_MTD_MAP_BANK_WIDTH_1=y
> CONFIG_MTD_MAP_BANK_WIDTH_2=y
> CONFIG_MTD_MAP_BANK_WIDTH_4=y
> CONFIG_MTD_CFI_I1=y
> CONFIG_MTD_CFI_I2=y
> CONFIG_MTD_CFI_INTELEXT=y
> CONFIG_MTD_CFI_AMDSTD=y
> CONFIG_MTD_CFI_STAA=y
> CONFIG_MTD_CFI_UTIL=y
> # CONFIG_MTD_RAM is not set
> # CONFIG_MTD_ROM is not set
> # CONFIG_MTD_ABSENT is not set
> 
> #
> # Mapping drivers for chip access
> #
> # CONFIG_MTD_COMPLEX_MAPPINGS is not set
> # CONFIG_MTD_PHYSMAP is not set
> CONFIG_MTD_PHYSMAP_OF=y
> # CONFIG_MTD_PHYSMAP_OF_VERSATILE is not set
> # CONFIG_MTD_PHYSMAP_OF_GEMINI is not set
> # CONFIG_MTD_IMPA7 is not set
> # CONFIG_MTD_INTEL_VR_NOR is not set
> # CONFIG_MTD_PLATRAM is not set
> 
> #
> # Self-contained MTD device drivers
> #
> # CONFIG_MTD_PMC551 is not set
> CONFIG_MTD_DATAFLASH=y
> # CONFIG_MTD_DATAFLASH_WRITE_VERIFY is not set
> # CONFIG_MTD_DATAFLASH_OTP is not set
> CONFIG_MTD_M25P80=y
> # CONFIG_MTD_MCHP23K256 is not set
> CONFIG_MTD_SST25L=y
> # CONFIG_MTD_SLRAM is not set
> # CONFIG_MTD_PHRAM is not set
> # CONFIG_MTD_MTDRAM is not set
> # CONFIG_MTD_BLOCK2MTD is not set
> 
> #
> # Disk-On-Chip Device Drivers
> #
> # CONFIG_MTD_DOCG3 is not set
> # CONFIG_MTD_ONENAND is not set
> CONFIG_MTD_NAND_ECC=y
> # CONFIG_MTD_NAND_ECC_SMC is not set
> CONFIG_MTD_NAND=y
> # CONFIG_MTD_NAND_ECC_BCH is not set
> # CONFIG_MTD_NAND_DENALI_PCI is not set
> # CONFIG_MTD_NAND_DENALI_DT is not set
> # CONFIG_MTD_NAND_GPIO is not set
> # CONFIG_MTD_NAND_RICOH is not set
> # CONFIG_MTD_NAND_DISKONCHIP is not set
> # CONFIG_MTD_NAND_CAFE is not set
> # CONFIG_MTD_NAND_NANDSIM is not set
> CONFIG_MTD_NAND_GPMI_NAND=y
> # CONFIG_MTD_NAND_BRCMNAND is not set
> # CONFIG_MTD_NAND_PLATFORM is not set
> CONFIG_MTD_NAND_VF610_NFC=y
> CONFIG_MTD_NAND_MXC=y
> # CONFIG_MTD_SPI_NAND is not set
> 
> #
> # LPDDR & LPDDR2 PCM memory drivers
> #
> # CONFIG_MTD_LPDDR is not set
> # CONFIG_MTD_LPDDR2_NVM is not set
> CONFIG_MTD_SPI_NOR=y
> # CONFIG_MTD_MT81xx_NOR is not set
> CONFIG_MTD_SPI_NOR_USE_4K_SECTORS=y
> # CONFIG_SPI_CADENCE_QUADSPI is not set
> CONFIG_SPI_FSL_QUADSPI=y
> CONFIG_MTD_UBI=y
> CONFIG_MTD_UBI_WL_THRESHOLD=4096
> CONFIG_MTD_UBI_BEB_LIMIT=20
> CONFIG_MTD_UBI_FASTMAP=y
> # CONFIG_MTD_UBI_GLUEBI is not set
> CONFIG_MTD_UBI_BLOCK=y
1478,1483c1323
< 
< #
< # Device Tree and Open Firmware support
< #
< CONFIG_PROC_DEVICETREE=y
< # CONFIG_OF_SELFTEST is not set
---
> # CONFIG_OF_UNITTEST is not set
1485a1326
> CONFIG_OF_KOBJ=y
1490,1491c1331,1332
< CONFIG_OF_PCI=y
< CONFIG_OF_PCI_IRQ=y
---
> CONFIG_OF_RESERVED_MEM=y
> # CONFIG_OF_OVERLAY is not set
1493,1502c1334
< CONFIG_PARPORT=m
< CONFIG_PARPORT_PC=m
< CONFIG_PARPORT_SERIAL=m
< # CONFIG_PARPORT_PC_FIFO is not set
< # CONFIG_PARPORT_PC_SUPERIO is not set
< CONFIG_PARPORT_PC_PCMCIA=m
< # CONFIG_PARPORT_GSC is not set
< # CONFIG_PARPORT_AX88796 is not set
< CONFIG_PARPORT_1284=y
< CONFIG_PARPORT_NOT_PC=y
---
> # CONFIG_PARPORT is not set
1505c1337
< # CONFIG_PARIDE is not set
---
> CONFIG_CDROM=m
1507,1511c1339
< CONFIG_BLK_CPQ_CISS_DA=m
< CONFIG_CISS_SCSI_TAPE=y
< CONFIG_BLK_DEV_DAC960=m
< CONFIG_BLK_DEV_UMEM=m
< # CONFIG_BLK_DEV_COW_COMMON is not set
---
> # CONFIG_BLK_DEV_UMEM is not set
1517,1519c1345
< CONFIG_BLK_DEV_NBD=m
< CONFIG_BLK_DEV_NVME=m
< CONFIG_BLK_DEV_OSD=m
---
> # CONFIG_BLK_DEV_NBD is not set
1524d1349
< # CONFIG_BLK_DEV_XIP is not set
1528,1531c1353,1354
< CONFIG_ATA_OVER_ETH=m
< # CONFIG_MG_DISK is not set
< CONFIG_VIRTIO_BLK=m
< CONFIG_BLK_DEV_RBD=m
---
> # CONFIG_ATA_OVER_ETH is not set
> # CONFIG_BLK_DEV_RBD is not set
1534a1358,1364
> # NVME Support
> #
> # CONFIG_BLK_DEV_NVME is not set
> # CONFIG_NVME_FC is not set
> # CONFIG_NVME_TARGET is not set
> 
> #
1537d1366
< CONFIG_SENSORS_LIS3LV02D=m
1539d1367
< # CONFIG_ATMEL_PWM is not set
1543,1544c1371
< CONFIG_TIFM_CORE=m
< CONFIG_TIFM_7XX1=m
---
> # CONFIG_TIFM_CORE is not set
1546,1547c1373
< # CONFIG_ATMEL_SSC is not set
< CONFIG_ENCLOSURE_SERVICES=m
---
> # CONFIG_ENCLOSURE_SERVICES is not set
1549,1555c1375,1380
< CONFIG_APDS9802ALS=m
< CONFIG_ISL29003=m
< CONFIG_ISL29020=m
< CONFIG_SENSORS_TSL2550=m
< # CONFIG_SENSORS_BH1780 is not set
< CONFIG_SENSORS_BH1770=m
< CONFIG_SENSORS_APDS990X=m
---
> # CONFIG_APDS9802ALS is not set
> # CONFIG_ISL29003 is not set
> # CONFIG_ISL29020 is not set
> # CONFIG_SENSORS_TSL2550 is not set
> # CONFIG_SENSORS_BH1770 is not set
> # CONFIG_SENSORS_APDS990X is not set
1558,1561d1382
< # CONFIG_TI_DAC7512 is not set
< # CONFIG_BMP085_I2C is not set
< # CONFIG_BMP085_SPI is not set
< # CONFIG_PCH_PHUB is not set
1564a1386,1387
> CONFIG_SRAM_EXEC=y
> # CONFIG_PCI_ENDPOINT_TEST is not set
1570,1574c1393,1397
< CONFIG_EEPROM_AT24=m
< # CONFIG_EEPROM_AT25 is not set
< CONFIG_EEPROM_LEGACY=m
< CONFIG_EEPROM_MAX6875=m
< CONFIG_EEPROM_93CX6=m
---
> CONFIG_EEPROM_AT24=y
> CONFIG_EEPROM_AT25=y
> # CONFIG_EEPROM_LEGACY is not set
> # CONFIG_EEPROM_MAX6875 is not set
> # CONFIG_EEPROM_93CX6 is not set
1576,1578c1399,1401
< CONFIG_CB710_CORE=m
< # CONFIG_CB710_DEBUG is not set
< CONFIG_CB710_DEBUG_ASSUMPTIONS=y
---
> # CONFIG_EEPROM_IDT_89HPESX is not set
> # CONFIG_EEPROM_EE1004 is not set
> # CONFIG_CB710_CORE is not set
1584,1585c1407,1417
< CONFIG_SENSORS_LIS3_SPI=m
< CONFIG_SENSORS_LIS3_I2C=m
---
> # CONFIG_SENSORS_LIS3_SPI is not set
> # CONFIG_SENSORS_LIS3_I2C is not set
> # CONFIG_ALTERA_STAPL is not set
> 
> #
> # Intel MIC & related support
> #
> 
> #
> # Intel MIC Bus Driver
> #
1588c1420,1424
< # Altera FPGA firmware download module
---
> # SCIF Bus Driver
> #
> 
> #
> # VOP Bus Driver
1590d1425
< CONFIG_ALTERA_STAPL=m
1598a1434,1448
> 
> #
> # SCIF Driver
> #
> 
> #
> # Intel MIC Coprocessor State Management (COSM) Drivers
> #
> 
> #
> # VOP Driver
> #
> # CONFIG_ECHO is not set
> # CONFIG_MISC_RTSX_PCI is not set
> # CONFIG_MISC_RTSX_USB is not set
1606c1456
< CONFIG_RAID_ATTRS=m
---
> # CONFIG_RAID_ATTRS is not set
1609,1610c1459
< CONFIG_SCSI_TGT=m
< CONFIG_SCSI_NETLINK=y
---
> CONFIG_SCSI_MQ_DEFAULT=y
1617,1624c1466,1470
< CONFIG_CHR_DEV_ST=m
< CONFIG_CHR_DEV_OSST=m
< CONFIG_BLK_DEV_SR=y
< CONFIG_BLK_DEV_SR_VENDOR=y
< CONFIG_CHR_DEV_SG=y
< CONFIG_CHR_DEV_SCH=m
< CONFIG_SCSI_ENCLOSURE=m
< CONFIG_SCSI_MULTI_LUN=y
---
> # CONFIG_CHR_DEV_ST is not set
> # CONFIG_CHR_DEV_OSST is not set
> # CONFIG_BLK_DEV_SR is not set
> # CONFIG_CHR_DEV_SG is not set
> # CONFIG_CHR_DEV_SCH is not set
1632,1641c1478,1483
< CONFIG_SCSI_SPI_ATTRS=m
< CONFIG_SCSI_FC_ATTRS=m
< CONFIG_SCSI_FC_TGT_ATTRS=y
< CONFIG_SCSI_ISCSI_ATTRS=m
< CONFIG_SCSI_SAS_ATTRS=m
< CONFIG_SCSI_SAS_LIBSAS=m
< CONFIG_SCSI_SAS_ATA=y
< CONFIG_SCSI_SAS_HOST_SMP=y
< CONFIG_SCSI_SRP_ATTRS=m
< CONFIG_SCSI_SRP_TGT_ATTRS=y
---
> # CONFIG_SCSI_SPI_ATTRS is not set
> # CONFIG_SCSI_FC_ATTRS is not set
> # CONFIG_SCSI_ISCSI_ATTRS is not set
> # CONFIG_SCSI_SAS_ATTRS is not set
> # CONFIG_SCSI_SAS_LIBSAS is not set
> # CONFIG_SCSI_SRP_ATTRS is not set
1643,1652c1485,1486
< # CONFIG_SCSI_LOWLEVEL_PCMCIA is not set
< CONFIG_SCSI_DH=y
< CONFIG_SCSI_DH_RDAC=m
< CONFIG_SCSI_DH_HP_SW=m
< CONFIG_SCSI_DH_EMC=m
< CONFIG_SCSI_DH_ALUA=m
< CONFIG_SCSI_OSD_INITIATOR=m
< CONFIG_SCSI_OSD_ULD=m
< CONFIG_SCSI_OSD_DPRINT_SENSE=1
< # CONFIG_SCSI_OSD_DEBUG is not set
---
> # CONFIG_SCSI_DH is not set
> # CONFIG_SCSI_OSD_INITIATOR is not set
1654d1487
< # CONFIG_ATA_NONSTANDARD is not set
1661c1494
< CONFIG_SATA_AHCI=y
---
> # CONFIG_SATA_AHCI is not set
1664,1666c1497,1501
< CONFIG_SATA_INIC162X=m
< CONFIG_SATA_ACARD_AHCI=m
< CONFIG_SATA_SIL24=m
---
> # CONFIG_AHCI_CEVA is not set
> # CONFIG_AHCI_QORIQ is not set
> # CONFIG_SATA_INIC162X is not set
> # CONFIG_SATA_ACARD_AHCI is not set
> # CONFIG_SATA_SIL24 is not set
1672,1674c1507,1509
< CONFIG_PDC_ADMA=m
< CONFIG_SATA_QSTOR=m
< CONFIG_SATA_SX4=m
---
> # CONFIG_PDC_ADMA is not set
> # CONFIG_SATA_QSTOR is not set
> # CONFIG_SATA_SX4 is not set
1680,1689c1515,1525
< CONFIG_ATA_PIIX=y
< CONFIG_SATA_MV=m
< CONFIG_SATA_NV=m
< CONFIG_SATA_PROMISE=m
< CONFIG_SATA_SIL=m
< CONFIG_SATA_SIS=m
< CONFIG_SATA_SVW=m
< CONFIG_SATA_ULI=m
< CONFIG_SATA_VIA=m
< CONFIG_SATA_VITESSE=m
---
> # CONFIG_ATA_PIIX is not set
> # CONFIG_SATA_DWC is not set
> # CONFIG_SATA_MV is not set
> # CONFIG_SATA_NV is not set
> # CONFIG_SATA_PROMISE is not set
> # CONFIG_SATA_SIL is not set
> # CONFIG_SATA_SIS is not set
> # CONFIG_SATA_SVW is not set
> # CONFIG_SATA_ULI is not set
> # CONFIG_SATA_VIA is not set
> # CONFIG_SATA_VITESSE is not set
1694,1718c1530,1553
< CONFIG_PATA_ALI=m
< CONFIG_PATA_AMD=m
< CONFIG_PATA_ARTOP=m
< CONFIG_PATA_ATIIXP=m
< CONFIG_PATA_ATP867X=m
< CONFIG_PATA_CMD64X=m
< CONFIG_PATA_CYPRESS=m
< CONFIG_PATA_EFAR=m
< CONFIG_PATA_HPT366=m
< CONFIG_PATA_HPT37X=m
< CONFIG_PATA_HPT3X2N=m
< CONFIG_PATA_HPT3X3=m
< # CONFIG_PATA_HPT3X3_DMA is not set
< # CONFIG_PATA_IMX is not set
< CONFIG_PATA_IT8213=m
< CONFIG_PATA_IT821X=m
< CONFIG_PATA_JMICRON=m
< CONFIG_PATA_MARVELL=m
< CONFIG_PATA_NETCELL=m
< CONFIG_PATA_NINJA32=m
< CONFIG_PATA_NS87415=m
< CONFIG_PATA_OLDPIIX=m
< CONFIG_PATA_OPTIDMA=m
< CONFIG_PATA_PDC2027X=m
< CONFIG_PATA_PDC_OLD=m
---
> # CONFIG_PATA_ALI is not set
> # CONFIG_PATA_AMD is not set
> # CONFIG_PATA_ARTOP is not set
> # CONFIG_PATA_ATIIXP is not set
> # CONFIG_PATA_ATP867X is not set
> # CONFIG_PATA_CMD64X is not set
> # CONFIG_PATA_CYPRESS is not set
> # CONFIG_PATA_EFAR is not set
> # CONFIG_PATA_HPT366 is not set
> # CONFIG_PATA_HPT37X is not set
> # CONFIG_PATA_HPT3X2N is not set
> # CONFIG_PATA_HPT3X3 is not set
> CONFIG_PATA_IMX=y
> # CONFIG_PATA_IT8213 is not set
> # CONFIG_PATA_IT821X is not set
> # CONFIG_PATA_JMICRON is not set
> # CONFIG_PATA_MARVELL is not set
> # CONFIG_PATA_NETCELL is not set
> # CONFIG_PATA_NINJA32 is not set
> # CONFIG_PATA_NS87415 is not set
> # CONFIG_PATA_OLDPIIX is not set
> # CONFIG_PATA_OPTIDMA is not set
> # CONFIG_PATA_PDC2027X is not set
> # CONFIG_PATA_PDC_OLD is not set
1720,1728c1555,1563
< CONFIG_PATA_RDC=m
< CONFIG_PATA_SCH=m
< CONFIG_PATA_SERVERWORKS=m
< CONFIG_PATA_SIL680=m
< CONFIG_PATA_SIS=m
< CONFIG_PATA_TOSHIBA=m
< CONFIG_PATA_TRIFLEX=m
< CONFIG_PATA_VIA=m
< CONFIG_PATA_WINBOND=m
---
> # CONFIG_PATA_RDC is not set
> # CONFIG_PATA_SCH is not set
> # CONFIG_PATA_SERVERWORKS is not set
> # CONFIG_PATA_SIL680 is not set
> # CONFIG_PATA_SIS is not set
> # CONFIG_PATA_TOSHIBA is not set
> # CONFIG_PATA_TRIFLEX is not set
> # CONFIG_PATA_VIA is not set
> # CONFIG_PATA_WINBOND is not set
1733,1737c1568,1571
< CONFIG_PATA_CMD640_PCI=m
< CONFIG_PATA_MPIIX=m
< CONFIG_PATA_NS87410=m
< CONFIG_PATA_OPTI=m
< CONFIG_PATA_PCMCIA=m
---
> # CONFIG_PATA_CMD640_PCI is not set
> # CONFIG_PATA_MPIIX is not set
> # CONFIG_PATA_NS87410 is not set
> # CONFIG_PATA_OPTI is not set
1744c1578
< CONFIG_ATA_GENERIC=m
---
> # CONFIG_ATA_GENERIC is not set
1746,1798c1580,1582
< CONFIG_MD=y
< CONFIG_BLK_DEV_MD=y
< CONFIG_MD_AUTODETECT=y
< CONFIG_MD_LINEAR=m
< CONFIG_MD_RAID0=m
< CONFIG_MD_RAID1=m
< CONFIG_MD_RAID10=m
< CONFIG_MD_RAID456=m
< CONFIG_MD_MULTIPATH=m
< CONFIG_MD_FAULTY=m
< CONFIG_BCACHE=m
< # CONFIG_BCACHE_DEBUG is not set
< # CONFIG_BCACHE_CLOSURES_DEBUG is not set
< CONFIG_BLK_DEV_DM_BUILTIN=y
< CONFIG_BLK_DEV_DM=y
< CONFIG_DM_DEBUG=y
< CONFIG_DM_BUFIO=y
< CONFIG_DM_BIO_PRISON=m
< CONFIG_DM_PERSISTENT_DATA=m
< # CONFIG_DM_DEBUG_BLOCK_STACK_TRACING is not set
< CONFIG_DM_CRYPT=m
< CONFIG_DM_SNAPSHOT=y
< CONFIG_DM_THIN_PROVISIONING=m
< CONFIG_DM_CACHE=m
< CONFIG_DM_CACHE_MQ=m
< CONFIG_DM_CACHE_CLEANER=m
< CONFIG_DM_MIRROR=y
< CONFIG_DM_LOG_USERSPACE=m
< CONFIG_DM_RAID=m
< CONFIG_DM_ZERO=y
< CONFIG_DM_MULTIPATH=m
< CONFIG_DM_MULTIPATH_QL=m
< CONFIG_DM_MULTIPATH_ST=m
< CONFIG_DM_DELAY=m
< CONFIG_DM_UEVENT=y
< CONFIG_DM_FLAKEY=m
< CONFIG_DM_VERITY=m
< CONFIG_DM_SWITCH=m
< CONFIG_TARGET_CORE=m
< CONFIG_TCM_IBLOCK=m
< CONFIG_TCM_FILEIO=m
< CONFIG_TCM_PSCSI=m
< CONFIG_LOOPBACK_TARGET=m
< CONFIG_ISCSI_TARGET=m
< CONFIG_SBP_TARGET=m
< CONFIG_FUSION=y
< CONFIG_FUSION_SPI=m
< CONFIG_FUSION_FC=m
< CONFIG_FUSION_SAS=m
< CONFIG_FUSION_MAX_SGE=40
< CONFIG_FUSION_CTL=m
< CONFIG_FUSION_LAN=m
< CONFIG_FUSION_LOGGING=y
---
> # CONFIG_MD is not set
> # CONFIG_TARGET_CORE is not set
> # CONFIG_FUSION is not set
1803,1808c1587,1588
< CONFIG_FIREWIRE=m
< CONFIG_FIREWIRE_OHCI=m
< CONFIG_FIREWIRE_SBP2=m
< CONFIG_FIREWIRE_NET=m
< CONFIG_FIREWIRE_NOSY=m
< # CONFIG_I2O is not set
---
> # CONFIG_FIREWIRE is not set
> # CONFIG_FIREWIRE_NOSY is not set
1810c1590
< CONFIG_MII=m
---
> CONFIG_MII=y
1812,1835c1592,1605
< CONFIG_BONDING=m
< CONFIG_DUMMY=m
< CONFIG_EQUALIZER=m
< CONFIG_NET_FC=y
< CONFIG_IFB=m
< CONFIG_NET_TEAM=m
< CONFIG_NET_TEAM_MODE_BROADCAST=m
< CONFIG_NET_TEAM_MODE_ROUNDROBIN=m
< CONFIG_NET_TEAM_MODE_RANDOM=m
< CONFIG_NET_TEAM_MODE_ACTIVEBACKUP=m
< CONFIG_NET_TEAM_MODE_LOADBALANCE=m
< CONFIG_MACVLAN=m
< CONFIG_MACVTAP=m
< CONFIG_VXLAN=m
< CONFIG_NETCONSOLE=m
< CONFIG_NETCONSOLE_DYNAMIC=y
< CONFIG_NETPOLL=y
< CONFIG_NETPOLL_TRAP=y
< CONFIG_NET_POLL_CONTROLLER=y
< CONFIG_TUN=m
< CONFIG_VETH=m
< CONFIG_VIRTIO_NET=m
< CONFIG_NLMON=m
< CONFIG_SUNGEM_PHY=m
---
> # CONFIG_BONDING is not set
> # CONFIG_DUMMY is not set
> # CONFIG_EQUALIZER is not set
> # CONFIG_NET_FC is not set
> # CONFIG_NET_TEAM is not set
> # CONFIG_MACVLAN is not set
> # CONFIG_IPVLAN is not set
> # CONFIG_VXLAN is not set
> # CONFIG_MACSEC is not set
> # CONFIG_NETCONSOLE is not set
> # CONFIG_TUN is not set
> # CONFIG_TUN_VNET_CROSS_LE is not set
> # CONFIG_VETH is not set
> # CONFIG_NLMON is not set
1837,1852d1606
< CONFIG_ATM_DRIVERS=y
< # CONFIG_ATM_DUMMY is not set
< CONFIG_ATM_TCP=m
< # CONFIG_ATM_LANAI is not set
< CONFIG_ATM_ENI=m
< # CONFIG_ATM_ENI_DEBUG is not set
< # CONFIG_ATM_ENI_TUNE_BURST is not set
< CONFIG_ATM_NICSTAR=m
< # CONFIG_ATM_NICSTAR_USE_SUNI is not set
< # CONFIG_ATM_NICSTAR_USE_IDT77105 is not set
< # CONFIG_ATM_IDT77252 is not set
< # CONFIG_ATM_IA is not set
< # CONFIG_ATM_FORE200E is not set
< CONFIG_ATM_HE=m
< # CONFIG_ATM_HE_USE_SUNI is not set
< CONFIG_ATM_SOLOS=m
1861,1865d1614
< CONFIG_NET_DSA_MV88E6XXX=m
< CONFIG_NET_DSA_MV88E6060=m
< CONFIG_NET_DSA_MV88E6XXX_NEED_PPU=y
< CONFIG_NET_DSA_MV88E6131=m
< CONFIG_NET_DSA_MV88E6123_61_65=m
1867d1615
< CONFIG_MDIO=m
1869,1872c1617,1618
< CONFIG_PCMCIA_3C574=m
< CONFIG_PCMCIA_3C589=m
< CONFIG_VORTEX=m
< CONFIG_TYPHOON=m
---
> # CONFIG_VORTEX is not set
> # CONFIG_TYPHOON is not set
1874c1620,1624
< CONFIG_ADAPTEC_STARFIRE=m
---
> # CONFIG_ADAPTEC_STARFIRE is not set
> CONFIG_NET_VENDOR_AGERE=y
> # CONFIG_ET131X is not set
> CONFIG_NET_VENDOR_ALACRITECH=y
> # CONFIG_SLICOSS is not set
1876,1877c1626,1629
< CONFIG_ACENIC=m
< # CONFIG_ACENIC_OMIT_TIGON_I is not set
---
> # CONFIG_ACENIC is not set
> # CONFIG_ALTERA_TSE is not set
> CONFIG_NET_VENDOR_AMAZON=y
> # CONFIG_ENA_ETHERNET is not set
1879,1881c1631,1633
< CONFIG_AMD8111_ETH=m
< CONFIG_PCNET32=m
< CONFIG_PCMCIA_NMCLAN=m
---
> # CONFIG_AMD8111_ETH is not set
> # CONFIG_PCNET32 is not set
> CONFIG_NET_VENDOR_AQUANTIA=y
1883d1634
< CONFIG_ARC_EMAC=m
1885,1892c1636,1642
< CONFIG_ATL2=m
< CONFIG_ATL1=m
< CONFIG_ATL1E=m
< CONFIG_ATL1C=m
< CONFIG_ALX=m
< CONFIG_NET_CADENCE=y
< CONFIG_ARM_AT91_ETHER=m
< CONFIG_MACB=m
---
> # CONFIG_ATL2 is not set
> # CONFIG_ATL1 is not set
> # CONFIG_ATL1E is not set
> # CONFIG_ATL1C is not set
> # CONFIG_ALX is not set
> CONFIG_NET_VENDOR_AURORA=y
> # CONFIG_AURORA_NB8800 is not set
1895,1896c1645,1648
< CONFIG_BNA=m
< CONFIG_NET_CALXEDA_XGMAC=m
---
> # CONFIG_BNA is not set
> CONFIG_NET_VENDOR_CADENCE=y
> # CONFIG_MACB is not set
> CONFIG_NET_VENDOR_CAVIUM=y
1898,1903c1650,1656
< CONFIG_CHELSIO_T1=m
< CONFIG_CHELSIO_T1_1G=y
< CONFIG_CHELSIO_T3=m
< CONFIG_CHELSIO_T4=m
< CONFIG_CHELSIO_T4VF=m
< # CONFIG_NET_VENDOR_CIRRUS is not set
---
> # CONFIG_CHELSIO_T1 is not set
> # CONFIG_CHELSIO_T3 is not set
> # CONFIG_CHELSIO_T4 is not set
> # CONFIG_CHELSIO_T4VF is not set
> CONFIG_NET_VENDOR_CIRRUS=y
> CONFIG_CS89x0=y
> CONFIG_CS89x0_PLATFORM=y
1905c1658,1660
< CONFIG_ENIC=m
---
> # CONFIG_ENIC is not set
> CONFIG_NET_VENDOR_CORTINA=y
> # CONFIG_GEMINI_ETHERNET is not set
1907c1662
< CONFIG_DNET=m
---
> # CONFIG_DNET is not set
1909,1919c1664
< CONFIG_NET_TULIP=y
< CONFIG_DE2104X=m
< CONFIG_DE2104X_DSL=0
< CONFIG_TULIP=m
< # CONFIG_TULIP_MWI is not set
< CONFIG_TULIP_MMIO=y
< # CONFIG_TULIP_NAPI is not set
< CONFIG_WINBOND_840=m
< CONFIG_DM9102=m
< CONFIG_ULI526X=m
< CONFIG_PCMCIA_XIRCOM=m
---
> # CONFIG_NET_TULIP is not set
1921,1923c1666,1667
< CONFIG_DL2K=m
< CONFIG_SUNDANCE=m
< # CONFIG_SUNDANCE_MMIO is not set
---
> # CONFIG_DL2K is not set
> # CONFIG_SUNDANCE is not set
1925,1929c1669,1671
< CONFIG_BE2NET=m
< CONFIG_NET_VENDOR_EXAR=y
< CONFIG_S2IO=m
< CONFIG_VXGE=m
< # CONFIG_VXGE_DEBUG_TRACE_ALL is not set
---
> # CONFIG_BE2NET is not set
> CONFIG_NET_VENDOR_EZCHIP=y
> # CONFIG_EZCHIP_NPS_MANAGEMENT_ENET is not set
1933,1958c1675,1691
< # CONFIG_NET_VENDOR_FUJITSU is not set
< # CONFIG_NET_VENDOR_HP is not set
< CONFIG_NET_VENDOR_INTEL=y
< CONFIG_E100=m
< CONFIG_E1000=m
< CONFIG_E1000E=m
< CONFIG_IGB=m
< CONFIG_IGB_HWMON=y
< CONFIG_IGBVF=m
< CONFIG_IXGB=m
< CONFIG_IXGBE=m
< CONFIG_IXGBE_HWMON=y
< CONFIG_IXGBE_DCB=y
< CONFIG_IXGBEVF=m
< CONFIG_I40E=m
< # CONFIG_I40E_VXLAN is not set
< # CONFIG_I40E_DCB is not set
< # CONFIG_I40EVF is not set
< # CONFIG_NET_VENDOR_I825XX is not set
< # CONFIG_IP1000 is not set
< CONFIG_JME=m
< CONFIG_NET_VENDOR_MARVELL=y
< CONFIG_MVMDIO=m
< CONFIG_SKGE=m
< CONFIG_SKGE_GENESIS=y
< CONFIG_SKY2=m
---
> # CONFIG_FSL_PQ_MDIO is not set
> # CONFIG_FSL_XGMAC_MDIO is not set
> # CONFIG_GIANFAR is not set
> CONFIG_NET_VENDOR_HISILICON=y
> # CONFIG_HIX5HD2_GMAC is not set
> # CONFIG_HISI_FEMAC is not set
> # CONFIG_HIP04_ETH is not set
> # CONFIG_HNS is not set
> # CONFIG_HNS_DSAF is not set
> # CONFIG_HNS_ENET is not set
> # CONFIG_HNS3 is not set
> CONFIG_NET_VENDOR_HP=y
> # CONFIG_HP100 is not set
> CONFIG_NET_VENDOR_HUAWEI=y
> # CONFIG_NET_VENDOR_INTEL is not set
> # CONFIG_JME is not set
> # CONFIG_NET_VENDOR_MARVELL is not set
1961,1970c1694,1699
< CONFIG_MLX4_CORE=m
< CONFIG_MLX4_DEBUG=y
< CONFIG_MLX5_CORE=m
< CONFIG_NET_VENDOR_MICREL=y
< # CONFIG_KS8842 is not set
< # CONFIG_KS8851 is not set
< # CONFIG_KS8851_MLL is not set
< CONFIG_KSZ884X_PCI=m
< CONFIG_NET_VENDOR_MICROCHIP=y
< # CONFIG_ENC28J60 is not set
---
> # CONFIG_MLX5_CORE is not set
> # CONFIG_MLXSW_CORE is not set
> # CONFIG_MLXFW is not set
> # CONFIG_NET_VENDOR_MICREL is not set
> # CONFIG_NET_VENDOR_MICROCHIP is not set
> CONFIG_NET_VENDOR_MICROSEMI=y
1972,1981c1701,1710
< CONFIG_MYRI10GE=m
< CONFIG_FEALNX=m
< CONFIG_NET_VENDOR_NATSEMI=y
< CONFIG_NATSEMI=m
< CONFIG_NS83820=m
< CONFIG_NET_VENDOR_8390=y
< CONFIG_PCMCIA_AXNET=m
< # CONFIG_AX88796 is not set
< CONFIG_NE2K_PCI=m
< CONFIG_PCMCIA_PCNET=m
---
> # CONFIG_MYRI10GE is not set
> # CONFIG_FEALNX is not set
> # CONFIG_NET_VENDOR_NATSEMI is not set
> CONFIG_NET_VENDOR_NETERION=y
> # CONFIG_S2IO is not set
> # CONFIG_VXGE is not set
> CONFIG_NET_VENDOR_NETRONOME=y
> # CONFIG_NFP is not set
> CONFIG_NET_VENDOR_NI=y
> # CONFIG_NI_XGE_MANAGEMENT_ENET is not set
1983c1712
< CONFIG_FORCEDETH=m
---
> # CONFIG_FORCEDETH is not set
1986,1988c1715,1717
< CONFIG_NET_PACKET_ENGINE=y
< CONFIG_HAMACHI=m
< CONFIG_YELLOWFIN=m
---
> CONFIG_NET_VENDOR_PACKET_ENGINES=y
> # CONFIG_HAMACHI is not set
> # CONFIG_YELLOWFIN is not set
1990,2004c1719,1728
< CONFIG_QLA3XXX=m
< CONFIG_QLCNIC=m
< CONFIG_QLCNIC_SRIOV=y
< CONFIG_QLCNIC_DCB=y
< CONFIG_QLGE=m
< CONFIG_NETXEN_NIC=m
< CONFIG_NET_VENDOR_REALTEK=y
< CONFIG_8139CP=m
< CONFIG_8139TOO=m
< # CONFIG_8139TOO_PIO is not set
< # CONFIG_8139TOO_TUNE_TWISTER is not set
< CONFIG_8139TOO_8129=y
< # CONFIG_8139_OLD_RX_RESET is not set
< CONFIG_R8169=m
< # CONFIG_SH_ETH is not set
---
> # CONFIG_QLA3XXX is not set
> # CONFIG_QLCNIC is not set
> # CONFIG_QLGE is not set
> # CONFIG_NETXEN_NIC is not set
> # CONFIG_QED is not set
> CONFIG_NET_VENDOR_QUALCOMM=y
> # CONFIG_QCA7000_SPI is not set
> # CONFIG_QCA7000_UART is not set
> # CONFIG_QCOM_EMAC is not set
> # CONFIG_RMNET is not set
2006,2007c1730,1742
< CONFIG_R6040=m
< CONFIG_NET_VENDOR_SEEQ=y
---
> # CONFIG_R6040 is not set
> CONFIG_NET_VENDOR_REALTEK=y
> # CONFIG_8139CP is not set
> # CONFIG_8139TOO is not set
> # CONFIG_R8169 is not set
> CONFIG_NET_VENDOR_RENESAS=y
> CONFIG_NET_VENDOR_ROCKER=y
> CONFIG_NET_VENDOR_SAMSUNG=y
> # CONFIG_SXGBE_ETH is not set
> # CONFIG_NET_VENDOR_SEEQ is not set
> CONFIG_NET_VENDOR_SOLARFLARE=y
> # CONFIG_SFC is not set
> # CONFIG_SFC_FALCON is not set
2009c1744
< CONFIG_SC92031=m
---
> # CONFIG_SC92031 is not set
2011,2013c1746,1747
< CONFIG_SIS900=m
< CONFIG_SIS190=m
< # CONFIG_SFC is not set
---
> # CONFIG_SIS900 is not set
> # CONFIG_SIS190 is not set
2015,2022c1749,1755
< # CONFIG_SMC91X is not set
< CONFIG_PCMCIA_SMC91C92=m
< CONFIG_EPIC100=m
< # CONFIG_SMC911X is not set
< # CONFIG_SMSC911X is not set
< CONFIG_SMSC9420=m
< CONFIG_NET_VENDOR_STMICRO=y
< # CONFIG_STMMAC_ETH is not set
---
> CONFIG_SMC91X=y
> # CONFIG_EPIC100 is not set
> CONFIG_SMC911X=y
> CONFIG_SMSC911X=y
> # CONFIG_SMSC9420 is not set
> CONFIG_NET_VENDOR_SOCIONEXT=y
> # CONFIG_NET_VENDOR_STMICRO is not set
2024,2027c1757,1762
< CONFIG_HAPPYMEAL=m
< CONFIG_SUNGEM=m
< CONFIG_CASSINI=m
< CONFIG_NIU=m
---
> # CONFIG_HAPPYMEAL is not set
> # CONFIG_SUNGEM is not set
> # CONFIG_CASSINI is not set
> # CONFIG_NIU is not set
> CONFIG_NET_VENDOR_SYNOPSYS=y
> # CONFIG_DWC_XLGMAC is not set
2029c1764
< CONFIG_TEHUTI=m
---
> # CONFIG_TEHUTI is not set
2031c1766,1767
< CONFIG_TLAN=m
---
> # CONFIG_TI_CPSW_ALE is not set
> # CONFIG_TLAN is not set
2033,2034c1769
< CONFIG_VIA_RHINE=m
< CONFIG_VIA_RHINE_MMIO=y
---
> # CONFIG_VIA_RHINE is not set
2037,2043c1772,1773
< CONFIG_WIZNET_W5100=m
< CONFIG_WIZNET_W5300=m
< # CONFIG_WIZNET_BUS_DIRECT is not set
< # CONFIG_WIZNET_BUS_INDIRECT is not set
< CONFIG_WIZNET_BUS_ANY=y
< CONFIG_NET_VENDOR_XIRCOM=y
< CONFIG_PCMCIA_XIRC2PS=m
---
> # CONFIG_WIZNET_W5100 is not set
> # CONFIG_WIZNET_W5300 is not set
2045a1776,1783
> CONFIG_MDIO_DEVICE=y
> CONFIG_MDIO_BUS=y
> # CONFIG_MDIO_BCM_UNIMAC is not set
> # CONFIG_MDIO_BITBANG is not set
> # CONFIG_MDIO_BUS_MUX_GPIO is not set
> # CONFIG_MDIO_BUS_MUX_MMIOREG is not set
> # CONFIG_MDIO_HISI_FEMAC is not set
> # CONFIG_MDIO_MSCC_MIIM is not set
2046a1785,1786
> CONFIG_SWPHY=y
> # CONFIG_LED_TRIGGER_PHY is not set
2050a1791,1793
> # CONFIG_AMD_PHY is not set
> # CONFIG_AQUANTIA_PHY is not set
> # CONFIG_ASIX_PHY is not set
2052,2067c1795,1804
< CONFIG_AMD_PHY=m
< CONFIG_MARVELL_PHY=m
< CONFIG_DAVICOM_PHY=m
< CONFIG_QSEMI_PHY=m
< CONFIG_LXT_PHY=m
< CONFIG_CICADA_PHY=m
< CONFIG_VITESSE_PHY=m
< CONFIG_SMSC_PHY=m
< CONFIG_BROADCOM_PHY=m
< CONFIG_BCM87XX_PHY=m
< CONFIG_ICPLUS_PHY=m
< CONFIG_REALTEK_PHY=m
< CONFIG_NATIONAL_PHY=m
< CONFIG_STE10XP=m
< CONFIG_LSI_ET1011C_PHY=m
< CONFIG_MICREL_PHY=m
---
> # CONFIG_BCM7XXX_PHY is not set
> # CONFIG_BCM87XX_PHY is not set
> # CONFIG_BROADCOM_PHY is not set
> # CONFIG_CICADA_PHY is not set
> # CONFIG_CORTINA_PHY is not set
> # CONFIG_DAVICOM_PHY is not set
> # CONFIG_DP83822_PHY is not set
> # CONFIG_DP83TC811_PHY is not set
> # CONFIG_DP83848_PHY is not set
> # CONFIG_DP83867_PHY is not set
2069,2072c1806,1825
< CONFIG_MDIO_BITBANG=m
< # CONFIG_MDIO_GPIO is not set
< # CONFIG_MDIO_BUS_MUX_GPIO is not set
< # CONFIG_MDIO_BUS_MUX_MMIOREG is not set
---
> # CONFIG_ICPLUS_PHY is not set
> # CONFIG_INTEL_XWAY_PHY is not set
> # CONFIG_LSI_ET1011C_PHY is not set
> # CONFIG_LXT_PHY is not set
> # CONFIG_MARVELL_PHY is not set
> # CONFIG_MARVELL_10G_PHY is not set
> CONFIG_MICREL_PHY=y
> CONFIG_MICROCHIP_PHY=y
> # CONFIG_MICROCHIP_T1_PHY is not set
> # CONFIG_MICROSEMI_PHY is not set
> # CONFIG_NATIONAL_PHY is not set
> # CONFIG_QSEMI_PHY is not set
> # CONFIG_REALTEK_PHY is not set
> # CONFIG_RENESAS_PHY is not set
> # CONFIG_ROCKCHIP_PHY is not set
> CONFIG_SMSC_PHY=y
> # CONFIG_STE10XP is not set
> # CONFIG_TERANETICS_PHY is not set
> # CONFIG_VITESSE_PHY is not set
> # CONFIG_XILINX_GMII2RGMII is not set
2074,2097c1827,1831
< # CONFIG_PLIP is not set
< CONFIG_PPP=m
< CONFIG_PPP_BSDCOMP=m
< CONFIG_PPP_DEFLATE=m
< CONFIG_PPP_FILTER=y
< CONFIG_PPP_MPPE=m
< CONFIG_PPP_MULTILINK=y
< CONFIG_PPPOATM=m
< CONFIG_PPPOE=m
< CONFIG_PPTP=m
< CONFIG_PPPOL2TP=m
< CONFIG_PPP_ASYNC=m
< CONFIG_PPP_SYNC_TTY=m
< CONFIG_SLIP=m
< CONFIG_SLHC=m
< CONFIG_SLIP_COMPRESSED=y
< CONFIG_SLIP_SMART=y
< # CONFIG_SLIP_MODE_SLIP6 is not set
< 
< #
< # USB Network Adapters
< #
< CONFIG_USB_CATC=m
< CONFIG_USB_KAWETH=m
---
> # CONFIG_PPP is not set
> # CONFIG_SLIP is not set
> CONFIG_USB_NET_DRIVERS=y
> # CONFIG_USB_CATC is not set
> # CONFIG_USB_KAWETH is not set
2100,2104c1834,1839
< CONFIG_USB_RTL8152=m
< CONFIG_USB_USBNET=m
< CONFIG_USB_NET_AX8817X=m
< CONFIG_USB_NET_AX88179_178A=m
< CONFIG_USB_NET_CDCETHER=m
---
> CONFIG_USB_RTL8152=y
> CONFIG_USB_LAN78XX=y
> CONFIG_USB_USBNET=y
> CONFIG_USB_NET_AX8817X=y
> CONFIG_USB_NET_AX88179_178A=y
> CONFIG_USB_NET_CDCETHER=y
2106,2110c1841,1845
< CONFIG_USB_NET_CDC_NCM=m
< CONFIG_USB_NET_HUAWEI_CDC_NCM=m
< CONFIG_USB_NET_CDC_MBIM=m
< CONFIG_USB_NET_DM9601=m
< CONFIG_USB_NET_SR9700=m
---
> CONFIG_USB_NET_CDC_NCM=y
> # CONFIG_USB_NET_HUAWEI_CDC_NCM is not set
> # CONFIG_USB_NET_CDC_MBIM is not set
> # CONFIG_USB_NET_DM9601 is not set
> # CONFIG_USB_NET_SR9700 is not set
2112,2121c1847,1857
< CONFIG_USB_NET_SMSC75XX=m
< CONFIG_USB_NET_SMSC95XX=m
< CONFIG_USB_NET_GL620A=m
< CONFIG_USB_NET_NET1080=m
< CONFIG_USB_NET_PLUSB=m
< CONFIG_USB_NET_MCS7830=m
< CONFIG_USB_NET_RNDIS_HOST=m
< CONFIG_USB_NET_CDC_SUBSET=m
< CONFIG_USB_ALI_M5632=y
< CONFIG_USB_AN2720=y
---
> # CONFIG_USB_NET_SMSC75XX is not set
> CONFIG_USB_NET_SMSC95XX=y
> # CONFIG_USB_NET_GL620A is not set
> CONFIG_USB_NET_NET1080=y
> # CONFIG_USB_NET_PLUSB is not set
> CONFIG_USB_NET_MCS7830=y
> # CONFIG_USB_NET_RNDIS_HOST is not set
> CONFIG_USB_NET_CDC_SUBSET_ENABLE=y
> CONFIG_USB_NET_CDC_SUBSET=y
> # CONFIG_USB_ALI_M5632 is not set
> # CONFIG_USB_AN2720 is not set
2124,2134c1860,1871
< CONFIG_USB_EPSON2888=y
< CONFIG_USB_KC2190=y
< CONFIG_USB_NET_ZAURUS=m
< CONFIG_USB_NET_CX82310_ETH=m
< CONFIG_USB_NET_KALMIA=m
< CONFIG_USB_NET_QMI_WWAN=m
< CONFIG_USB_HSO=m
< CONFIG_USB_NET_INT51X1=m
< CONFIG_USB_IPHETH=m
< CONFIG_USB_SIERRA_NET=m
< CONFIG_USB_VL600=m
---
> # CONFIG_USB_EPSON2888 is not set
> # CONFIG_USB_KC2190 is not set
> CONFIG_USB_NET_ZAURUS=y
> # CONFIG_USB_NET_CX82310_ETH is not set
> # CONFIG_USB_NET_KALMIA is not set
> # CONFIG_USB_NET_QMI_WWAN is not set
> # CONFIG_USB_HSO is not set
> # CONFIG_USB_NET_INT51X1 is not set
> # CONFIG_USB_IPHETH is not set
> # CONFIG_USB_SIERRA_NET is not set
> # CONFIG_USB_VL600 is not set
> # CONFIG_USB_NET_CH9200 is not set
2136,2137c1873,1888
< # CONFIG_PCMCIA_RAYCS is not set
< # CONFIG_LIBERTAS_THINFIRM is not set
---
> # CONFIG_WIRELESS_WDS is not set
> CONFIG_WLAN_VENDOR_ADMTEK=y
> # CONFIG_ADM8211 is not set
> CONFIG_WLAN_VENDOR_ATH=y
> # CONFIG_ATH_DEBUG is not set
> # CONFIG_ATH5K is not set
> # CONFIG_ATH5K_PCI is not set
> # CONFIG_ATH9K is not set
> # CONFIG_ATH9K_HTC is not set
> # CONFIG_CARL9170 is not set
> # CONFIG_ATH6KL is not set
> # CONFIG_AR5523 is not set
> # CONFIG_WIL6210 is not set
> # CONFIG_ATH10K is not set
> # CONFIG_WCN36XX is not set
> CONFIG_WLAN_VENDOR_ATMEL=y
2140,2150c1891
< # CONFIG_AIRO_CS is not set
< # CONFIG_PCMCIA_WL3501 is not set
< # CONFIG_PRISM54 is not set
< # CONFIG_USB_ZD1201 is not set
< # CONFIG_USB_NET_RNDIS_WLAN is not set
< # CONFIG_RTL8180 is not set
< # CONFIG_RTL8187 is not set
< # CONFIG_ADM8211 is not set
< CONFIG_MAC80211_HWSIM=m
< # CONFIG_MWL8K is not set
< # CONFIG_ATH_CARDS is not set
---
> CONFIG_WLAN_VENDOR_BROADCOM=y
2152a1894
> CONFIG_BRCMUTIL=m
2154,2155c1896,1904
< # CONFIG_BRCMFMAC is not set
< # CONFIG_HOSTAP is not set
---
> CONFIG_BRCMFMAC=m
> CONFIG_BRCMFMAC_PROTO_BCDC=y
> CONFIG_BRCMFMAC_SDIO=y
> # CONFIG_BRCMFMAC_USB is not set
> # CONFIG_BRCMFMAC_PCIE is not set
> # CONFIG_BRCM_TRACING is not set
> # CONFIG_BRCMDBG is not set
> CONFIG_WLAN_VENDOR_CISCO=y
> CONFIG_WLAN_VENDOR_INTEL=y
2158,2167d1906
< CONFIG_IWLWIFI=m
< CONFIG_IWLDVM=m
< CONFIG_IWLMVM=m
< CONFIG_IWLWIFI_OPMODE_MODULAR=y
< 
< #
< # Debugging Options
< #
< CONFIG_IWLWIFI_DEBUG=y
< CONFIG_IWLWIFI_DEBUG_EXPERIMENTAL_UCODE=y
2170c1909,1911
< # CONFIG_LIBERTAS is not set
---
> # CONFIG_IWLWIFI is not set
> CONFIG_WLAN_VENDOR_INTERSIL=y
> # CONFIG_HOSTAP is not set
2172,2219c1913,1917
< CONFIG_P54_COMMON=m
< CONFIG_P54_USB=m
< CONFIG_P54_PCI=m
< # CONFIG_P54_SPI is not set
< CONFIG_P54_LEDS=y
< CONFIG_RT2X00=m
< CONFIG_RT2400PCI=m
< CONFIG_RT2500PCI=m
< CONFIG_RT61PCI=m
< CONFIG_RT2800PCI=m
< CONFIG_RT2800PCI_RT33XX=y
< CONFIG_RT2800PCI_RT35XX=y
< CONFIG_RT2800PCI_RT53XX=y
< CONFIG_RT2800PCI_RT3290=y
< CONFIG_RT2500USB=m
< CONFIG_RT73USB=m
< CONFIG_RT2800USB=m
< CONFIG_RT2800USB_RT33XX=y
< CONFIG_RT2800USB_RT35XX=y
< CONFIG_RT2800USB_RT3573=y
< CONFIG_RT2800USB_RT53XX=y
< CONFIG_RT2800USB_RT55XX=y
< CONFIG_RT2800USB_UNKNOWN=y
< CONFIG_RT2800_LIB=m
< CONFIG_RT2800_LIB_MMIO=m
< CONFIG_RT2X00_LIB_MMIO=m
< CONFIG_RT2X00_LIB_PCI=m
< CONFIG_RT2X00_LIB_USB=m
< CONFIG_RT2X00_LIB=m
< CONFIG_RT2X00_LIB_FIRMWARE=y
< CONFIG_RT2X00_LIB_CRYPTO=y
< CONFIG_RT2X00_LIB_LEDS=y
< # CONFIG_RT2X00_DEBUG is not set
< CONFIG_RTL_CARDS=m
< CONFIG_RTL8192CE=m
< CONFIG_RTL8192SE=m
< CONFIG_RTL8192DE=m
< CONFIG_RTL8723AE=m
< CONFIG_RTL8188EE=m
< CONFIG_RTL8192CU=m
< CONFIG_RTLWIFI=m
< CONFIG_RTLWIFI_PCI=m
< CONFIG_RTLWIFI_USB=m
< CONFIG_RTLWIFI_DEBUG=y
< CONFIG_RTL8192C_COMMON=m
< # CONFIG_WL_TI is not set
< CONFIG_ZD1211RW=m
< # CONFIG_ZD1211RW_DEBUG is not set
---
> # CONFIG_P54_COMMON is not set
> # CONFIG_PRISM54 is not set
> CONFIG_WLAN_VENDOR_MARVELL=y
> # CONFIG_LIBERTAS is not set
> # CONFIG_LIBERTAS_THINFIRM is not set
2223,2226c1921,1963
< CONFIG_MWIFIEX_USB=m
< CONFIG_CW1200=m
< CONFIG_CW1200_WLAN_SDIO=m
< CONFIG_CW1200_WLAN_SPI=m
---
> # CONFIG_MWIFIEX_USB is not set
> # CONFIG_MWL8K is not set
> CONFIG_WLAN_VENDOR_MEDIATEK=y
> # CONFIG_MT7601U is not set
> # CONFIG_MT76x0U is not set
> # CONFIG_MT76x0E is not set
> # CONFIG_MT76x2E is not set
> # CONFIG_MT76x2U is not set
> CONFIG_WLAN_VENDOR_RALINK=y
> # CONFIG_RT2X00 is not set
> CONFIG_WLAN_VENDOR_REALTEK=y
> # CONFIG_RTL8180 is not set
> # CONFIG_RTL8187 is not set
> CONFIG_RTL_CARDS=y
> # CONFIG_RTL8192CE is not set
> # CONFIG_RTL8192SE is not set
> # CONFIG_RTL8192DE is not set
> # CONFIG_RTL8723AE is not set
> # CONFIG_RTL8723BE is not set
> # CONFIG_RTL8188EE is not set
> # CONFIG_RTL8192EE is not set
> # CONFIG_RTL8821AE is not set
> # CONFIG_RTL8192CU is not set
> # CONFIG_RTL8XXXU is not set
> CONFIG_WLAN_VENDOR_RSI=y
> # CONFIG_RSI_91X is not set
> CONFIG_WLAN_VENDOR_ST=y
> # CONFIG_CW1200 is not set
> CONFIG_WLAN_VENDOR_TI=y
> # CONFIG_WL1251 is not set
> CONFIG_WL12XX=m
> CONFIG_WL18XX=m
> CONFIG_WLCORE=m
> # CONFIG_WLCORE_SPI is not set
> CONFIG_WLCORE_SDIO=m
> # CONFIG_WILINK_PLATFORM_DATA is not set
> CONFIG_WLAN_VENDOR_ZYDAS=y
> # CONFIG_USB_ZD1201 is not set
> # CONFIG_ZD1211RW is not set
> CONFIG_WLAN_VENDOR_QUANTENNA=y
> # CONFIG_QTNFMAC_PEARL_PCIE is not set
> # CONFIG_MAC80211_HWSIM is not set
> # CONFIG_USB_NET_RNDIS_WLAN is not set
2232,2236d1968
< CONFIG_IEEE802154_DRIVERS=m
< CONFIG_IEEE802154_FAKEHARD=m
< CONFIG_IEEE802154_FAKELB=m
< # CONFIG_IEEE802154_AT86RF230 is not set
< # CONFIG_IEEE802154_MRF24J40 is not set
2238,2358c1970,1973
< CONFIG_ISDN=y
< CONFIG_ISDN_I4L=m
< CONFIG_ISDN_PPP=y
< CONFIG_ISDN_PPP_VJ=y
< CONFIG_ISDN_MPP=y
< CONFIG_IPPP_FILTER=y
< # CONFIG_ISDN_PPP_BSDCOMP is not set
< CONFIG_ISDN_AUDIO=y
< CONFIG_ISDN_TTY_FAX=y
< 
< #
< # ISDN feature submodules
< #
< CONFIG_ISDN_DIVERSION=m
< 
< #
< # ISDN4Linux hardware drivers
< #
< 
< #
< # Passive cards
< #
< CONFIG_ISDN_DRV_HISAX=m
< 
< #
< # D-channel protocol features
< #
< CONFIG_HISAX_EURO=y
< CONFIG_DE_AOC=y
< CONFIG_HISAX_NO_SENDCOMPLETE=y
< CONFIG_HISAX_NO_LLC=y
< CONFIG_HISAX_NO_KEYPAD=y
< CONFIG_HISAX_1TR6=y
< CONFIG_HISAX_NI1=y
< CONFIG_HISAX_MAX_CARDS=8
< 
< #
< # HiSax supported cards
< #
< CONFIG_HISAX_16_3=y
< CONFIG_HISAX_TELESPCI=y
< CONFIG_HISAX_S0BOX=y
< CONFIG_HISAX_FRITZPCI=y
< CONFIG_HISAX_AVM_A1_PCMCIA=y
< CONFIG_HISAX_ELSA=y
< CONFIG_HISAX_DIEHLDIVA=y
< CONFIG_HISAX_SEDLBAUER=y
< CONFIG_HISAX_NICCY=y
< CONFIG_HISAX_BKM_A4T=y
< CONFIG_HISAX_SCT_QUADRO=y
< CONFIG_HISAX_GAZEL=y
< CONFIG_HISAX_HFC_PCI=y
< CONFIG_HISAX_W6692=y
< CONFIG_HISAX_HFC_SX=y
< # CONFIG_HISAX_DEBUG is not set
< 
< #
< # HiSax PCMCIA card service modules
< #
< CONFIG_HISAX_SEDLBAUER_CS=m
< CONFIG_HISAX_ELSA_CS=m
< CONFIG_HISAX_AVM_A1_CS=m
< CONFIG_HISAX_TELES_CS=m
< 
< #
< # HiSax sub driver modules
< #
< CONFIG_HISAX_ST5481=m
< # CONFIG_HISAX_HFCUSB is not set
< CONFIG_HISAX_HFC4S8S=m
< CONFIG_HISAX_FRITZ_PCIPNP=m
< 
< #
< # Active cards
< #
< CONFIG_ISDN_CAPI=m
< CONFIG_ISDN_DRV_AVMB1_VERBOSE_REASON=y
< # CONFIG_CAPI_TRACE is not set
< CONFIG_ISDN_CAPI_CAPI20=m
< CONFIG_ISDN_CAPI_MIDDLEWARE=y
< CONFIG_ISDN_CAPI_CAPIDRV=m
< 
< #
< # CAPI hardware drivers
< #
< CONFIG_CAPI_AVM=y
< CONFIG_ISDN_DRV_AVMB1_B1PCI=m
< CONFIG_ISDN_DRV_AVMB1_B1PCIV4=y
< CONFIG_ISDN_DRV_AVMB1_B1PCMCIA=m
< CONFIG_ISDN_DRV_AVMB1_AVM_CS=m
< CONFIG_ISDN_DRV_AVMB1_T1PCI=m
< CONFIG_ISDN_DRV_AVMB1_C4=m
< # CONFIG_CAPI_EICON is not set
< CONFIG_ISDN_DRV_GIGASET=m
< CONFIG_GIGASET_CAPI=y
< # CONFIG_GIGASET_I4L is not set
< # CONFIG_GIGASET_DUMMYLL is not set
< CONFIG_GIGASET_BASE=m
< CONFIG_GIGASET_M105=m
< CONFIG_GIGASET_M101=m
< # CONFIG_GIGASET_DEBUG is not set
< CONFIG_HYSDN=m
< CONFIG_HYSDN_CAPI=y
< CONFIG_MISDN=m
< CONFIG_MISDN_DSP=m
< CONFIG_MISDN_L1OIP=m
< 
< #
< # mISDN hardware drivers
< #
< CONFIG_MISDN_HFCPCI=m
< CONFIG_MISDN_HFCMULTI=m
< CONFIG_MISDN_HFCUSB=m
< CONFIG_MISDN_AVMFRITZ=m
< CONFIG_MISDN_SPEEDFAX=m
< CONFIG_MISDN_INFINEON=m
< CONFIG_MISDN_W6692=m
< CONFIG_MISDN_NETJET=m
< CONFIG_MISDN_IPAC=m
< CONFIG_MISDN_ISAR=m
< CONFIG_ISDN_HDLC=m
---
> # CONFIG_NETDEVSIM is not set
> # CONFIG_NET_FAILOVER is not set
> # CONFIG_ISDN is not set
> # CONFIG_NVM is not set
2364,2366c1979,1982
< CONFIG_INPUT_FF_MEMLESS=m
< CONFIG_INPUT_POLLDEV=m
< CONFIG_INPUT_SPARSEKMAP=m
---
> CONFIG_INPUT_LEDS=y
> # CONFIG_INPUT_FF_MEMLESS is not set
> CONFIG_INPUT_POLLDEV=y
> # CONFIG_INPUT_SPARSEKMAP is not set
2372,2376c1988,1989
< CONFIG_INPUT_MOUSEDEV=y
< # CONFIG_INPUT_MOUSEDEV_PSAUX is not set
< CONFIG_INPUT_MOUSEDEV_SCREEN_X=1024
< CONFIG_INPUT_MOUSEDEV_SCREEN_Y=768
< CONFIG_INPUT_JOYDEV=m
---
> # CONFIG_INPUT_MOUSEDEV is not set
> # CONFIG_INPUT_JOYDEV is not set
2378c1991
< # CONFIG_INPUT_EVBUG is not set
---
> CONFIG_INPUT_EVBUG=m
2383a1997
> # CONFIG_KEYBOARD_ADC is not set
2386c2000
< # CONFIG_KEYBOARD_ATKBD is not set
---
> CONFIG_KEYBOARD_ATKBD=y
2388a2003
> # CONFIG_KEYBOARD_DLINK_DIR685 is not set
2390a2006
> # CONFIG_KEYBOARD_GPIO_POLLED is not set
2398a2015
> CONFIG_KEYBOARD_SNVS_PWRKEY=y
2404a2022,2024
> # CONFIG_KEYBOARD_STMPE is not set
> # CONFIG_KEYBOARD_OMAP4 is not set
> # CONFIG_KEYBOARD_TM2_TOUCHKEY is not set
2405a2026,2027
> # CONFIG_KEYBOARD_CAP11XX is not set
> # CONFIG_KEYBOARD_BCM is not set
2407,2412c2029,2048
< # CONFIG_MOUSE_PS2 is not set
< CONFIG_MOUSE_SERIAL=m
< CONFIG_MOUSE_APPLETOUCH=m
< CONFIG_MOUSE_BCM5974=m
< CONFIG_MOUSE_CYAPA=m
< CONFIG_MOUSE_VSXXXAA=m
---
> CONFIG_MOUSE_PS2=m
> CONFIG_MOUSE_PS2_ALPS=y
> CONFIG_MOUSE_PS2_BYD=y
> CONFIG_MOUSE_PS2_LOGIPS2PP=y
> CONFIG_MOUSE_PS2_SYNAPTICS=y
> CONFIG_MOUSE_PS2_SYNAPTICS_SMBUS=y
> CONFIG_MOUSE_PS2_CYPRESS=y
> CONFIG_MOUSE_PS2_TRACKPOINT=y
> CONFIG_MOUSE_PS2_ELANTECH=y
> CONFIG_MOUSE_PS2_ELANTECH_SMBUS=y
> # CONFIG_MOUSE_PS2_SENTELIC is not set
> # CONFIG_MOUSE_PS2_TOUCHKIT is not set
> CONFIG_MOUSE_PS2_FOCALTECH=y
> CONFIG_MOUSE_PS2_SMBUS=y
> # CONFIG_MOUSE_SERIAL is not set
> # CONFIG_MOUSE_APPLETOUCH is not set
> # CONFIG_MOUSE_BCM5974 is not set
> # CONFIG_MOUSE_CYAPA is not set
> # CONFIG_MOUSE_ELAN_I2C is not set
> # CONFIG_MOUSE_VSXXXAA is not set
2414,2453c2050,2053
< CONFIG_MOUSE_SYNAPTICS_I2C=m
< CONFIG_MOUSE_SYNAPTICS_USB=m
< CONFIG_INPUT_JOYSTICK=y
< CONFIG_JOYSTICK_ANALOG=m
< CONFIG_JOYSTICK_A3D=m
< CONFIG_JOYSTICK_ADI=m
< CONFIG_JOYSTICK_COBRA=m
< CONFIG_JOYSTICK_GF2K=m
< CONFIG_JOYSTICK_GRIP=m
< CONFIG_JOYSTICK_GRIP_MP=m
< CONFIG_JOYSTICK_GUILLEMOT=m
< CONFIG_JOYSTICK_INTERACT=m
< CONFIG_JOYSTICK_SIDEWINDER=m
< CONFIG_JOYSTICK_TMDC=m
< CONFIG_JOYSTICK_IFORCE=m
< CONFIG_JOYSTICK_IFORCE_USB=y
< CONFIG_JOYSTICK_IFORCE_232=y
< CONFIG_JOYSTICK_WARRIOR=m
< CONFIG_JOYSTICK_MAGELLAN=m
< CONFIG_JOYSTICK_SPACEORB=m
< CONFIG_JOYSTICK_SPACEBALL=m
< CONFIG_JOYSTICK_STINGER=m
< CONFIG_JOYSTICK_TWIDJOY=m
< CONFIG_JOYSTICK_ZHENHUA=m
< CONFIG_JOYSTICK_DB9=m
< CONFIG_JOYSTICK_GAMECON=m
< CONFIG_JOYSTICK_TURBOGRAFX=m
< # CONFIG_JOYSTICK_AS5011 is not set
< CONFIG_JOYSTICK_JOYDUMP=m
< CONFIG_JOYSTICK_XPAD=m
< CONFIG_JOYSTICK_XPAD_FF=y
< CONFIG_JOYSTICK_XPAD_LEDS=y
< CONFIG_JOYSTICK_WALKERA0701=m
< CONFIG_INPUT_TABLET=y
< CONFIG_TABLET_USB_ACECAD=m
< CONFIG_TABLET_USB_AIPTEK=m
< CONFIG_TABLET_USB_GTCO=m
< CONFIG_TABLET_USB_HANWANG=m
< CONFIG_TABLET_USB_KBTAB=m
< CONFIG_TABLET_USB_WACOM=m
---
> # CONFIG_MOUSE_SYNAPTICS_I2C is not set
> # CONFIG_MOUSE_SYNAPTICS_USB is not set
> # CONFIG_INPUT_JOYSTICK is not set
> # CONFIG_INPUT_TABLET is not set
2455c2055,2056
< # CONFIG_TOUCHSCREEN_ADS7846 is not set
---
> CONFIG_TOUCHSCREEN_PROPERTIES=y
> CONFIG_TOUCHSCREEN_ADS7846=y
2458,2459c2059,2062
< CONFIG_TOUCHSCREEN_ATMEL_MXT=m
< CONFIG_TOUCHSCREEN_AUO_PIXCIR=m
---
> # CONFIG_TOUCHSCREEN_ADC is not set
> # CONFIG_TOUCHSCREEN_AR1021_I2C is not set
> # CONFIG_TOUCHSCREEN_ATMEL_MXT is not set
> # CONFIG_TOUCHSCREEN_AUO_PIXCIR is not set
2460a2064,2065
> # CONFIG_TOUCHSCREEN_BU21029 is not set
> # CONFIG_TOUCHSCREEN_CHIPONE_ICN8318 is not set
2465c2070
< CONFIG_TOUCHSCREEN_DYNAPRO=m
---
> # CONFIG_TOUCHSCREEN_DYNAPRO is not set
2467,2470c2072,2076
< CONFIG_TOUCHSCREEN_EETI=m
< CONFIG_TOUCHSCREEN_EGALAX=m
< # CONFIG_TOUCHSCREEN_ELAN is not set
< CONFIG_TOUCHSCREEN_FUJITSU=m
---
> # CONFIG_TOUCHSCREEN_EETI is not set
> CONFIG_TOUCHSCREEN_EGALAX=y
> # CONFIG_TOUCHSCREEN_EGALAX_SERIAL is not set
> # CONFIG_TOUCHSCREEN_EXC3000 is not set
> # CONFIG_TOUCHSCREEN_FUJITSU is not set
2472,2487c2078,2100
< CONFIG_TOUCHSCREEN_ILI210X=m
< CONFIG_TOUCHSCREEN_GUNZE=m
< CONFIG_TOUCHSCREEN_ELO=m
< CONFIG_TOUCHSCREEN_WACOM_W8001=m
< CONFIG_TOUCHSCREEN_WACOM_I2C=m
< # CONFIG_TOUCHSCREEN_MAX11801 is not set
< CONFIG_TOUCHSCREEN_MCS5000=m
< CONFIG_TOUCHSCREEN_MMS114=m
< CONFIG_TOUCHSCREEN_MTOUCH=m
< CONFIG_TOUCHSCREEN_INEXIO=m
< CONFIG_TOUCHSCREEN_MK712=m
< CONFIG_TOUCHSCREEN_PENMOUNT=m
< CONFIG_TOUCHSCREEN_EDT_FT5X06=m
< CONFIG_TOUCHSCREEN_TOUCHRIGHT=m
< CONFIG_TOUCHSCREEN_TOUCHWIN=m
< CONFIG_TOUCHSCREEN_PIXCIR=m
---
> # CONFIG_TOUCHSCREEN_HIDEEP is not set
> # CONFIG_TOUCHSCREEN_ILI210X is not set
> # CONFIG_TOUCHSCREEN_S6SY761 is not set
> # CONFIG_TOUCHSCREEN_GUNZE is not set
> # CONFIG_TOUCHSCREEN_EKTF2127 is not set
> # CONFIG_TOUCHSCREEN_ELAN is not set
> # CONFIG_TOUCHSCREEN_ELO is not set
> # CONFIG_TOUCHSCREEN_WACOM_W8001 is not set
> # CONFIG_TOUCHSCREEN_WACOM_I2C is not set
> CONFIG_TOUCHSCREEN_MAX11801=y
> # CONFIG_TOUCHSCREEN_MCS5000 is not set
> # CONFIG_TOUCHSCREEN_MMS114 is not set
> # CONFIG_TOUCHSCREEN_MELFAS_MIP4 is not set
> # CONFIG_TOUCHSCREEN_MTOUCH is not set
> CONFIG_TOUCHSCREEN_IMX6UL_TSC=y
> # CONFIG_TOUCHSCREEN_INEXIO is not set
> # CONFIG_TOUCHSCREEN_MK712 is not set
> # CONFIG_TOUCHSCREEN_PENMOUNT is not set
> CONFIG_TOUCHSCREEN_EDT_FT5X06=y
> # CONFIG_TOUCHSCREEN_TOUCHRIGHT is not set
> # CONFIG_TOUCHSCREEN_TOUCHWIN is not set
> # CONFIG_TOUCHSCREEN_PIXCIR is not set
> # CONFIG_TOUCHSCREEN_WDT87XX_I2C is not set
2489,2510c2102,2108
< CONFIG_TOUCHSCREEN_USB_COMPOSITE=m
< # CONFIG_TOUCHSCREEN_MC13783 is not set
< CONFIG_TOUCHSCREEN_USB_EGALAX=y
< CONFIG_TOUCHSCREEN_USB_PANJIT=y
< CONFIG_TOUCHSCREEN_USB_3M=y
< CONFIG_TOUCHSCREEN_USB_ITM=y
< CONFIG_TOUCHSCREEN_USB_ETURBO=y
< CONFIG_TOUCHSCREEN_USB_GUNZE=y
< CONFIG_TOUCHSCREEN_USB_DMC_TSC10=y
< CONFIG_TOUCHSCREEN_USB_IRTOUCH=y
< CONFIG_TOUCHSCREEN_USB_IDEALTEK=y
< CONFIG_TOUCHSCREEN_USB_GENERAL_TOUCH=y
< CONFIG_TOUCHSCREEN_USB_GOTOP=y
< CONFIG_TOUCHSCREEN_USB_JASTEC=y
< CONFIG_TOUCHSCREEN_USB_ELO=y
< CONFIG_TOUCHSCREEN_USB_E2I=y
< CONFIG_TOUCHSCREEN_USB_ZYTRONIC=y
< CONFIG_TOUCHSCREEN_USB_ETT_TC45USB=y
< CONFIG_TOUCHSCREEN_USB_NEXIO=y
< CONFIG_TOUCHSCREEN_USB_EASYTOUCH=y
< CONFIG_TOUCHSCREEN_TOUCHIT213=m
< CONFIG_TOUCHSCREEN_TSC_SERIO=m
---
> # CONFIG_TOUCHSCREEN_USB_COMPOSITE is not set
> CONFIG_TOUCHSCREEN_MC13783=y
> # CONFIG_TOUCHSCREEN_TOUCHIT213 is not set
> # CONFIG_TOUCHSCREEN_TS4800 is not set
> # CONFIG_TOUCHSCREEN_TSC_SERIO is not set
> CONFIG_TOUCHSCREEN_TSC200X_CORE=y
> CONFIG_TOUCHSCREEN_TSC2004=y
2512,2514c2110,2117
< CONFIG_TOUCHSCREEN_TSC2007=m
< CONFIG_TOUCHSCREEN_W90X900=m
< CONFIG_TOUCHSCREEN_ST1232=m
---
> CONFIG_TOUCHSCREEN_TSC2007=y
> # CONFIG_TOUCHSCREEN_TSC2007_IIO is not set
> # CONFIG_TOUCHSCREEN_RM_TS is not set
> # CONFIG_TOUCHSCREEN_SILEAD is not set
> # CONFIG_TOUCHSCREEN_SIS_I2C is not set
> # CONFIG_TOUCHSCREEN_ST1232 is not set
> # CONFIG_TOUCHSCREEN_STMFTS is not set
> CONFIG_TOUCHSCREEN_STMPE=y
2515a2119,2120
> # CONFIG_TOUCHSCREEN_SURFACE3_SPI is not set
> CONFIG_TOUCHSCREEN_SX8654=y
2517c2122,2125
< CONFIG_TOUCHSCREEN_ZFORCE=m
---
> # CONFIG_TOUCHSCREEN_ZET6223 is not set
> # CONFIG_TOUCHSCREEN_ZFORCE is not set
> CONFIG_TOUCHSCREEN_COLIBRI_VF50=y
> # CONFIG_TOUCHSCREEN_ROHM_BU21023 is not set
2519a2128
> # CONFIG_INPUT_ATMEL_CAPTOUCH is not set
2520a2130
> # CONFIG_INPUT_E3X0_BUTTON is not set
2522,2524c2132,2133
< CONFIG_INPUT_MMA8450=m
< CONFIG_INPUT_MPU3050=m
< CONFIG_INPUT_GP2A=m
---
> CONFIG_INPUT_MMA8450=y
> # CONFIG_INPUT_GP2A is not set
2526,2534c2135,2143
< # CONFIG_INPUT_GPIO_TILT_POLLED is not set
< CONFIG_INPUT_ATI_REMOTE2=m
< CONFIG_INPUT_KEYSPAN_REMOTE=m
< CONFIG_INPUT_KXTJ9=m
< # CONFIG_INPUT_KXTJ9_POLLED_MODE is not set
< CONFIG_INPUT_POWERMATE=m
< CONFIG_INPUT_YEALINK=m
< CONFIG_INPUT_CM109=m
< CONFIG_INPUT_UINPUT=m
---
> # CONFIG_INPUT_GPIO_DECODER is not set
> # CONFIG_INPUT_ATI_REMOTE2 is not set
> # CONFIG_INPUT_KEYSPAN_REMOTE is not set
> # CONFIG_INPUT_KXTJ9 is not set
> # CONFIG_INPUT_POWERMATE is not set
> # CONFIG_INPUT_YEALINK is not set
> # CONFIG_INPUT_CM109 is not set
> # CONFIG_INPUT_REGULATOR_HAPTIC is not set
> # CONFIG_INPUT_UINPUT is not set
2536c2145,2147
< CONFIG_INPUT_GPIO_ROTARY_ENCODER=m
---
> # CONFIG_INPUT_PWM_BEEPER is not set
> # CONFIG_INPUT_PWM_VIBRA is not set
> # CONFIG_INPUT_GPIO_ROTARY_ENCODER is not set
2537a2149
> # CONFIG_INPUT_DA9063_ONKEY is not set
2540,2542c2152,2157
< CONFIG_INPUT_CMA3000=m
< CONFIG_INPUT_CMA3000_I2C=m
< # CONFIG_INPUT_ISL29023 is not set
---
> # CONFIG_INPUT_CMA3000 is not set
> # CONFIG_INPUT_SOC_BUTTON_ARRAY is not set
> # CONFIG_INPUT_DRV260X_HAPTICS is not set
> # CONFIG_INPUT_DRV2665_HAPTICS is not set
> # CONFIG_INPUT_DRV2667_HAPTICS is not set
> # CONFIG_RMI4_CORE is not set
2549d2163
< # CONFIG_SERIO_PARKBD is not set
2551,2553c2165,2167
< # CONFIG_SERIO_LIBPS2 is not set
< CONFIG_SERIO_RAW=m
< CONFIG_SERIO_ALTERA_PS2=m
---
> CONFIG_SERIO_LIBPS2=y
> # CONFIG_SERIO_RAW is not set
> # CONFIG_SERIO_ALTERA_PS2 is not set
2555c2169
< CONFIG_SERIO_ARC_PS2=m
---
> # CONFIG_SERIO_ARC_PS2 is not set
2557,2562c2171,2173
< # CONFIG_SERIO_OLPC_APSP is not set
< CONFIG_GAMEPORT=m
< CONFIG_GAMEPORT_NS558=m
< CONFIG_GAMEPORT_L4=m
< CONFIG_GAMEPORT_EMU10K1=m
< CONFIG_GAMEPORT_FM801=m
---
> # CONFIG_SERIO_GPIO_PS2 is not set
> # CONFIG_USERIO is not set
> # CONFIG_GAMEPORT is not set
2575d2185
< CONFIG_DEVPTS_MULTIPLE_INSTANCES=y
2577,2588c2187,2189
< CONFIG_SERIAL_NONSTANDARD=y
< CONFIG_ROCKETPORT=m
< CONFIG_CYCLADES=m
< # CONFIG_CYZ_INTR is not set
< # CONFIG_MOXA_INTELLIO is not set
< # CONFIG_MOXA_SMARTIO is not set
< CONFIG_SYNCLINKMP=m
< CONFIG_SYNCLINK_GT=m
< CONFIG_NOZOMI=m
< # CONFIG_ISI is not set
< CONFIG_N_HDLC=m
< CONFIG_N_GSM=m
---
> # CONFIG_SERIAL_NONSTANDARD is not set
> # CONFIG_NOZOMI is not set
> # CONFIG_N_GSM is not set
2589a2191
> CONFIG_DEVMEM=y
2595,2609c2197,2198
< CONFIG_SERIAL_8250=y
< # CONFIG_SERIAL_8250_DEPRECATED_OPTIONS is not set
< CONFIG_SERIAL_8250_CONSOLE=y
< CONFIG_SERIAL_8250_DMA=y
< CONFIG_SERIAL_8250_PCI=y
< CONFIG_SERIAL_8250_CS=m
< CONFIG_SERIAL_8250_NR_UARTS=32
< CONFIG_SERIAL_8250_RUNTIME_UARTS=4
< CONFIG_SERIAL_8250_EXTENDED=y
< CONFIG_SERIAL_8250_MANY_PORTS=y
< CONFIG_SERIAL_8250_SHARE_IRQ=y
< # CONFIG_SERIAL_8250_DETECT_IRQ is not set
< CONFIG_SERIAL_8250_RSA=y
< # CONFIG_SERIAL_8250_DW is not set
< # CONFIG_SERIAL_8250_EM is not set
---
> CONFIG_SERIAL_EARLYCON=y
> # CONFIG_SERIAL_8250 is not set
2613a2203
> # CONFIG_SERIAL_EARLYCON_ARM_SEMIHOST is not set
2616d2205
< # CONFIG_SERIAL_MFD_HSU is not set
2619c2208
< # CONFIG_SERIAL_SH_SCI is not set
---
> # CONFIG_SERIAL_UARTLITE is not set
2622,2623c2211
< CONFIG_SERIAL_JSM=m
< # CONFIG_SERIAL_OF_PLATFORM is not set
---
> # CONFIG_SERIAL_JSM is not set
2625c2213,2214
< # CONFIG_SERIAL_TIMBERDALE is not set
---
> # CONFIG_SERIAL_SC16IS7XX is not set
> # CONFIG_SERIAL_BCM63XX is not set
2629d2217
< # CONFIG_SERIAL_PCH_UART is not set
2631,2632c2219
< CONFIG_SERIAL_ARC=m
< CONFIG_SERIAL_ARC_NR_PORTS=1
---
> # CONFIG_SERIAL_ARC is not set
2635a2223
> # CONFIG_SERIAL_CONEXANT_DIGICOLOR is not set
2636a2225,2227
> CONFIG_SERIAL_MCTRL_GPIO=y
> CONFIG_SERIAL_DEV_BUS=y
> CONFIG_SERIAL_DEV_CTRL_TTYPORT=y
2638,2643d2228
< CONFIG_FSL_OTP=y
< # CONFIG_FSL_OTP_WRITE_ENABLE is not set
< CONFIG_PRINTER=m
< CONFIG_LP_CONSOLE=y
< CONFIG_PPDEV=m
< CONFIG_HVC_DRIVER=y
2645,2651c2230
< CONFIG_VIRTIO_CONSOLE=m
< CONFIG_IPMI_HANDLER=m
< # CONFIG_IPMI_PANIC_EVENT is not set
< CONFIG_IPMI_DEVICE_INTERFACE=m
< CONFIG_IPMI_SI=m
< CONFIG_IPMI_WATCHDOG=m
< CONFIG_IPMI_POWEROFF=m
---
> # CONFIG_IPMI_HANDLER is not set
2653,2659c2232,2235
< CONFIG_HW_RANDOM_TIMERIOMEM=m
< # CONFIG_HW_RANDOM_ATMEL is not set
< CONFIG_HW_RANDOM_VIRTIO=m
< # CONFIG_HW_RANDOM_EXYNOS is not set
< CONFIG_HW_RANDOM_TPM=m
< # CONFIG_NVRAM is not set
< CONFIG_R3964=m
---
> # CONFIG_HW_RANDOM_TIMERIOMEM is not set
> CONFIG_HW_RANDOM_MXC_RNGA=y
> CONFIG_HW_RANDOM_IMX_RNGC=y
> # CONFIG_R3964 is not set
2660a2237,2240
> # CONFIG_RAW_DRIVER is not set
> # CONFIG_TCG_TPM is not set
> CONFIG_DEVPORT=y
> # CONFIG_XILLYBUS is not set
2663c2243
< # PCMCIA character devices
---
> # I2C support
2665,2677d2244
< # CONFIG_SYNCLINK_CS is not set
< CONFIG_CARDMAN_4000=m
< CONFIG_CARDMAN_4040=m
< CONFIG_IPWIRELESS=m
< CONFIG_RAW_DRIVER=y
< CONFIG_MAX_RAW_DEVS=8192
< CONFIG_TCG_TPM=m
< # CONFIG_TCG_TIS_I2C_ATMEL is not set
< # CONFIG_TCG_TIS_I2C_INFINEON is not set
< # CONFIG_TCG_TIS_I2C_NUVOTON is not set
< CONFIG_TCG_ATMEL=m
< # CONFIG_TCG_ST33_I2C is not set
< CONFIG_DEVPORT=y
2688c2255,2257
< # CONFIG_I2C_MUX_GPIO is not set
---
> CONFIG_I2C_MUX_GPIO=y
> # CONFIG_I2C_MUX_GPMUX is not set
> # CONFIG_I2C_MUX_LTC4306 is not set
2691a2261,2263
> # CONFIG_I2C_MUX_REG is not set
> # CONFIG_I2C_DEMUX_PINCTRL is not set
> # CONFIG_I2C_MUX_MLXCPLD is not set
2693c2265
< CONFIG_I2C_SMBUS=m
---
> # CONFIG_I2C_SMBUS is not set
2717c2289,2290
< CONFIG_I2C_NFORCE2=m
---
> # CONFIG_I2C_NFORCE2 is not set
> # CONFIG_I2C_NVIDIA_GPU is not set
2730,2731c2303,2305
< # CONFIG_I2C_EG20T is not set
< # CONFIG_I2C_GPIO is not set
---
> # CONFIG_I2C_EMEV2 is not set
> CONFIG_I2C_GPIO=y
> # CONFIG_I2C_GPIO_FAULT_INJECTOR is not set
2732a2307
> # CONFIG_I2C_IMX_LPI2C is not set
2734,2736c2309,2311
< CONFIG_I2C_PCA_PLATFORM=m
< # CONFIG_I2C_PXA_PCI is not set
< CONFIG_I2C_SIMTEC=m
---
> # CONFIG_I2C_PCA_PLATFORM is not set
> # CONFIG_I2C_RK3X is not set
> # CONFIG_I2C_SIMTEC is not set
2742,2744c2317,2318
< CONFIG_I2C_DIOLAN_U2C=m
< CONFIG_I2C_PARPORT=m
< CONFIG_I2C_PARPORT_LIGHT=m
---
> # CONFIG_I2C_DIOLAN_U2C is not set
> # CONFIG_I2C_PARPORT_LIGHT is not set
2747,2748c2321
< CONFIG_I2C_TINY_USB=m
< CONFIG_I2C_VIPERBOARD=m
---
> # CONFIG_I2C_TINY_USB is not set
2753c2326,2327
< CONFIG_I2C_STUB=m
---
> # CONFIG_I2C_STUB is not set
> # CONFIG_I2C_SLAVE is not set
2759a2334
> CONFIG_SPI_MEM=y
2764a2340
> # CONFIG_SPI_AXI_SPI_ENGINE is not set
2766,2767c2342,2345
< # CONFIG_SPI_BUTTERFLY is not set
< # CONFIG_SPI_GPIO is not set
---
> # CONFIG_SPI_CADENCE is not set
> # CONFIG_SPI_DESIGNWARE is not set
> # CONFIG_SPI_FSL_LPSPI is not set
> CONFIG_SPI_GPIO=y
2769d2346
< # CONFIG_SPI_LM70_LLP is not set
2770a2348
> CONFIG_SPI_FSL_DSPI=y
2773c2351
< # CONFIG_SPI_PXA2XX_PCI is not set
---
> # CONFIG_SPI_ROCKCHIP is not set
2775d2352
< # CONFIG_SPI_TOPCLIFF_PCH is not set
2778c2355
< # CONFIG_SPI_DESIGNWARE is not set
---
> # CONFIG_SPI_ZYNQMP_GQSPI is not set
2783c2360,2361
< CONFIG_SPI_SPIDEV=y
---
> # CONFIG_SPI_SPIDEV is not set
> # CONFIG_SPI_LOOPBACK_TEST is not set
2784a2363,2364
> # CONFIG_SPI_SLAVE is not set
> # CONFIG_SPMI is not set
2786,2789d2365
< 
< #
< # PPS support
< #
2797,2799c2373,2374
< CONFIG_PPS_CLIENT_LDISC=m
< CONFIG_PPS_CLIENT_PARPORT=m
< CONFIG_PPS_CLIENT_GPIO=m
---
> # CONFIG_PPS_CLIENT_LDISC is not set
> # CONFIG_PPS_CLIENT_GPIO is not set
2809,2810d2383
< CONFIG_DP83640_PHY=m
< CONFIG_PINCTRL=y
2813c2386
< # Pin controllers
---
> # Enable PHYLIB and NETWORK_PHY_TIMESTAMPING to see the additional clocks.
2814a2388,2389
> CONFIG_PINCTRL=y
> CONFIG_GENERIC_PINCTRL_GROUPS=y
2815a2391
> CONFIG_GENERIC_PINMUX_FUNCTIONS=y
2816a2393
> CONFIG_GENERIC_PINCONF=y
2818c2395,2398
< # CONFIG_PINCTRL_CAPRI is not set
---
> # CONFIG_PINCTRL_AMD is not set
> # CONFIG_PINCTRL_MCP23S08 is not set
> # CONFIG_PINCTRL_SINGLE is not set
> # CONFIG_PINCTRL_SX150X is not set
2819a2400,2403
> CONFIG_PINCTRL_IMX35=y
> CONFIG_PINCTRL_IMX50=y
> CONFIG_PINCTRL_IMX51=y
> CONFIG_PINCTRL_IMX53=y
2821,2822c2405,2410
< # CONFIG_PINCTRL_MSM8X74 is not set
< # CONFIG_PINCTRL_SINGLE is not set
---
> CONFIG_PINCTRL_IMX6SL=y
> CONFIG_PINCTRL_IMX6SLL=y
> CONFIG_PINCTRL_IMX6SX=y
> CONFIG_PINCTRL_IMX6UL=y
> CONFIG_PINCTRL_IMX7D=y
> CONFIG_PINCTRL_VF610=y
2824d2411
< CONFIG_ARCH_REQUIRE_GPIOLIB=y
2826c2413
< CONFIG_GPIO_DEVRES=y
---
> CONFIG_GPIOLIB_FASTPATH_LIMIT=512
2827a2415
> CONFIG_GPIOLIB_IRQCHIP=y
2831,2832d2418
< # CONFIG_GPIO_DA9052 is not set
< CONFIG_GPIO_MAX730X=m
2835c2421
< # Memory mapped GPIO drivers:
---
> # Memory mapped GPIO drivers
2836a2423,2426
> # CONFIG_GPIO_74XX_MMIO is not set
> # CONFIG_GPIO_ALTERA is not set
> # CONFIG_GPIO_DWAPB is not set
> # CONFIG_GPIO_FTGPIO010 is not set
2838,2843d2427
< # CONFIG_GPIO_EM is not set
< CONFIG_GPIO_MXC=y
< # CONFIG_GPIO_RCAR is not set
< # CONFIG_GPIO_SCH311X is not set
< # CONFIG_GPIO_TS5500 is not set
< # CONFIG_GPIO_VX855 is not set
2844a2429,2438
> # CONFIG_GPIO_HLWD is not set
> # CONFIG_GPIO_MB86S7X is not set
> # CONFIG_GPIO_MOCKUP is not set
> # CONFIG_GPIO_MPC8XXX is not set
> CONFIG_GPIO_MXC=y
> # CONFIG_GPIO_SYSCON is not set
> # CONFIG_GPIO_TS4800 is not set
> CONFIG_GPIO_VF610=y
> # CONFIG_GPIO_XILINX is not set
> # CONFIG_GPIO_ZEVIO is not set
2847,2850c2441,2449
< # I2C GPIO expanders:
< #
< CONFIG_GPIO_MAX7300=m
< CONFIG_GPIO_MAX732X=m
---
> # I2C GPIO expanders
> #
> # CONFIG_GPIO_ADP5588 is not set
> # CONFIG_GPIO_ADNP is not set
> # CONFIG_GPIO_MAX7300 is not set
> CONFIG_GPIO_MAX732X=y
> # CONFIG_GPIO_MAX732X_IRQ is not set
> CONFIG_GPIO_MC9S08DZ60=y
> CONFIG_GPIO_PCA953X=y
2852,2878c2451,2453
< CONFIG_GPIO_PCF857X=m
< CONFIG_GPIO_SX150X=y
< CONFIG_GPIO_ADP5588=m
< CONFIG_GPIO_ADNP=m
< 
< #
< # PCI GPIO expanders:
< #
< # CONFIG_GPIO_AMD8111 is not set
< # CONFIG_GPIO_ML_IOH is not set
< # CONFIG_GPIO_RDC321X is not set
< 
< #
< # SPI GPIO expanders:
< #
< CONFIG_GPIO_MAX7301=m
< CONFIG_GPIO_MCP23S08=m
< CONFIG_GPIO_MC33880=m
< CONFIG_GPIO_74X164=m
< 
< #
< # AC97 GPIO expanders:
< #
< 
< #
< # LPC GPIO expanders:
< #
---
> # CONFIG_GPIO_PCF857X is not set
> # CONFIG_GPIO_TPIC2810 is not set
> # CONFIG_GPIO_TS4900 is not set
2881c2456
< # MODULbus GPIO expanders:
---
> # MFD GPIO expanders
2883c2458,2460
< # CONFIG_GPIO_BCM_KONA is not set
---
> # CONFIG_GPIO_DA9052 is not set
> # CONFIG_HTC_EGPIO is not set
> CONFIG_GPIO_STMPE=y
2886c2463
< # USB GPIO expanders:
---
> # PCI GPIO expanders
2888,2890c2465,2468
< # CONFIG_GPIO_VIPERBOARD is not set
< CONFIG_W1=m
< CONFIG_W1_CON=y
---
> # CONFIG_GPIO_BT8XX is not set
> # CONFIG_GPIO_PCI_IDIO_16 is not set
> # CONFIG_GPIO_PCIE_IDIO_24 is not set
> # CONFIG_GPIO_RDC321X is not set
2893c2471
< # 1-wire Bus Masters
---
> # SPI GPIO expanders
2895,2900c2473,2478
< # CONFIG_W1_MASTER_MATROX is not set
< CONFIG_W1_MASTER_DS2490=m
< CONFIG_W1_MASTER_DS2482=m
< # CONFIG_W1_MASTER_MXC is not set
< CONFIG_W1_MASTER_DS1WM=m
< CONFIG_W1_MASTER_GPIO=m
---
> CONFIG_GPIO_74X164=y
> # CONFIG_GPIO_MAX3191X is not set
> # CONFIG_GPIO_MAX7301 is not set
> # CONFIG_GPIO_MC33880 is not set
> # CONFIG_GPIO_PISOSR is not set
> # CONFIG_GPIO_XRA1403 is not set
2903c2481
< # 1-wire Slaves
---
> # USB GPIO expanders
2905,2918c2483,2495
< CONFIG_W1_SLAVE_THERM=m
< CONFIG_W1_SLAVE_SMEM=m
< CONFIG_W1_SLAVE_DS2408=m
< # CONFIG_W1_SLAVE_DS2408_READBACK is not set
< CONFIG_W1_SLAVE_DS2413=m
< CONFIG_W1_SLAVE_DS2423=m
< CONFIG_W1_SLAVE_DS2431=m
< CONFIG_W1_SLAVE_DS2433=m
< CONFIG_W1_SLAVE_DS2433_CRC=y
< CONFIG_W1_SLAVE_DS2760=m
< CONFIG_W1_SLAVE_DS2780=m
< CONFIG_W1_SLAVE_DS2781=m
< CONFIG_W1_SLAVE_DS28E04=m
< CONFIG_W1_SLAVE_BQ27000=m
---
> # CONFIG_W1 is not set
> # CONFIG_POWER_AVS is not set
> CONFIG_POWER_RESET=y
> # CONFIG_POWER_RESET_BRCMKONA is not set
> # CONFIG_POWER_RESET_BRCMSTB is not set
> # CONFIG_POWER_RESET_GPIO is not set
> # CONFIG_POWER_RESET_GPIO_RESTART is not set
> # CONFIG_POWER_RESET_LTC2952 is not set
> # CONFIG_POWER_RESET_RESTART is not set
> # CONFIG_POWER_RESET_VERSATILE is not set
> CONFIG_POWER_RESET_SYSCON=y
> CONFIG_POWER_RESET_SYSCON_POWEROFF=y
> # CONFIG_SYSCON_REBOOT_MODE is not set
2924c2501
< # CONFIG_BATTERY_DS2760 is not set
---
> # CONFIG_CHARGER_ADP5061 is not set
2927a2505
> # CONFIG_BATTERY_LEGO_EV3 is not set
2929c2507,2509
< # CONFIG_BATTERY_BQ27x00 is not set
---
> # CONFIG_CHARGER_SBS is not set
> # CONFIG_MANAGER_SBS is not set
> # CONFIG_BATTERY_BQ27XXX is not set
2937a2518,2519
> # CONFIG_CHARGER_LTC3651 is not set
> # CONFIG_CHARGER_DETECTOR_MAX14656 is not set
2939a2522
> # CONFIG_CHARGER_BQ24257 is not set
2941,2947c2524,2527
< CONFIG_CHARGER_SMB347=m
< # CONFIG_IMX6_USB_CHARGER is not set
< CONFIG_POWER_RESET=y
< # CONFIG_POWER_RESET_GPIO is not set
< # CONFIG_POWER_RESET_RESTART is not set
< # CONFIG_POWER_RESET_SNVS is not set
< # CONFIG_POWER_AVS is not set
---
> # CONFIG_CHARGER_BQ25890 is not set
> # CONFIG_CHARGER_SMB347 is not set
> # CONFIG_BATTERY_GAUGE_LTC2941 is not set
> # CONFIG_CHARGER_RT9455 is not set
2949d2528
< CONFIG_HWMON_VID=m
2956,2975c2535,2553
< CONFIG_SENSORS_AD7414=m
< CONFIG_SENSORS_AD7418=m
< # CONFIG_SENSORS_ADCXX is not set
< CONFIG_SENSORS_ADM1021=m
< CONFIG_SENSORS_ADM1025=m
< CONFIG_SENSORS_ADM1026=m
< CONFIG_SENSORS_ADM1029=m
< CONFIG_SENSORS_ADM1031=m
< CONFIG_SENSORS_ADM9240=m
< CONFIG_SENSORS_ADT7X10=m
< CONFIG_SENSORS_ADT7310=m
< CONFIG_SENSORS_ADT7410=m
< CONFIG_SENSORS_ADT7411=m
< CONFIG_SENSORS_ADT7462=m
< CONFIG_SENSORS_ADT7470=m
< CONFIG_SENSORS_ADT7475=m
< CONFIG_SENSORS_ASC7621=m
< CONFIG_SENSORS_ATXP1=m
< CONFIG_SENSORS_DS620=m
< CONFIG_SENSORS_DS1621=m
---
> # CONFIG_SENSORS_AD7414 is not set
> # CONFIG_SENSORS_AD7418 is not set
> # CONFIG_SENSORS_ADM1021 is not set
> # CONFIG_SENSORS_ADM1025 is not set
> # CONFIG_SENSORS_ADM1026 is not set
> # CONFIG_SENSORS_ADM1029 is not set
> # CONFIG_SENSORS_ADM1031 is not set
> # CONFIG_SENSORS_ADM9240 is not set
> # CONFIG_SENSORS_ADT7310 is not set
> # CONFIG_SENSORS_ADT7410 is not set
> # CONFIG_SENSORS_ADT7411 is not set
> # CONFIG_SENSORS_ADT7462 is not set
> # CONFIG_SENSORS_ADT7470 is not set
> # CONFIG_SENSORS_ADT7475 is not set
> # CONFIG_SENSORS_ASC7621 is not set
> # CONFIG_SENSORS_ASPEED is not set
> # CONFIG_SENSORS_ATXP1 is not set
> # CONFIG_SENSORS_DS620 is not set
> # CONFIG_SENSORS_DS1621 is not set
2978,2985c2556,2565
< CONFIG_SENSORS_F71805F=m
< CONFIG_SENSORS_F71882FG=m
< CONFIG_SENSORS_F75375S=m
< CONFIG_SENSORS_G760A=m
< CONFIG_SENSORS_G762=m
< CONFIG_SENSORS_GL518SM=m
< CONFIG_SENSORS_GL520SM=m
< # CONFIG_SENSORS_GPIO_FAN is not set
---
> # CONFIG_SENSORS_F71805F is not set
> # CONFIG_SENSORS_F71882FG is not set
> # CONFIG_SENSORS_F75375S is not set
> CONFIG_SENSORS_MC13783_ADC=y
> # CONFIG_SENSORS_FTSTEUTATES is not set
> # CONFIG_SENSORS_GL518SM is not set
> # CONFIG_SENSORS_GL520SM is not set
> # CONFIG_SENSORS_G760A is not set
> # CONFIG_SENSORS_G762 is not set
> CONFIG_SENSORS_GPIO_FAN=y
2987,2991c2567,2568
< # CONFIG_SENSORS_HTU21 is not set
< CONFIG_SENSORS_IBMAEM=m
< CONFIG_SENSORS_IBMPEX=m
< # CONFIG_SENSORS_IIO_HWMON is not set
< CONFIG_SENSORS_IT87=m
---
> CONFIG_SENSORS_IIO_HWMON=y
> # CONFIG_SENSORS_IT87 is not set
2993,3013c2570,2579
< CONFIG_SENSORS_LINEAGE=m
< CONFIG_SENSORS_LM63=m
< # CONFIG_SENSORS_LM70 is not set
< CONFIG_SENSORS_LM73=m
< CONFIG_SENSORS_LM75=m
< CONFIG_SENSORS_LM77=m
< CONFIG_SENSORS_LM78=m
< CONFIG_SENSORS_LM80=m
< CONFIG_SENSORS_LM83=m
< CONFIG_SENSORS_LM85=m
< CONFIG_SENSORS_LM87=m
< CONFIG_SENSORS_LM90=m
< CONFIG_SENSORS_LM92=m
< CONFIG_SENSORS_LM93=m
< CONFIG_SENSORS_LTC4151=m
< CONFIG_SENSORS_LTC4215=m
< CONFIG_SENSORS_LTC4245=m
< CONFIG_SENSORS_LTC4261=m
< CONFIG_SENSORS_LM95234=m
< CONFIG_SENSORS_LM95241=m
< CONFIG_SENSORS_LM95245=m
---
> # CONFIG_SENSORS_POWR1220 is not set
> # CONFIG_SENSORS_LINEAGE is not set
> # CONFIG_SENSORS_LTC2945 is not set
> # CONFIG_SENSORS_LTC2990 is not set
> # CONFIG_SENSORS_LTC4151 is not set
> # CONFIG_SENSORS_LTC4215 is not set
> # CONFIG_SENSORS_LTC4222 is not set
> # CONFIG_SENSORS_LTC4245 is not set
> # CONFIG_SENSORS_LTC4260 is not set
> # CONFIG_SENSORS_LTC4261 is not set
3015,3046c2581,2628
< CONFIG_SENSORS_MAX16065=m
< CONFIG_SENSORS_MAX1619=m
< CONFIG_SENSORS_MAX1668=m
< # CONFIG_SENSORS_MAX17135 is not set
< CONFIG_SENSORS_MAX197=m
< CONFIG_SENSORS_MAX6639=m
< CONFIG_SENSORS_MAX6642=m
< CONFIG_SENSORS_MAX6650=m
< CONFIG_SENSORS_MAX6697=m
< CONFIG_SENSORS_MCP3021=m
< CONFIG_SENSORS_NCT6775=m
< CONFIG_SENSORS_NTC_THERMISTOR=m
< CONFIG_SENSORS_PC87360=m
< CONFIG_SENSORS_PC87427=m
< CONFIG_SENSORS_PCF8591=m
< CONFIG_PMBUS=m
< CONFIG_SENSORS_PMBUS=m
< CONFIG_SENSORS_ADM1275=m
< CONFIG_SENSORS_LM25066=m
< CONFIG_SENSORS_LTC2978=m
< CONFIG_SENSORS_MAX16064=m
< CONFIG_SENSORS_MAX34440=m
< CONFIG_SENSORS_MAX8688=m
< CONFIG_SENSORS_UCD9000=m
< CONFIG_SENSORS_UCD9200=m
< CONFIG_SENSORS_ZL6100=m
< CONFIG_SENSORS_SHT15=m
< CONFIG_SENSORS_SHT21=m
< CONFIG_SENSORS_SIS5595=m
< # CONFIG_SENSORS_SMM665 is not set
< CONFIG_SENSORS_DME1737=m
< CONFIG_SENSORS_EMC1403=m
---
> # CONFIG_SENSORS_MAX16065 is not set
> # CONFIG_SENSORS_MAX1619 is not set
> # CONFIG_SENSORS_MAX1668 is not set
> # CONFIG_SENSORS_MAX197 is not set
> # CONFIG_SENSORS_MAX31722 is not set
> # CONFIG_SENSORS_MAX6621 is not set
> # CONFIG_SENSORS_MAX6639 is not set
> # CONFIG_SENSORS_MAX6642 is not set
> # CONFIG_SENSORS_MAX6650 is not set
> # CONFIG_SENSORS_MAX6697 is not set
> # CONFIG_SENSORS_MAX31790 is not set
> # CONFIG_SENSORS_MCP3021 is not set
> # CONFIG_SENSORS_TC654 is not set
> # CONFIG_SENSORS_ADCXX is not set
> # CONFIG_SENSORS_LM63 is not set
> # CONFIG_SENSORS_LM70 is not set
> # CONFIG_SENSORS_LM73 is not set
> # CONFIG_SENSORS_LM75 is not set
> # CONFIG_SENSORS_LM77 is not set
> # CONFIG_SENSORS_LM78 is not set
> # CONFIG_SENSORS_LM80 is not set
> # CONFIG_SENSORS_LM83 is not set
> # CONFIG_SENSORS_LM85 is not set
> # CONFIG_SENSORS_LM87 is not set
> # CONFIG_SENSORS_LM90 is not set
> # CONFIG_SENSORS_LM92 is not set
> # CONFIG_SENSORS_LM93 is not set
> # CONFIG_SENSORS_LM95234 is not set
> # CONFIG_SENSORS_LM95241 is not set
> # CONFIG_SENSORS_LM95245 is not set
> # CONFIG_SENSORS_PC87360 is not set
> # CONFIG_SENSORS_PC87427 is not set
> # CONFIG_SENSORS_NTC_THERMISTOR is not set
> # CONFIG_SENSORS_NCT6683 is not set
> # CONFIG_SENSORS_NCT6775 is not set
> # CONFIG_SENSORS_NCT7802 is not set
> # CONFIG_SENSORS_NCT7904 is not set
> # CONFIG_SENSORS_NPCM7XX is not set
> # CONFIG_SENSORS_PCF8591 is not set
> # CONFIG_PMBUS is not set
> # CONFIG_SENSORS_PWM_FAN is not set
> # CONFIG_SENSORS_SHT15 is not set
> # CONFIG_SENSORS_SHT21 is not set
> # CONFIG_SENSORS_SHT3x is not set
> # CONFIG_SENSORS_SHTC1 is not set
> # CONFIG_SENSORS_SIS5595 is not set
> # CONFIG_SENSORS_DME1737 is not set
> # CONFIG_SENSORS_EMC1403 is not set
3048,3056c2630,2640
< CONFIG_SENSORS_EMC6W201=m
< CONFIG_SENSORS_SMSC47M1=m
< CONFIG_SENSORS_SMSC47M192=m
< CONFIG_SENSORS_SMSC47B397=m
< CONFIG_SENSORS_SCH56XX_COMMON=m
< CONFIG_SENSORS_SCH5627=m
< CONFIG_SENSORS_SCH5636=m
< CONFIG_SENSORS_ADS1015=m
< CONFIG_SENSORS_ADS7828=m
---
> # CONFIG_SENSORS_EMC6W201 is not set
> # CONFIG_SENSORS_SMSC47M1 is not set
> # CONFIG_SENSORS_SMSC47M192 is not set
> # CONFIG_SENSORS_SMSC47B397 is not set
> # CONFIG_SENSORS_SCH5627 is not set
> # CONFIG_SENSORS_SCH5636 is not set
> # CONFIG_SENSORS_STTS751 is not set
> # CONFIG_SENSORS_SMM665 is not set
> # CONFIG_SENSORS_ADC128D818 is not set
> # CONFIG_SENSORS_ADS1015 is not set
> # CONFIG_SENSORS_ADS7828 is not set
3058,3080c2642,2665
< CONFIG_SENSORS_AMC6821=m
< CONFIG_SENSORS_INA209=m
< CONFIG_SENSORS_INA2XX=m
< CONFIG_SENSORS_THMC50=m
< CONFIG_SENSORS_TMP102=m
< CONFIG_SENSORS_TMP401=m
< CONFIG_SENSORS_TMP421=m
< CONFIG_SENSORS_VIA686A=m
< CONFIG_SENSORS_VT1211=m
< CONFIG_SENSORS_VT8231=m
< CONFIG_SENSORS_W83781D=m
< CONFIG_SENSORS_W83791D=m
< CONFIG_SENSORS_W83792D=m
< CONFIG_SENSORS_W83793=m
< CONFIG_SENSORS_W83795=m
< # CONFIG_SENSORS_W83795_FANCTRL is not set
< CONFIG_SENSORS_W83L785TS=m
< CONFIG_SENSORS_W83L786NG=m
< CONFIG_SENSORS_W83627HF=m
< CONFIG_SENSORS_W83627EHF=m
< # CONFIG_SENSORS_MC13783_ADC is not set
< # CONFIG_SENSORS_MAG3110 is not set
< # CONFIG_MXC_MMA8451 is not set
---
> # CONFIG_SENSORS_AMC6821 is not set
> # CONFIG_SENSORS_INA209 is not set
> # CONFIG_SENSORS_INA2XX is not set
> # CONFIG_SENSORS_INA3221 is not set
> # CONFIG_SENSORS_TC74 is not set
> # CONFIG_SENSORS_THMC50 is not set
> # CONFIG_SENSORS_TMP102 is not set
> # CONFIG_SENSORS_TMP103 is not set
> # CONFIG_SENSORS_TMP108 is not set
> # CONFIG_SENSORS_TMP401 is not set
> # CONFIG_SENSORS_TMP421 is not set
> # CONFIG_SENSORS_VIA686A is not set
> # CONFIG_SENSORS_VT1211 is not set
> # CONFIG_SENSORS_VT8231 is not set
> # CONFIG_SENSORS_W83773G is not set
> # CONFIG_SENSORS_W83781D is not set
> # CONFIG_SENSORS_W83791D is not set
> # CONFIG_SENSORS_W83792D is not set
> # CONFIG_SENSORS_W83793 is not set
> # CONFIG_SENSORS_W83795 is not set
> # CONFIG_SENSORS_W83L785TS is not set
> # CONFIG_SENSORS_W83L786NG is not set
> # CONFIG_SENSORS_W83627HF is not set
> # CONFIG_SENSORS_W83627EHF is not set
3081a2667,2668
> # CONFIG_THERMAL_STATISTICS is not set
> CONFIG_THERMAL_EMERGENCY_POWEROFF_DELAY_MS=0
3083a2671
> CONFIG_THERMAL_WRITABLE_TRIPS=y
3087c2675,2676
< CONFIG_THERMAL_GOV_FAIR_SHARE=y
---
> # CONFIG_THERMAL_DEFAULT_GOV_POWER_ALLOCATOR is not set
> # CONFIG_THERMAL_GOV_FAIR_SHARE is not set
3088a2678
> # CONFIG_THERMAL_GOV_BANG_BANG is not set
3089a2680
> # CONFIG_THERMAL_GOV_POWER_ALLOCATOR is not set
3090a2682
> # CONFIG_CLOCK_THERMAL is not set
3093c2685,2686
< CONFIG_DEVICE_THERMAL=y
---
> # CONFIG_QORIQ_THERMAL is not set
> # CONFIG_DA9062_THERMAL is not set
3096c2689
< # Texas Instruments thermal drivers
---
> # ACPI INT340X thermal drivers
3097a2691
> # CONFIG_GENERIC_ADC_THERMAL is not set
3100a2695,2696
> CONFIG_WATCHDOG_HANDLE_BOOT_ENABLED=y
> # CONFIG_WATCHDOG_SYSFS is not set
3105c2701
< CONFIG_SOFT_WATCHDOG=m
---
> # CONFIG_SOFT_WATCHDOG is not set
3106a2703
> CONFIG_DA9062_WATCHDOG=y
3107a2705,2708
> # CONFIG_XILINX_WATCHDOG is not set
> # CONFIG_ZIIRAVE_WATCHDOG is not set
> # CONFIG_CADENCE_WATCHDOG is not set
> # CONFIG_FTWDT010_WATCHDOG is not set
3108a2710,2711
> CONFIG_RN5T618_WATCHDOG=y
> # CONFIG_TS4800_WATCHDOG is not set
3111,3112c2714,2715
< CONFIG_ALIM7101_WDT=m
< CONFIG_I6300ESB_WDT=m
---
> # CONFIG_ALIM7101_WDT is not set
> # CONFIG_I6300ESB_WDT is not set
3118,3119c2721,2722
< CONFIG_PCIPCWATCHDOG=m
< CONFIG_WDTPCI=m
---
> # CONFIG_PCIPCWATCHDOG is not set
> # CONFIG_WDTPCI is not set
3124,3125c2727
< CONFIG_USBPCWATCHDOG=m
< CONFIG_SSB_POSSIBLE=y
---
> # CONFIG_USBPCWATCHDOG is not set
3128c2730
< # Sonics Silicon Backplane
---
> # Watchdog Pretimeout Governors
3130,3143c2732,2734
< CONFIG_SSB=m
< CONFIG_SSB_SPROM=y
< CONFIG_SSB_PCIHOST_POSSIBLE=y
< CONFIG_SSB_PCIHOST=y
< # CONFIG_SSB_B43_PCI_BRIDGE is not set
< CONFIG_SSB_PCMCIAHOST_POSSIBLE=y
< CONFIG_SSB_PCMCIAHOST=y
< CONFIG_SSB_SDIOHOST_POSSIBLE=y
< CONFIG_SSB_SDIOHOST=y
< # CONFIG_SSB_SILENT is not set
< # CONFIG_SSB_DEBUG is not set
< CONFIG_SSB_DRIVER_PCICORE_POSSIBLE=y
< CONFIG_SSB_DRIVER_PCICORE=y
< CONFIG_SSB_DRIVER_GPIO=y
---
> # CONFIG_WATCHDOG_PRETIMEOUT_GOV is not set
> CONFIG_SSB_POSSIBLE=y
> # CONFIG_SSB is not set
3145,3155c2736
< 
< #
< # Broadcom specific AMBA
< #
< CONFIG_BCMA=m
< CONFIG_BCMA_HOST_PCI_POSSIBLE=y
< CONFIG_BCMA_HOST_PCI=y
< # CONFIG_BCMA_HOST_SOC is not set
< CONFIG_BCMA_DRIVER_GMAC_CMN=y
< CONFIG_BCMA_DRIVER_GPIO=y
< # CONFIG_BCMA_DEBUG is not set
---
> # CONFIG_BCMA is not set
3160a2742
> # CONFIG_MFD_ACT8945A is not set
3164a2747,2752
> # CONFIG_MFD_AT91_USART is not set
> # CONFIG_MFD_ATMEL_FLEXCOM is not set
> # CONFIG_MFD_ATMEL_HLCDC is not set
> # CONFIG_MFD_BCM590XX is not set
> # CONFIG_MFD_BD9571MWV is not set
> # CONFIG_MFD_AXP20X_I2C is not set
3165a2754
> # CONFIG_MFD_MADERA is not set
3171a2761
> CONFIG_MFD_DA9062=y
3173,3174c2763,2764
< CONFIG_MFD_MXC_HDMI=y
< # CONFIG_MFD_MXC_HDMI_ANDROID is not set
---
> # CONFIG_MFD_DA9150 is not set
> # CONFIG_MFD_DLN2 is not set
3178c2768
< # CONFIG_HTC_EGPIO is not set
---
> # CONFIG_MFD_HI6421_PMIC is not set
3188d2777
< # CONFIG_MFD_MAX17135 is not set
3189a2779
> # CONFIG_MFD_MAX77620 is not set
3191a2782
> # CONFIG_MFD_MAX77843 is not set
3195a2787,2788
> # CONFIG_MFD_MT6397 is not set
> # CONFIG_MFD_MENF21BMC is not set
3197c2790,2791
< CONFIG_MFD_VIPERBOARD=m
---
> # CONFIG_MFD_CPCAP is not set
> # CONFIG_MFD_VIPERBOARD is not set
3200a2795
> # CONFIG_MFD_PM8XXX is not set
3202c2797
< CONFIG_MFD_RTSX_PCI=m
---
> # CONFIG_MFD_RT5033 is not set
3203a2799,2800
> # CONFIG_MFD_RK808 is not set
> CONFIG_MFD_RN5T618=y
3205,3207c2802,2804
< CONFIG_MFD_SI476X_CORE=y
< CONFIG_MFD_SM501=m
< CONFIG_MFD_SM501_GPIO=y
---
> # CONFIG_MFD_SI476X_CORE is not set
> # CONFIG_MFD_SM501 is not set
> # CONFIG_MFD_SKY81452 is not set
3210c2807,2813
< # CONFIG_MFD_STMPE is not set
---
> CONFIG_MFD_STMPE=y
> 
> #
> # STMicroelectronics STMPE Interface Drivers
> #
> CONFIG_STMPE_I2C=y
> # CONFIG_STMPE_SPI is not set
3214a2818
> # CONFIG_MFD_TI_LMU is not set
3218a2823
> # CONFIG_MFD_TPS65086 is not set
3220a2826,2828
> # CONFIG_MFD_TI_LP873X is not set
> # CONFIG_MFD_TI_LP87565 is not set
> # CONFIG_MFD_TPS65218 is not set
3223d2830
< # CONFIG_MFD_TPS65912 is not set
3231d2837
< # CONFIG_MFD_TIMBERDALE is not set
3233d2838
< # CONFIG_MFD_TMIO is not set
3237c2842
< CONFIG_MFD_VX855=m
---
> # CONFIG_MFD_VX855 is not set
3245,3246c2850,2851
< # CONFIG_MFD_TDA1997X is not set
< # CONFIG_VEXPRESS_CONFIG is not set
---
> # CONFIG_MFD_ROHM_BD718XX is not set
> # CONFIG_RAVE_SP_CORE is not set
3251a2857
> # CONFIG_REGULATOR_88PG86X is not set
3255c2861,2862
< # CONFIG_REGULATOR_DA9052 is not set
---
> CONFIG_REGULATOR_DA9052=y
> CONFIG_REGULATOR_DA9062=y
3256a2864
> # CONFIG_REGULATOR_DA9211 is not set
3258c2866,2867
< # CONFIG_REGULATOR_GPIO is not set
---
> CONFIG_REGULATOR_GPIO=y
> # CONFIG_REGULATOR_ISL9305 is not set
3263a2873
> # CONFIG_REGULATOR_LTC3589 is not set
3270,3271c2880,2883
< # CONFIG_REGULATOR_MC13783 is not set
< # CONFIG_REGULATOR_MC13892 is not set
---
> CONFIG_REGULATOR_MC13XXX_CORE=y
> CONFIG_REGULATOR_MC13783=y
> CONFIG_REGULATOR_MC13892=y
> # CONFIG_REGULATOR_MT6311 is not set
3272a2885,2890
> # CONFIG_REGULATOR_PV88060 is not set
> # CONFIG_REGULATOR_PV88080 is not set
> # CONFIG_REGULATOR_PV88090 is not set
> # CONFIG_REGULATOR_PWM is not set
> CONFIG_REGULATOR_RN5T618=y
> # CONFIG_REGULATOR_SY8106A is not set
3276a2895
> # CONFIG_REGULATOR_TPS65132 is not set
3277a2897,2918
> # CONFIG_REGULATOR_VCTRL is not set
> CONFIG_CEC_CORE=y
> CONFIG_CEC_NOTIFIER=y
> CONFIG_RC_CORE=y
> CONFIG_RC_MAP=y
> # CONFIG_LIRC is not set
> # CONFIG_RC_DECODERS is not set
> CONFIG_RC_DEVICES=y
> # CONFIG_RC_ATI_REMOTE is not set
> # CONFIG_IR_HIX5HD2 is not set
> # CONFIG_IR_IMON is not set
> # CONFIG_IR_IMON_RAW is not set
> # CONFIG_IR_MCEUSB is not set
> # CONFIG_IR_REDRAT3 is not set
> # CONFIG_IR_STREAMZAP is not set
> # CONFIG_IR_IGORPLUGUSB is not set
> # CONFIG_IR_IGUANA is not set
> # CONFIG_IR_TTUSBIR is not set
> # CONFIG_RC_LOOPBACK is not set
> CONFIG_IR_GPIO_CIR=y
> # CONFIG_IR_SERIAL is not set
> # CONFIG_IR_SIR is not set
3284,3285c2925,2926
< CONFIG_MEDIA_ANALOG_TV_SUPPORT=y
< CONFIG_MEDIA_DIGITAL_TV_SUPPORT=y
---
> # CONFIG_MEDIA_ANALOG_TV_SUPPORT is not set
> # CONFIG_MEDIA_DIGITAL_TV_SUPPORT is not set
3287c2928,2930
< CONFIG_MEDIA_RC_SUPPORT=y
---
> # CONFIG_MEDIA_SDR_SUPPORT is not set
> # CONFIG_MEDIA_CEC_SUPPORT is not set
> # CONFIG_MEDIA_CEC_RC is not set
3294,3308c2937,2939
< CONFIG_VIDEO_TUNER=m
< CONFIG_VIDEOBUF_GEN=y
< CONFIG_VIDEOBUF_DMA_SG=m
< CONFIG_VIDEOBUF_VMALLOC=m
< CONFIG_VIDEOBUF_DMA_CONTIG=y
< CONFIG_VIDEOBUF_DVB=m
< CONFIG_VIDEOBUF2_CORE=y
< CONFIG_VIDEOBUF2_MEMOPS=m
< CONFIG_VIDEOBUF2_DMA_CONTIG=m
< CONFIG_VIDEOBUF2_VMALLOC=m
< CONFIG_DVB_CORE=y
< CONFIG_DVB_NET=y
< CONFIG_TTPCI_EEPROM=m
< CONFIG_DVB_MAX_ADAPTERS=8
< CONFIG_DVB_DYNAMIC_MINORS=y
---
> # CONFIG_VIDEO_PCI_SKELETON is not set
> CONFIG_V4L2_MEM2MEM_DEV=m
> CONFIG_V4L2_FWNODE=y
3313,3335d2943
< CONFIG_RC_CORE=y
< CONFIG_RC_MAP=m
< CONFIG_RC_DECODERS=y
< CONFIG_LIRC=m
< CONFIG_IR_LIRC_CODEC=m
< CONFIG_IR_NEC_DECODER=m
< CONFIG_IR_RC5_DECODER=m
< CONFIG_IR_RC6_DECODER=m
< CONFIG_IR_JVC_DECODER=m
< CONFIG_IR_SONY_DECODER=m
< CONFIG_IR_RC5_SZ_DECODER=m
< CONFIG_IR_SANYO_DECODER=m
< CONFIG_IR_MCE_KBD_DECODER=m
< CONFIG_RC_DEVICES=y
< CONFIG_RC_ATI_REMOTE=m
< CONFIG_IR_IMON=m
< CONFIG_IR_MCEUSB=m
< CONFIG_IR_REDRAT3=m
< CONFIG_IR_STREAMZAP=m
< CONFIG_IR_IGUANA=m
< CONFIG_IR_TTUSBIR=m
< CONFIG_RC_LOOPBACK=m
< CONFIG_IR_GPIO_CIR=m
3344,3474c2952,3006
< CONFIG_USB_M5602=m
< CONFIG_USB_STV06XX=m
< CONFIG_USB_GL860=m
< CONFIG_USB_GSPCA_BENQ=m
< CONFIG_USB_GSPCA_CONEX=m
< CONFIG_USB_GSPCA_CPIA1=m
< CONFIG_USB_GSPCA_ETOMS=m
< CONFIG_USB_GSPCA_FINEPIX=m
< CONFIG_USB_GSPCA_JEILINJ=m
< CONFIG_USB_GSPCA_JL2005BCD=m
< CONFIG_USB_GSPCA_KINECT=m
< CONFIG_USB_GSPCA_KONICA=m
< CONFIG_USB_GSPCA_MARS=m
< CONFIG_USB_GSPCA_MR97310A=m
< CONFIG_USB_GSPCA_NW80X=m
< CONFIG_USB_GSPCA_OV519=m
< CONFIG_USB_GSPCA_OV534=m
< CONFIG_USB_GSPCA_OV534_9=m
< CONFIG_USB_GSPCA_PAC207=m
< CONFIG_USB_GSPCA_PAC7302=m
< CONFIG_USB_GSPCA_PAC7311=m
< CONFIG_USB_GSPCA_SE401=m
< CONFIG_USB_GSPCA_SN9C2028=m
< CONFIG_USB_GSPCA_SN9C20X=m
< CONFIG_USB_GSPCA_SONIXB=m
< CONFIG_USB_GSPCA_SONIXJ=m
< CONFIG_USB_GSPCA_SPCA500=m
< CONFIG_USB_GSPCA_SPCA501=m
< CONFIG_USB_GSPCA_SPCA505=m
< CONFIG_USB_GSPCA_SPCA506=m
< CONFIG_USB_GSPCA_SPCA508=m
< CONFIG_USB_GSPCA_SPCA561=m
< CONFIG_USB_GSPCA_SPCA1528=m
< CONFIG_USB_GSPCA_SQ905=m
< CONFIG_USB_GSPCA_SQ905C=m
< CONFIG_USB_GSPCA_SQ930X=m
< CONFIG_USB_GSPCA_STK014=m
< CONFIG_USB_GSPCA_STK1135=m
< CONFIG_USB_GSPCA_STV0680=m
< CONFIG_USB_GSPCA_SUNPLUS=m
< CONFIG_USB_GSPCA_T613=m
< CONFIG_USB_GSPCA_TOPRO=m
< CONFIG_USB_GSPCA_TV8532=m
< CONFIG_USB_GSPCA_VC032X=m
< CONFIG_USB_GSPCA_VICAM=m
< CONFIG_USB_GSPCA_XIRLINK_CIT=m
< CONFIG_USB_GSPCA_ZC3XX=m
< CONFIG_USB_PWC=m
< # CONFIG_USB_PWC_DEBUG is not set
< CONFIG_USB_PWC_INPUT_EVDEV=y
< CONFIG_VIDEO_CPIA2=m
< CONFIG_USB_ZR364XX=m
< CONFIG_USB_STKWEBCAM=m
< CONFIG_USB_S2255=m
< CONFIG_VIDEO_USBTV=m
< 
< #
< # Analog TV USB devices
< #
< CONFIG_VIDEO_PVRUSB2=m
< CONFIG_VIDEO_PVRUSB2_SYSFS=y
< CONFIG_VIDEO_PVRUSB2_DVB=y
< # CONFIG_VIDEO_PVRUSB2_DEBUGIFC is not set
< CONFIG_VIDEO_HDPVR=m
< CONFIG_VIDEO_TLG2300=m
< CONFIG_VIDEO_USBVISION=m
< CONFIG_VIDEO_STK1160_COMMON=m
< CONFIG_VIDEO_STK1160_AC97=y
< CONFIG_VIDEO_STK1160=m
< 
< #
< # Analog/digital TV USB devices
< #
< CONFIG_VIDEO_AU0828=m
< CONFIG_VIDEO_AU0828_V4L2=y
< CONFIG_VIDEO_CX231XX=m
< CONFIG_VIDEO_CX231XX_RC=y
< CONFIG_VIDEO_CX231XX_ALSA=m
< CONFIG_VIDEO_CX231XX_DVB=m
< CONFIG_VIDEO_TM6000=m
< CONFIG_VIDEO_TM6000_ALSA=m
< CONFIG_VIDEO_TM6000_DVB=m
< 
< #
< # Digital TV USB devices
< #
< CONFIG_DVB_USB=m
< # CONFIG_DVB_USB_DEBUG is not set
< CONFIG_DVB_USB_A800=m
< CONFIG_DVB_USB_DIBUSB_MB=m
< # CONFIG_DVB_USB_DIBUSB_MB_FAULTY is not set
< CONFIG_DVB_USB_DIBUSB_MC=m
< CONFIG_DVB_USB_DIB0700=m
< CONFIG_DVB_USB_UMT_010=m
< CONFIG_DVB_USB_CXUSB=m
< CONFIG_DVB_USB_M920X=m
< CONFIG_DVB_USB_DIGITV=m
< CONFIG_DVB_USB_VP7045=m
< CONFIG_DVB_USB_VP702X=m
< CONFIG_DVB_USB_GP8PSK=m
< CONFIG_DVB_USB_NOVA_T_USB2=m
< CONFIG_DVB_USB_TTUSB2=m
< CONFIG_DVB_USB_DTT200U=m
< CONFIG_DVB_USB_OPERA1=m
< CONFIG_DVB_USB_AF9005=m
< CONFIG_DVB_USB_AF9005_REMOTE=m
< CONFIG_DVB_USB_PCTV452E=m
< CONFIG_DVB_USB_DW2102=m
< CONFIG_DVB_USB_CINERGY_T2=m
< CONFIG_DVB_USB_DTV5100=m
< CONFIG_DVB_USB_FRIIO=m
< CONFIG_DVB_USB_AZ6027=m
< CONFIG_DVB_USB_TECHNISAT_USB2=m
< CONFIG_DVB_USB_V2=m
< CONFIG_DVB_USB_AF9015=m
< CONFIG_DVB_USB_AF9035=m
< CONFIG_DVB_USB_ANYSEE=m
< CONFIG_DVB_USB_AU6610=m
< CONFIG_DVB_USB_AZ6007=m
< CONFIG_DVB_USB_CE6230=m
< CONFIG_DVB_USB_EC168=m
< CONFIG_DVB_USB_GL861=m
< CONFIG_DVB_USB_IT913X=m
< CONFIG_DVB_USB_LME2510=m
< CONFIG_DVB_USB_MXL111SF=m
< CONFIG_DVB_USB_RTL28XXU=m
< CONFIG_DVB_TTUSB_BUDGET=m
< CONFIG_DVB_TTUSB_DEC=m
< CONFIG_SMS_USB_DRV=m
< CONFIG_DVB_B2C2_FLEXCOP_USB=m
< # CONFIG_DVB_B2C2_FLEXCOP_USB_DEBUG is not set
---
> # CONFIG_USB_M5602 is not set
> # CONFIG_USB_STV06XX is not set
> # CONFIG_USB_GL860 is not set
> # CONFIG_USB_GSPCA_BENQ is not set
> # CONFIG_USB_GSPCA_CONEX is not set
> # CONFIG_USB_GSPCA_CPIA1 is not set
> # CONFIG_USB_GSPCA_DTCS033 is not set
> # CONFIG_USB_GSPCA_ETOMS is not set
> # CONFIG_USB_GSPCA_FINEPIX is not set
> # CONFIG_USB_GSPCA_JEILINJ is not set
> # CONFIG_USB_GSPCA_JL2005BCD is not set
> # CONFIG_USB_GSPCA_KINECT is not set
> # CONFIG_USB_GSPCA_KONICA is not set
> # CONFIG_USB_GSPCA_MARS is not set
> # CONFIG_USB_GSPCA_MR97310A is not set
> # CONFIG_USB_GSPCA_NW80X is not set
> # CONFIG_USB_GSPCA_OV519 is not set
> # CONFIG_USB_GSPCA_OV534 is not set
> # CONFIG_USB_GSPCA_OV534_9 is not set
> # CONFIG_USB_GSPCA_PAC207 is not set
> # CONFIG_USB_GSPCA_PAC7302 is not set
> # CONFIG_USB_GSPCA_PAC7311 is not set
> # CONFIG_USB_GSPCA_SE401 is not set
> # CONFIG_USB_GSPCA_SN9C2028 is not set
> # CONFIG_USB_GSPCA_SN9C20X is not set
> # CONFIG_USB_GSPCA_SONIXB is not set
> # CONFIG_USB_GSPCA_SONIXJ is not set
> # CONFIG_USB_GSPCA_SPCA500 is not set
> # CONFIG_USB_GSPCA_SPCA501 is not set
> # CONFIG_USB_GSPCA_SPCA505 is not set
> # CONFIG_USB_GSPCA_SPCA506 is not set
> # CONFIG_USB_GSPCA_SPCA508 is not set
> # CONFIG_USB_GSPCA_SPCA561 is not set
> # CONFIG_USB_GSPCA_SPCA1528 is not set
> # CONFIG_USB_GSPCA_SQ905 is not set
> # CONFIG_USB_GSPCA_SQ905C is not set
> # CONFIG_USB_GSPCA_SQ930X is not set
> # CONFIG_USB_GSPCA_STK014 is not set
> # CONFIG_USB_GSPCA_STK1135 is not set
> # CONFIG_USB_GSPCA_STV0680 is not set
> # CONFIG_USB_GSPCA_SUNPLUS is not set
> # CONFIG_USB_GSPCA_T613 is not set
> # CONFIG_USB_GSPCA_TOPRO is not set
> # CONFIG_USB_GSPCA_TOUPTEK is not set
> # CONFIG_USB_GSPCA_TV8532 is not set
> # CONFIG_USB_GSPCA_VC032X is not set
> # CONFIG_USB_GSPCA_VICAM is not set
> # CONFIG_USB_GSPCA_XIRLINK_CIT is not set
> # CONFIG_USB_GSPCA_ZC3XX is not set
> # CONFIG_USB_PWC is not set
> # CONFIG_VIDEO_CPIA2 is not set
> # CONFIG_USB_ZR364XX is not set
> # CONFIG_USB_STKWEBCAM is not set
> # CONFIG_USB_S2255 is not set
> # CONFIG_VIDEO_USBTV is not set
3479,3543c3011,3012
< CONFIG_VIDEO_EM28XX=m
< CONFIG_VIDEO_EM28XX_V4L2=m
< CONFIG_VIDEO_EM28XX_ALSA=m
< CONFIG_VIDEO_EM28XX_DVB=m
< CONFIG_VIDEO_EM28XX_RC=m
< CONFIG_MEDIA_PCI_SUPPORT=y
< 
< #
< # Media capture support
< #
< # CONFIG_VIDEO_TW6869 is not set
< 
< #
< # Media capture/analog TV support
< #
< CONFIG_VIDEO_IVTV=m
< # CONFIG_VIDEO_IVTV_ALSA is not set
< CONFIG_VIDEO_FB_IVTV=m
< CONFIG_VIDEO_HEXIUM_GEMINI=m
< CONFIG_VIDEO_HEXIUM_ORION=m
< CONFIG_VIDEO_MXB=m
< 
< #
< # Media capture/analog/hybrid TV support
< #
< CONFIG_VIDEO_CX18=m
< CONFIG_VIDEO_CX18_ALSA=m
< CONFIG_VIDEO_CX23885=m
< CONFIG_MEDIA_ALTERA_CI=m
< # CONFIG_VIDEO_CX25821 is not set
< CONFIG_VIDEO_CX88=m
< CONFIG_VIDEO_CX88_ALSA=m
< CONFIG_VIDEO_CX88_BLACKBIRD=m
< CONFIG_VIDEO_CX88_DVB=m
< CONFIG_VIDEO_CX88_ENABLE_VP3054=y
< CONFIG_VIDEO_CX88_VP3054=m
< CONFIG_VIDEO_CX88_MPEG=m
< CONFIG_VIDEO_BT848=m
< CONFIG_DVB_BT8XX=m
< CONFIG_VIDEO_SAA7134=m
< CONFIG_VIDEO_SAA7134_ALSA=m
< CONFIG_VIDEO_SAA7134_RC=y
< CONFIG_VIDEO_SAA7134_DVB=m
< CONFIG_VIDEO_SAA7164=m
< 
< #
< # Media digital TV PCI Adapters
< #
< CONFIG_DVB_AV7110=m
< CONFIG_DVB_AV7110_OSD=y
< CONFIG_DVB_BUDGET_CORE=m
< CONFIG_DVB_BUDGET=m
< CONFIG_DVB_BUDGET_CI=m
< CONFIG_DVB_BUDGET_AV=m
< CONFIG_DVB_BUDGET_PATCH=m
< CONFIG_DVB_B2C2_FLEXCOP_PCI=m
< # CONFIG_DVB_B2C2_FLEXCOP_PCI_DEBUG is not set
< CONFIG_DVB_PLUTO2=m
< CONFIG_DVB_DM1105=m
< CONFIG_DVB_PT1=m
< CONFIG_MANTIS_CORE=m
< CONFIG_DVB_MANTIS=m
< CONFIG_DVB_HOPPER=m
< CONFIG_DVB_NGENE=m
< CONFIG_DVB_DDBRIDGE=m
---
> # CONFIG_VIDEO_EM28XX is not set
> # CONFIG_MEDIA_PCI_SUPPORT is not set
3545,3566c3014,3016
< CONFIG_VIDEO_CAFE_CCIC=m
< # CONFIG_VIDEO_TIMBERDALE is not set
< CONFIG_VIDEO_MXC_OUTPUT=y
< CONFIG_VIDEO_MXC_CAPTURE=m
< CONFIG_VIDEO_V4L2_MXC_INT_DEVICE=m
< 
< #
< # MXC Camera/V4L2 PRP Features support
< #
< CONFIG_VIDEO_MXC_IPU_CAMERA=y
< # CONFIG_MXC_TVIN_TDA1997X is not set
< # CONFIG_MXC_CAMERA_OV5640 is not set
< # CONFIG_MXC_CAMERA_OV5642 is not set
< CONFIG_MXC_CAMERA_OV5640_MIPI=m
< CONFIG_MXC_CAMERA_OV5647_MIPI=m
< CONFIG_MXC_HDMI_CSI2_TC358743=m
< CONFIG_MXC_TVIN_ADV7180=m
< CONFIG_MXC_IPU_DEVICE_QUEUE_SDC=m
< CONFIG_MXC_IPU_PRP_ENC=m
< CONFIG_MXC_IPU_CSI_ENC=m
< CONFIG_VIDEO_MXC_IPU_OUTPUT=y
< CONFIG_VIDEO_MXC_PXP_V4L2=y
---
> # CONFIG_VIDEO_CAFE_CCIC is not set
> # CONFIG_VIDEO_CADENCE is not set
> CONFIG_VIDEO_MUX=y
3569,3572c3019
< # CONFIG_VIDEO_MX3 is not set
< # CONFIG_VIDEO_RCAR_VIN is not set
< # CONFIG_VIDEO_SH_MOBILE_CSI2 is not set
< # CONFIG_VIDEO_SH_MOBILE_CEU is not set
---
> # CONFIG_VIDEO_XILINX is not set
3574c3021,3023
< # CONFIG_VIDEO_CODA is not set
---
> CONFIG_VIDEO_CODA=m
> CONFIG_VIDEO_IMX_VDOA=m
> # CONFIG_VIDEO_IMX_PXP is not set
3577d3025
< # CONFIG_VIDEO_RENESAS_VSP1 is not set
3583,3591c3031,3036
< CONFIG_SMS_SDIO_DRV=m
< # CONFIG_MEDIA_PARPORT_SUPPORT is not set
< 
< #
< # Supported FireWire (IEEE 1394) Adapters
< #
< CONFIG_DVB_FIREDTV=m
< CONFIG_DVB_FIREDTV_INPUT=y
< CONFIG_MEDIA_COMMON_OPTIONS=y
---
> # CONFIG_CYPRESS_FIRMWARE is not set
> CONFIG_VIDEOBUF2_CORE=y
> CONFIG_VIDEOBUF2_V4L2=y
> CONFIG_VIDEOBUF2_MEMOPS=y
> CONFIG_VIDEOBUF2_DMA_CONTIG=y
> CONFIG_VIDEOBUF2_VMALLOC=m
3594c3039
< # common driver options
---
> # Media ancillary drivers (tuners, sensors, i2c, spi, frontends)
3596,3604c3041,3042
< CONFIG_VIDEO_CX2341X=m
< CONFIG_VIDEO_BTCX=m
< CONFIG_VIDEO_TVEEPROM=m
< CONFIG_CYPRESS_FIRMWARE=m
< CONFIG_DVB_B2C2_FLEXCOP=m
< CONFIG_VIDEO_SAA7146=m
< CONFIG_VIDEO_SAA7146_VV=m
< CONFIG_SMS_SIANO_MDTV=m
< CONFIG_SMS_SIANO_RC=y
---
> # CONFIG_MEDIA_SUBDRV_AUTOSELECT is not set
> CONFIG_VIDEO_IR_I2C=y
3607c3045
< # Media ancillary drivers (tuners, sensors, i2c, frontends)
---
> # I2C Encoders, decoders, sensors and other helper chips
3609,3611d3046
< CONFIG_MEDIA_SUBDRV_AUTOSELECT=y
< CONFIG_MEDIA_ATTACH=y
< CONFIG_VIDEO_IR_I2C=y
3616,3626c3051,3066
< CONFIG_VIDEO_TVAUDIO=m
< CONFIG_VIDEO_TDA7432=m
< CONFIG_VIDEO_TDA9840=m
< CONFIG_VIDEO_TEA6415C=m
< CONFIG_VIDEO_TEA6420=m
< CONFIG_VIDEO_MSP3400=m
< CONFIG_VIDEO_CS5345=m
< CONFIG_VIDEO_CS53L32A=m
< CONFIG_VIDEO_WM8775=m
< CONFIG_VIDEO_WM8739=m
< CONFIG_VIDEO_VP27SMPX=m
---
> # CONFIG_VIDEO_TVAUDIO is not set
> # CONFIG_VIDEO_TDA7432 is not set
> # CONFIG_VIDEO_TDA9840 is not set
> # CONFIG_VIDEO_TDA1997X is not set
> # CONFIG_VIDEO_TEA6415C is not set
> # CONFIG_VIDEO_TEA6420 is not set
> # CONFIG_VIDEO_MSP3400 is not set
> # CONFIG_VIDEO_CS3308 is not set
> # CONFIG_VIDEO_CS5345 is not set
> # CONFIG_VIDEO_CS53L32A is not set
> # CONFIG_VIDEO_TLV320AIC23B is not set
> # CONFIG_VIDEO_UDA1342 is not set
> # CONFIG_VIDEO_WM8775 is not set
> # CONFIG_VIDEO_WM8739 is not set
> # CONFIG_VIDEO_VP27SMPX is not set
> # CONFIG_VIDEO_SONY_BTF_MPX is not set
3631c3071
< CONFIG_VIDEO_SAA6588=m
---
> # CONFIG_VIDEO_SAA6588 is not set
3636,3637c3076,3100
< CONFIG_VIDEO_SAA711X=m
< CONFIG_VIDEO_TVP5150=m
---
> CONFIG_VIDEO_ADV7180=m
> # CONFIG_VIDEO_ADV7183 is not set
> # CONFIG_VIDEO_ADV748X is not set
> # CONFIG_VIDEO_ADV7604 is not set
> # CONFIG_VIDEO_ADV7842 is not set
> # CONFIG_VIDEO_BT819 is not set
> # CONFIG_VIDEO_BT856 is not set
> # CONFIG_VIDEO_BT866 is not set
> # CONFIG_VIDEO_KS0127 is not set
> # CONFIG_VIDEO_ML86V7667 is not set
> # CONFIG_VIDEO_AD5820 is not set
> # CONFIG_VIDEO_AK7375 is not set
> # CONFIG_VIDEO_DW9714 is not set
> # CONFIG_VIDEO_DW9807_VCM is not set
> # CONFIG_VIDEO_SAA7110 is not set
> # CONFIG_VIDEO_SAA711X is not set
> # CONFIG_VIDEO_TC358743 is not set
> # CONFIG_VIDEO_TVP514X is not set
> # CONFIG_VIDEO_TVP5150 is not set
> # CONFIG_VIDEO_TVP7002 is not set
> # CONFIG_VIDEO_TW2804 is not set
> # CONFIG_VIDEO_TW9903 is not set
> # CONFIG_VIDEO_TW9906 is not set
> # CONFIG_VIDEO_TW9910 is not set
> # CONFIG_VIDEO_VPX3220 is not set
3642,3643c3105,3106
< CONFIG_VIDEO_SAA717X=m
< CONFIG_VIDEO_CX25840=m
---
> # CONFIG_VIDEO_SAA717X is not set
> # CONFIG_VIDEO_CX25840 is not set
3648c3111,3120
< CONFIG_VIDEO_SAA7127=m
---
> # CONFIG_VIDEO_SAA7127 is not set
> # CONFIG_VIDEO_SAA7185 is not set
> # CONFIG_VIDEO_ADV7170 is not set
> # CONFIG_VIDEO_ADV7175 is not set
> # CONFIG_VIDEO_ADV7343 is not set
> # CONFIG_VIDEO_ADV7393 is not set
> # CONFIG_VIDEO_ADV7511 is not set
> # CONFIG_VIDEO_AD9389B is not set
> # CONFIG_VIDEO_AK881X is not set
> # CONFIG_VIDEO_THS8200 is not set
3653,3654c3125,3165
< CONFIG_VIDEO_OV7670=m
< CONFIG_VIDEO_MT9V011=m
---
> # CONFIG_VIDEO_IMX258 is not set
> # CONFIG_VIDEO_IMX274 is not set
> # CONFIG_VIDEO_IMX319 is not set
> # CONFIG_VIDEO_IMX355 is not set
> # CONFIG_VIDEO_OV2640 is not set
> # CONFIG_VIDEO_OV2659 is not set
> # CONFIG_VIDEO_OV2680 is not set
> # CONFIG_VIDEO_OV2685 is not set
> CONFIG_VIDEO_OV5640=m
> # CONFIG_VIDEO_OV5645 is not set
> # CONFIG_VIDEO_OV5647 is not set
> # CONFIG_VIDEO_OV6650 is not set
> # CONFIG_VIDEO_OV5670 is not set
> # CONFIG_VIDEO_OV5695 is not set
> # CONFIG_VIDEO_OV7251 is not set
> # CONFIG_VIDEO_OV772X is not set
> # CONFIG_VIDEO_OV7640 is not set
> # CONFIG_VIDEO_OV7670 is not set
> # CONFIG_VIDEO_OV7740 is not set
> # CONFIG_VIDEO_OV9650 is not set
> # CONFIG_VIDEO_OV13858 is not set
> # CONFIG_VIDEO_VS6624 is not set
> # CONFIG_VIDEO_MT9M032 is not set
> # CONFIG_VIDEO_MT9M111 is not set
> # CONFIG_VIDEO_MT9P031 is not set
> # CONFIG_VIDEO_MT9T001 is not set
> # CONFIG_VIDEO_MT9T112 is not set
> # CONFIG_VIDEO_MT9V011 is not set
> # CONFIG_VIDEO_MT9V032 is not set
> # CONFIG_VIDEO_MT9V111 is not set
> # CONFIG_VIDEO_SR030PC30 is not set
> # CONFIG_VIDEO_NOON010PC30 is not set
> # CONFIG_VIDEO_M5MOLS is not set
> # CONFIG_VIDEO_RJ54N1 is not set
> # CONFIG_VIDEO_S5K6AA is not set
> # CONFIG_VIDEO_S5K6A3 is not set
> # CONFIG_VIDEO_S5K4ECGX is not set
> # CONFIG_VIDEO_S5K5BAF is not set
> # CONFIG_VIDEO_SMIAPP is not set
> # CONFIG_VIDEO_ET8EK8 is not set
> # CONFIG_VIDEO_S5C73M3 is not set
3658a3170,3172
> # CONFIG_VIDEO_ADP1653 is not set
> # CONFIG_VIDEO_LM3560 is not set
> # CONFIG_VIDEO_LM3646 is not set
3663,3664c3177,3178
< CONFIG_VIDEO_UPD64031A=m
< CONFIG_VIDEO_UPD64083=m
---
> # CONFIG_VIDEO_UPD64031A is not set
> # CONFIG_VIDEO_UPD64083 is not set
3669c3183,3187
< CONFIG_VIDEO_SAA6752HS=m
---
> # CONFIG_VIDEO_SAA6752HS is not set
> 
> #
> # SDR tuner chips
> #
3674c3192,3194
< CONFIG_VIDEO_M52790=m
---
> # CONFIG_VIDEO_THS7303 is not set
> # CONFIG_VIDEO_M52790 is not set
> # CONFIG_VIDEO_I2C is not set
3683d3202
< # CONFIG_SOC_CAMERA_IMX074 is not set
3686d3204
< # CONFIG_SOC_CAMERA_MT9T031 is not set
3689d3206
< CONFIG_SOC_CAMERA_OV2640=y
3691d3207
< # CONFIG_SOC_CAMERA_OV6650 is not set
3697,3851c3213,3225
< CONFIG_MEDIA_TUNER=y
< CONFIG_MEDIA_TUNER_SIMPLE=y
< CONFIG_MEDIA_TUNER_TDA8290=y
< CONFIG_MEDIA_TUNER_TDA827X=y
< CONFIG_MEDIA_TUNER_TDA18271=y
< CONFIG_MEDIA_TUNER_TDA9887=y
< CONFIG_MEDIA_TUNER_MT20XX=y
< CONFIG_MEDIA_TUNER_MT2060=m
< CONFIG_MEDIA_TUNER_MT2063=m
< CONFIG_MEDIA_TUNER_MT2266=m
< CONFIG_MEDIA_TUNER_MT2131=m
< CONFIG_MEDIA_TUNER_QT1010=m
< CONFIG_MEDIA_TUNER_XC2028=y
< CONFIG_MEDIA_TUNER_XC5000=y
< CONFIG_MEDIA_TUNER_XC4000=y
< CONFIG_MEDIA_TUNER_MXL5005S=m
< CONFIG_MEDIA_TUNER_MXL5007T=m
< CONFIG_MEDIA_TUNER_MC44S803=y
< CONFIG_MEDIA_TUNER_MAX2165=m
< CONFIG_MEDIA_TUNER_TDA18218=m
< CONFIG_MEDIA_TUNER_FC0011=m
< CONFIG_MEDIA_TUNER_FC0012=m
< CONFIG_MEDIA_TUNER_FC0013=m
< CONFIG_MEDIA_TUNER_TDA18212=m
< CONFIG_MEDIA_TUNER_E4000=m
< CONFIG_MEDIA_TUNER_FC2580=m
< CONFIG_MEDIA_TUNER_M88TS2022=m
< CONFIG_MEDIA_TUNER_TUA9001=m
< CONFIG_MEDIA_TUNER_IT913X=m
< CONFIG_MEDIA_TUNER_R820T=m
< 
< #
< # Multistandard (satellite) frontends
< #
< CONFIG_DVB_STB0899=m
< CONFIG_DVB_STB6100=m
< CONFIG_DVB_STV090x=m
< CONFIG_DVB_STV6110x=m
< CONFIG_DVB_M88DS3103=m
< 
< #
< # Multistandard (cable + terrestrial) frontends
< #
< CONFIG_DVB_DRXK=m
< CONFIG_DVB_TDA18271C2DD=m
< 
< #
< # DVB-S (satellite) frontends
< #
< CONFIG_DVB_CX24110=m
< CONFIG_DVB_CX24123=m
< CONFIG_DVB_MT312=m
< CONFIG_DVB_ZL10036=m
< CONFIG_DVB_ZL10039=m
< CONFIG_DVB_S5H1420=m
< CONFIG_DVB_STV0288=m
< CONFIG_DVB_STB6000=m
< CONFIG_DVB_STV0299=m
< CONFIG_DVB_STV6110=m
< CONFIG_DVB_STV0900=m
< CONFIG_DVB_TDA8083=m
< CONFIG_DVB_TDA10086=m
< CONFIG_DVB_TDA8261=m
< CONFIG_DVB_VES1X93=m
< CONFIG_DVB_TUNER_ITD1000=m
< CONFIG_DVB_TUNER_CX24113=m
< CONFIG_DVB_TDA826X=m
< CONFIG_DVB_TUA6100=m
< CONFIG_DVB_CX24116=m
< CONFIG_DVB_CX24117=m
< CONFIG_DVB_SI21XX=m
< CONFIG_DVB_TS2020=m
< CONFIG_DVB_DS3000=m
< CONFIG_DVB_MB86A16=m
< CONFIG_DVB_TDA10071=m
< 
< #
< # DVB-T (terrestrial) frontends
< #
< CONFIG_DVB_SP8870=m
< CONFIG_DVB_SP887X=m
< CONFIG_DVB_CX22700=m
< CONFIG_DVB_CX22702=m
< CONFIG_DVB_DRXD=m
< CONFIG_DVB_L64781=m
< CONFIG_DVB_TDA1004X=m
< CONFIG_DVB_NXT6000=m
< CONFIG_DVB_MT352=m
< CONFIG_DVB_ZL10353=m
< CONFIG_DVB_DIB3000MB=m
< CONFIG_DVB_DIB3000MC=m
< CONFIG_DVB_DIB7000M=m
< CONFIG_DVB_DIB7000P=m
< CONFIG_DVB_TDA10048=m
< CONFIG_DVB_AF9013=m
< CONFIG_DVB_EC100=m
< CONFIG_DVB_STV0367=m
< CONFIG_DVB_CXD2820R=m
< CONFIG_DVB_RTL2830=m
< CONFIG_DVB_RTL2832=m
< 
< #
< # DVB-C (cable) frontends
< #
< CONFIG_DVB_VES1820=m
< CONFIG_DVB_TDA10021=m
< CONFIG_DVB_TDA10023=m
< CONFIG_DVB_STV0297=m
< 
< #
< # ATSC (North American/Korean Terrestrial/Cable DTV) frontends
< #
< CONFIG_DVB_NXT200X=m
< CONFIG_DVB_OR51211=m
< CONFIG_DVB_OR51132=m
< CONFIG_DVB_BCM3510=m
< CONFIG_DVB_LGDT330X=m
< CONFIG_DVB_LGDT3305=m
< CONFIG_DVB_LG2160=m
< CONFIG_DVB_S5H1409=m
< CONFIG_DVB_AU8522=m
< CONFIG_DVB_AU8522_DTV=m
< CONFIG_DVB_AU8522_V4L=m
< CONFIG_DVB_S5H1411=m
< 
< #
< # ISDB-T (terrestrial) frontends
< #
< CONFIG_DVB_S921=m
< CONFIG_DVB_DIB8000=m
< CONFIG_DVB_MB86A20S=m
< 
< #
< # Digital terrestrial only tuners/PLL
< #
< CONFIG_DVB_PLL=m
< CONFIG_DVB_TUNER_DIB0070=m
< CONFIG_DVB_TUNER_DIB0090=m
< 
< #
< # SEC control devices for DVB-S
< #
< CONFIG_DVB_LNBP21=m
< CONFIG_DVB_LNBP22=m
< CONFIG_DVB_ISL6405=m
< CONFIG_DVB_ISL6421=m
< CONFIG_DVB_ISL6423=m
< CONFIG_DVB_A8293=m
< CONFIG_DVB_LGS8GXX=m
< CONFIG_DVB_ATBM8830=m
< CONFIG_DVB_TDA665x=m
< CONFIG_DVB_IX2505V=m
< CONFIG_DVB_IT913X_FE=m
< CONFIG_DVB_M88RS2000=m
< CONFIG_DVB_AF9033=m
---
> 
> #
> # SPI helper chips
> #
> # CONFIG_VIDEO_GS1662 is not set
> 
> #
> # Media SPI Adapters
> #
> 
> #
> # Customise DVB Frontends
> #
3856d3229
< # CONFIG_DVB_DUMMY_FE is not set
3862a3236,3262
> CONFIG_IMX_IPUV3_CORE=y
> CONFIG_DRM=y
> # CONFIG_DRM_DP_AUX_CHARDEV is not set
> # CONFIG_DRM_DEBUG_MM is not set
> # CONFIG_DRM_DEBUG_SELFTEST is not set
> CONFIG_DRM_KMS_HELPER=y
> CONFIG_DRM_KMS_FB_HELPER=y
> CONFIG_DRM_FBDEV_EMULATION=y
> CONFIG_DRM_FBDEV_OVERALLOC=100
> # CONFIG_DRM_FBDEV_LEAK_PHYS_SMEM is not set
> # CONFIG_DRM_LOAD_EDID_FIRMWARE is not set
> # CONFIG_DRM_DP_CEC is not set
> CONFIG_DRM_GEM_CMA_HELPER=y
> CONFIG_DRM_KMS_CMA_HELPER=y
> CONFIG_DRM_SCHED=y
> 
> #
> # I2C encoder or helper chips
> #
> # CONFIG_DRM_I2C_CH7006 is not set
> # CONFIG_DRM_I2C_SIL164 is not set
> # CONFIG_DRM_I2C_NXP_TDA998X is not set
> # CONFIG_DRM_I2C_NXP_TDA9950 is not set
> # CONFIG_DRM_HDLCD is not set
> # CONFIG_DRM_MALI_DISPLAY is not set
> # CONFIG_DRM_RADEON is not set
> # CONFIG_DRM_AMDGPU is not set
3865c3265,3269
< # Vivante GPU support
---
> # ACP (Audio CoProcessor) Configuration
> #
> 
> #
> # AMD Library routines
3867,3871d3270
< CONFIG_VIVANTE_GALCORE=y
< CONFIG_DRM=y
< # CONFIG_DRM_TDFX is not set
< # CONFIG_DRM_R128 is not set
< # CONFIG_DRM_RADEON is not set
3873,3876c3272,3273
< # CONFIG_DRM_MGA is not set
< # CONFIG_DRM_VIA is not set
< # CONFIG_DRM_SAVAGE is not set
< CONFIG_DRM_VIVANTE=y
---
> # CONFIG_DRM_VGEM is not set
> # CONFIG_DRM_VKMS is not set
3878d3274
< # CONFIG_DRM_VMWGFX is not set
3884,3885c3280,3282
< # CONFIG_DRM_RCAR_DU is not set
< # CONFIG_DRM_SHMOBILE is not set
---
> # CONFIG_DRM_RCAR_DW_HDMI is not set
> # CONFIG_DRM_RCAR_LVDS is not set
> # CONFIG_DRM_OMAP is not set
3889,3892c3286,3350
< # CONFIG_VGASTATE is not set
< CONFIG_VIDEO_OUTPUT_CONTROL=m
< CONFIG_VIDEOMODE_HELPERS=y
< CONFIG_HDMI=y
---
> # CONFIG_DRM_FSL_DCU is not set
> # CONFIG_DRM_STM is not set
> CONFIG_DRM_PANEL=y
> 
> #
> # Display Panels
> #
> # CONFIG_DRM_PANEL_ARM_VERSATILE is not set
> CONFIG_DRM_PANEL_LVDS=y
> CONFIG_DRM_PANEL_SIMPLE=y
> # CONFIG_DRM_PANEL_ILITEK_IL9322 is not set
> # CONFIG_DRM_PANEL_SAMSUNG_LD9040 is not set
> # CONFIG_DRM_PANEL_LG_LG4573 is not set
> # CONFIG_DRM_PANEL_SAMSUNG_S6E8AA0 is not set
> CONFIG_DRM_PANEL_SEIKO_43WVF1G=y
> # CONFIG_DRM_PANEL_SITRONIX_ST7789V is not set
> CONFIG_DRM_BRIDGE=y
> CONFIG_DRM_PANEL_BRIDGE=y
> 
> #
> # Display Interface Bridges
> #
> # CONFIG_DRM_ANALOGIX_ANX78XX is not set
> # CONFIG_DRM_CDNS_DSI is not set
> # CONFIG_DRM_DUMB_VGA_DAC is not set
> # CONFIG_DRM_LVDS_ENCODER is not set
> # CONFIG_DRM_MEGACHIPS_STDPXXXX_GE_B850V3_FW is not set
> # CONFIG_DRM_NXP_PTN3460 is not set
> # CONFIG_DRM_PARADE_PS8622 is not set
> # CONFIG_DRM_SIL_SII8620 is not set
> # CONFIG_DRM_SII902X is not set
> # CONFIG_DRM_SII9234 is not set
> # CONFIG_DRM_THINE_THC63LVD1024 is not set
> # CONFIG_DRM_TOSHIBA_TC358764 is not set
> # CONFIG_DRM_TOSHIBA_TC358767 is not set
> # CONFIG_DRM_TI_TFP410 is not set
> # CONFIG_DRM_TI_SN65DSI86 is not set
> # CONFIG_DRM_I2C_ADV7511 is not set
> CONFIG_DRM_DW_HDMI=y
> CONFIG_DRM_DW_HDMI_AHB_AUDIO=m
> # CONFIG_DRM_DW_HDMI_I2S_AUDIO is not set
> CONFIG_DRM_DW_HDMI_CEC=y
> # CONFIG_DRM_STI is not set
> CONFIG_DRM_IMX=y
> CONFIG_DRM_IMX_PARALLEL_DISPLAY=y
> CONFIG_DRM_IMX_TVE=y
> CONFIG_DRM_IMX_LDB=y
> CONFIG_DRM_IMX_HDMI=y
> CONFIG_DRM_ETNAVIV=y
> CONFIG_DRM_ETNAVIV_THERMAL=y
> # CONFIG_DRM_ARCPGU is not set
> # CONFIG_DRM_HISI_HIBMC is not set
> CONFIG_DRM_MXS=y
> CONFIG_DRM_MXSFB=y
> # CONFIG_DRM_TINYDRM is not set
> # CONFIG_DRM_PL111 is not set
> # CONFIG_DRM_TVE200 is not set
> # CONFIG_DRM_LEGACY is not set
> CONFIG_DRM_PANEL_ORIENTATION_QUIRKS=y
> 
> #
> # Frame buffer Devices
> #
> CONFIG_FB_CMDLINE=y
> CONFIG_FB_NOTIFY=y
3895,3896d3352
< # CONFIG_FB_DDC is not set
< # CONFIG_FB_BOOT_VESA_SUPPORT is not set
3900,3903c3356,3358
< # CONFIG_FB_CFB_REV_PIXELS_IN_BYTE is not set
< # CONFIG_FB_SYS_FILLRECT is not set
< # CONFIG_FB_SYS_COPYAREA is not set
< # CONFIG_FB_SYS_IMAGEBLIT is not set
---
> CONFIG_FB_SYS_FILLRECT=y
> CONFIG_FB_SYS_COPYAREA=y
> CONFIG_FB_SYS_IMAGEBLIT=y
3905,3908c3360,3361
< # CONFIG_FB_SYS_FOPS is not set
< # CONFIG_FB_SVGALIB is not set
< # CONFIG_FB_MACMODES is not set
< # CONFIG_FB_BACKLIGHT is not set
---
> CONFIG_FB_SYS_FOPS=y
> CONFIG_FB_DEFERRED_IO=y
3943,3944d3395
< # CONFIG_FB_TMIO is not set
< # CONFIG_FB_SM501 is not set
3947c3398
< # CONFIG_FB_GOLDFISH is not set
---
> # CONFIG_FB_IBM_GXT4500 is not set
3949d3399
< # CONFIG_FB_VIRTUAL_PHYMEM is not set
3952,3954c3402
< # CONFIG_FB_MX3 is not set
< # CONFIG_FB_BROADSHEET is not set
< # CONFIG_FB_AUO_K190X is not set
---
> CONFIG_FB_MX3=y
3957c3405,3406
< # CONFIG_EXYNOS_VIDEO is not set
---
> # CONFIG_FB_SSD1307 is not set
> # CONFIG_FB_SM712 is not set
3959,3960c3408,3409
< CONFIG_LCD_CLASS_DEVICE=m
< # CONFIG_LCD_L4F00242T03 is not set
---
> CONFIG_LCD_CLASS_DEVICE=y
> CONFIG_LCD_L4F00242T03=y
3967,3969c3416
< CONFIG_LCD_PLATFORM=m
< # CONFIG_LCD_S6E63M0 is not set
< # CONFIG_LCD_LD9040 is not set
---
> CONFIG_LCD_PLATFORM=y
3973,3975c3420,3423
< CONFIG_BACKLIGHT_CLASS_DEVICE=m
< # CONFIG_BACKLIGHT_GENERIC is not set
< # CONFIG_BACKLIGHT_PWM is not set
---
> # CONFIG_LCD_OTM3225A is not set
> CONFIG_BACKLIGHT_CLASS_DEVICE=y
> CONFIG_BACKLIGHT_GENERIC=y
> CONFIG_BACKLIGHT_PWM=y
3976a3425
> # CONFIG_BACKLIGHT_PM8941_WLED is not set
3982c3431
< # CONFIG_BACKLIGHT_GPIO is not set
---
> CONFIG_BACKLIGHT_GPIO=y
3985,3994c3434,3436
< CONFIG_FB_MXC=y
< CONFIG_FB_MXC_SYNC_PANEL=y
< # CONFIG_FB_MXC_TVOUT_ADV739X is not set
< CONFIG_FB_MXC_LDB=y
< # CONFIG_FB_MXC_MIPI_DSI is not set
< CONFIG_FB_MXC_HDMI=y
< CONFIG_FB_MXC_EDID=y
< # CONFIG_FB_MXC_EINK_PANEL is not set
< # CONFIG_FB_MXC_DCIC is not set
< # CONFIG_HANNSTAR_CABC is not set
---
> # CONFIG_BACKLIGHT_ARCXCNN is not set
> CONFIG_VIDEOMODE_HELPERS=y
> CONFIG_HDMI=y
4002c3444,3445
< CONFIG_FRAMEBUFFER_CONSOLE_ROTATION=y
---
> # CONFIG_FRAMEBUFFER_CONSOLE_ROTATION is not set
> # CONFIG_FRAMEBUFFER_CONSOLE_DEFERRED_TAKEOVER is not set
4004,4005c3447,3448
< # CONFIG_LOGO_LINUX_MONO is not set
< # CONFIG_LOGO_LINUX_VGA16 is not set
---
> CONFIG_LOGO_LINUX_MONO=y
> CONFIG_LOGO_LINUX_VGA16=y
4007d3449
< # CONFIG_FB_SSD1307 is not set
4009,4010d3450
< CONFIG_SOUND_OSS_CORE=y
< CONFIG_SOUND_OSS_CORE_PRECLAIM=y
4013a3454,3455
> CONFIG_SND_PCM_ELD=y
> CONFIG_SND_PCM_IEC958=y
4015c3457
< CONFIG_SND_HWDEP=y
---
> CONFIG_SND_HWDEP=m
4017d3458
< CONFIG_SND_COMPRESS_OFFLOAD=y
4019,4030c3460,3466
< CONFIG_SND_SEQUENCER=y
< CONFIG_SND_SEQ_DUMMY=m
< CONFIG_SND_OSSEMUL=y
< CONFIG_SND_MIXER_OSS=y
< CONFIG_SND_PCM_OSS=y
< CONFIG_SND_PCM_OSS_PLUGINS=y
< CONFIG_SND_SEQUENCER_OSS=y
< CONFIG_SND_HRTIMER=y
< CONFIG_SND_SEQ_HRTIMER_DEFAULT=y
< CONFIG_SND_DYNAMIC_MINORS=y
< CONFIG_SND_MAX_CARDS=32
< # CONFIG_SND_SUPPORT_OLD_API is not set
---
> CONFIG_SND_JACK_INPUT_DEV=y
> # CONFIG_SND_OSSEMUL is not set
> CONFIG_SND_PCM_TIMER=y
> # CONFIG_SND_HRTIMER is not set
> # CONFIG_SND_DYNAMIC_MINORS is not set
> CONFIG_SND_SUPPORT_OLD_API=y
> CONFIG_SND_PROC_FS=y
4035,4043c3471
< CONFIG_SND_KCTL_JACK=y
< CONFIG_SND_RAWMIDI_SEQ=m
< CONFIG_SND_OPL3_LIB_SEQ=m
< # CONFIG_SND_OPL4_LIB_SEQ is not set
< # CONFIG_SND_SBAWE_SEQ is not set
< CONFIG_SND_EMU10K1_SEQ=m
< CONFIG_SND_MPU401_UART=m
< CONFIG_SND_OPL3_LIB=m
< CONFIG_SND_VX_LIB=m
---
> # CONFIG_SND_SEQUENCER is not set
4046,4055c3474,3479
< CONFIG_SND_DUMMY=m
< CONFIG_SND_ALOOP=m
< CONFIG_SND_VIRMIDI=m
< CONFIG_SND_MTPAV=m
< CONFIG_SND_MTS64=m
< CONFIG_SND_SERIAL_U16550=m
< CONFIG_SND_MPU401=m
< CONFIG_SND_PORTMAN2X4=m
< CONFIG_SND_AC97_POWER_SAVE=y
< CONFIG_SND_AC97_POWER_SAVE_DEFAULT=0
---
> # CONFIG_SND_DUMMY is not set
> # CONFIG_SND_ALOOP is not set
> # CONFIG_SND_MTPAV is not set
> # CONFIG_SND_SERIAL_U16550 is not set
> # CONFIG_SND_MPU401 is not set
> # CONFIG_SND_AC97_POWER_SAVE is not set
4057,4064c3481,3486
< CONFIG_SND_AD1889=m
< CONFIG_SND_ALS300=m
< CONFIG_SND_ALI5451=m
< CONFIG_SND_ATIIXP=m
< CONFIG_SND_ATIIXP_MODEM=m
< CONFIG_SND_AU8810=m
< CONFIG_SND_AU8820=m
< CONFIG_SND_AU8830=m
---
> # CONFIG_SND_AD1889 is not set
> # CONFIG_SND_ATIIXP is not set
> # CONFIG_SND_ATIIXP_MODEM is not set
> # CONFIG_SND_AU8810 is not set
> # CONFIG_SND_AU8820 is not set
> # CONFIG_SND_AU8830 is not set
4066,4147c3488,3538
< CONFIG_SND_AZT3328=m
< CONFIG_SND_BT87X=m
< # CONFIG_SND_BT87X_OVERCLOCK is not set
< CONFIG_SND_CA0106=m
< CONFIG_SND_CMIPCI=m
< CONFIG_SND_OXYGEN_LIB=m
< CONFIG_SND_OXYGEN=m
< CONFIG_SND_CS4281=m
< CONFIG_SND_CS46XX=m
< CONFIG_SND_CS46XX_NEW_DSP=y
< CONFIG_SND_CS5535AUDIO=m
< CONFIG_SND_CTXFI=m
< CONFIG_SND_DARLA20=m
< CONFIG_SND_GINA20=m
< CONFIG_SND_LAYLA20=m
< CONFIG_SND_DARLA24=m
< CONFIG_SND_GINA24=m
< CONFIG_SND_LAYLA24=m
< CONFIG_SND_MONA=m
< CONFIG_SND_MIA=m
< CONFIG_SND_ECHO3G=m
< CONFIG_SND_INDIGO=m
< CONFIG_SND_INDIGOIO=m
< CONFIG_SND_INDIGODJ=m
< CONFIG_SND_INDIGOIOX=m
< CONFIG_SND_INDIGODJX=m
< CONFIG_SND_EMU10K1=m
< CONFIG_SND_EMU10K1X=m
< CONFIG_SND_ENS1370=m
< CONFIG_SND_ENS1371=m
< CONFIG_SND_ES1938=m
< CONFIG_SND_ES1968=m
< CONFIG_SND_ES1968_INPUT=y
< CONFIG_SND_FM801=m
< CONFIG_SND_HDA_INTEL=y
< CONFIG_SND_HDA_DSP_LOADER=y
< CONFIG_SND_HDA_PREALLOC_SIZE=4096
< CONFIG_SND_HDA_HWDEP=y
< CONFIG_SND_HDA_RECONFIG=y
< CONFIG_SND_HDA_INPUT_BEEP=y
< CONFIG_SND_HDA_INPUT_BEEP_MODE=0
< CONFIG_SND_HDA_INPUT_JACK=y
< CONFIG_SND_HDA_PATCH_LOADER=y
< CONFIG_SND_HDA_CODEC_REALTEK=y
< CONFIG_SND_HDA_CODEC_ANALOG=y
< CONFIG_SND_HDA_CODEC_SIGMATEL=y
< CONFIG_SND_HDA_CODEC_VIA=y
< CONFIG_SND_HDA_CODEC_HDMI=y
< CONFIG_SND_HDA_CODEC_CIRRUS=y
< CONFIG_SND_HDA_CODEC_CONEXANT=y
< CONFIG_SND_HDA_CODEC_CA0110=y
< CONFIG_SND_HDA_CODEC_CA0132=y
< CONFIG_SND_HDA_CODEC_CA0132_DSP=y
< CONFIG_SND_HDA_CODEC_CMEDIA=y
< CONFIG_SND_HDA_CODEC_SI3054=y
< CONFIG_SND_HDA_GENERIC=y
< CONFIG_SND_HDA_POWER_SAVE_DEFAULT=0
< CONFIG_SND_HDSP=m
< CONFIG_SND_HDSPM=m
< CONFIG_SND_ICE1712=m
< CONFIG_SND_ICE1724=m
< CONFIG_SND_INTEL8X0=y
< CONFIG_SND_INTEL8X0M=m
< CONFIG_SND_KORG1212=m
< CONFIG_SND_LOLA=m
< CONFIG_SND_LX6464ES=m
< CONFIG_SND_MAESTRO3=m
< CONFIG_SND_MAESTRO3_INPUT=y
< CONFIG_SND_MIXART=m
< CONFIG_SND_NM256=m
< CONFIG_SND_PCXHR=m
< CONFIG_SND_RIPTIDE=m
< CONFIG_SND_RME32=m
< CONFIG_SND_RME96=m
< CONFIG_SND_RME9652=m
< CONFIG_SND_SONICVIBES=m
< CONFIG_SND_TRIDENT=m
< CONFIG_SND_VIA82XX=m
< CONFIG_SND_VIA82XX_MODEM=m
< CONFIG_SND_VIRTUOSO=m
< CONFIG_SND_VX222=m
< CONFIG_SND_YMFPCI=m
---
> # CONFIG_SND_BT87X is not set
> # CONFIG_SND_CA0106 is not set
> # CONFIG_SND_CMIPCI is not set
> # CONFIG_SND_OXYGEN is not set
> # CONFIG_SND_CS4281 is not set
> # CONFIG_SND_CS46XX is not set
> # CONFIG_SND_CTXFI is not set
> # CONFIG_SND_DARLA20 is not set
> # CONFIG_SND_GINA20 is not set
> # CONFIG_SND_LAYLA20 is not set
> # CONFIG_SND_DARLA24 is not set
> # CONFIG_SND_GINA24 is not set
> # CONFIG_SND_LAYLA24 is not set
> # CONFIG_SND_MONA is not set
> # CONFIG_SND_MIA is not set
> # CONFIG_SND_ECHO3G is not set
> # CONFIG_SND_INDIGO is not set
> # CONFIG_SND_INDIGOIO is not set
> # CONFIG_SND_INDIGODJ is not set
> # CONFIG_SND_INDIGOIOX is not set
> # CONFIG_SND_INDIGODJX is not set
> # CONFIG_SND_ENS1370 is not set
> # CONFIG_SND_ENS1371 is not set
> # CONFIG_SND_FM801 is not set
> # CONFIG_SND_HDSP is not set
> # CONFIG_SND_HDSPM is not set
> # CONFIG_SND_ICE1724 is not set
> # CONFIG_SND_INTEL8X0 is not set
> # CONFIG_SND_INTEL8X0M is not set
> # CONFIG_SND_KORG1212 is not set
> # CONFIG_SND_LOLA is not set
> # CONFIG_SND_LX6464ES is not set
> # CONFIG_SND_MIXART is not set
> # CONFIG_SND_NM256 is not set
> # CONFIG_SND_PCXHR is not set
> # CONFIG_SND_RIPTIDE is not set
> # CONFIG_SND_RME32 is not set
> # CONFIG_SND_RME96 is not set
> # CONFIG_SND_RME9652 is not set
> # CONFIG_SND_SE6X is not set
> # CONFIG_SND_VIA82XX is not set
> # CONFIG_SND_VIA82XX_MODEM is not set
> # CONFIG_SND_VIRTUOSO is not set
> # CONFIG_SND_VX222 is not set
> # CONFIG_SND_YMFPCI is not set
> 
> #
> # HD-Audio
> #
> # CONFIG_SND_HDA_INTEL is not set
> CONFIG_SND_HDA_PREALLOC_SIZE=64
4152,4163c3543,3551
< CONFIG_SND_USB_UA101=m
< CONFIG_SND_USB_CAIAQ=m
< CONFIG_SND_USB_CAIAQ_INPUT=y
< CONFIG_SND_USB_6FIRE=m
< CONFIG_SND_USB_HIFACE=m
< CONFIG_SND_FIREWIRE=y
< CONFIG_SND_FIREWIRE_LIB=m
< CONFIG_SND_DICE=m
< CONFIG_SND_FIREWIRE_SPEAKERS=m
< CONFIG_SND_ISIGHT=m
< CONFIG_SND_SCS1X=m
< # CONFIG_SND_PCMCIA is not set
---
> # CONFIG_SND_USB_UA101 is not set
> # CONFIG_SND_USB_CAIAQ is not set
> # CONFIG_SND_USB_6FIRE is not set
> # CONFIG_SND_USB_HIFACE is not set
> # CONFIG_SND_BCD2000 is not set
> # CONFIG_SND_USB_POD is not set
> # CONFIG_SND_USB_PODHD is not set
> # CONFIG_SND_USB_TONEPORT is not set
> # CONFIG_SND_USB_VARIAX is not set
4164a3553
> CONFIG_SND_SOC_AC97_BUS=y
4165a3555
> # CONFIG_SND_SOC_AMD_ACP is not set
4176c3566
< # CONFIG_SND_SOC_FSL_ASRC is not set
---
> CONFIG_SND_SOC_FSL_ASRC=y
4180,4181c3570,3571
< # CONFIG_SND_SOC_FSL_ESAI is not set
< CONFIG_SND_SOC_FSL_HDMI=y
---
> CONFIG_SND_SOC_FSL_ESAI=y
> CONFIG_SND_SOC_FSL_UTILS=y
4185c3575,3576
< CONFIG_SND_SOC_IMX_HDMI_DMA=y
---
> CONFIG_SND_SOC_IMX_SSI=y
> CONFIG_SND_SOC_IMX_PCM_FIQ=y
4190,4192c3581,3583
< # CONFIG_SND_SOC_IMX_CS42888 is not set
< # CONFIG_SND_SOC_IMX_WM8731 is not set
< # CONFIG_SND_SOC_IMX_WM8962 is not set
---
> CONFIG_SND_SOC_PHYCORE_AC97=y
> CONFIG_SND_SOC_EUKREA_TLV320=y
> CONFIG_SND_SOC_IMX_ES8328=y
4194,4195d3584
< # CONFIG_SND_SOC_IMX_AC97_VT1613 is not set
< # CONFIG_SND_SOC_IMX_MQS is not set
4197,4200c3586,3595
< # CONFIG_SND_SOC_IMX_MC13783 is not set
< CONFIG_SND_SOC_IMX_HDMI=y
< # CONFIG_SND_SOC_IMX_SI476X is not set
< # CONFIG_SND_SOC_IMX_TDA1997X is not set
---
> CONFIG_SND_SOC_IMX_MC13783=y
> CONFIG_SND_SOC_FSL_ASOC_CARD=y
> # CONFIG_SND_I2S_HI6210_I2S is not set
> # CONFIG_SND_SOC_IMG is not set
> 
> #
> # STMicroelectronics STM32 SOC audio support
> #
> # CONFIG_SND_SOC_XTFPGA_I2S is not set
> # CONFIG_ZX_TDM is not set
4202,4203c3597,3663
< # CONFIG_SND_SOC_CS42XX8_I2C is not set
< CONFIG_SND_SOC_HDMI_CODEC=y
---
> 
> #
> # CODEC drivers
> #
> CONFIG_SND_SOC_AC97_CODEC=y
> # CONFIG_SND_SOC_ADAU1701 is not set
> # CONFIG_SND_SOC_ADAU1761_I2C is not set
> # CONFIG_SND_SOC_ADAU1761_SPI is not set
> # CONFIG_SND_SOC_ADAU7002 is not set
> # CONFIG_SND_SOC_AK4104 is not set
> # CONFIG_SND_SOC_AK4458 is not set
> # CONFIG_SND_SOC_AK4554 is not set
> # CONFIG_SND_SOC_AK4613 is not set
> # CONFIG_SND_SOC_AK4642 is not set
> # CONFIG_SND_SOC_AK5386 is not set
> # CONFIG_SND_SOC_AK5558 is not set
> # CONFIG_SND_SOC_ALC5623 is not set
> # CONFIG_SND_SOC_BD28623 is not set
> # CONFIG_SND_SOC_BT_SCO is not set
> # CONFIG_SND_SOC_CS35L32 is not set
> # CONFIG_SND_SOC_CS35L33 is not set
> # CONFIG_SND_SOC_CS35L34 is not set
> # CONFIG_SND_SOC_CS35L35 is not set
> # CONFIG_SND_SOC_CS42L42 is not set
> # CONFIG_SND_SOC_CS42L51_I2C is not set
> # CONFIG_SND_SOC_CS42L52 is not set
> # CONFIG_SND_SOC_CS42L56 is not set
> # CONFIG_SND_SOC_CS42L73 is not set
> # CONFIG_SND_SOC_CS4265 is not set
> # CONFIG_SND_SOC_CS4270 is not set
> # CONFIG_SND_SOC_CS4271_I2C is not set
> # CONFIG_SND_SOC_CS4271_SPI is not set
> CONFIG_SND_SOC_CS42XX8=y
> CONFIG_SND_SOC_CS42XX8_I2C=y
> # CONFIG_SND_SOC_CS43130 is not set
> # CONFIG_SND_SOC_CS4349 is not set
> # CONFIG_SND_SOC_CS53L30 is not set
> # CONFIG_SND_SOC_DMIC is not set
> # CONFIG_SND_SOC_ES7134 is not set
> # CONFIG_SND_SOC_ES7241 is not set
> # CONFIG_SND_SOC_ES8316 is not set
> CONFIG_SND_SOC_ES8328=y
> CONFIG_SND_SOC_ES8328_I2C=y
> CONFIG_SND_SOC_ES8328_SPI=y
> # CONFIG_SND_SOC_GTM601 is not set
> # CONFIG_SND_SOC_INNO_RK3036 is not set
> # CONFIG_SND_SOC_MAX98088 is not set
> # CONFIG_SND_SOC_MAX98504 is not set
> # CONFIG_SND_SOC_MAX9867 is not set
> # CONFIG_SND_SOC_MAX98927 is not set
> # CONFIG_SND_SOC_MAX98373 is not set
> # CONFIG_SND_SOC_MAX9860 is not set
> # CONFIG_SND_SOC_MSM8916_WCD_DIGITAL is not set
> # CONFIG_SND_SOC_PCM1681 is not set
> # CONFIG_SND_SOC_PCM1789_I2C is not set
> # CONFIG_SND_SOC_PCM179X_I2C is not set
> # CONFIG_SND_SOC_PCM179X_SPI is not set
> # CONFIG_SND_SOC_PCM186X_I2C is not set
> # CONFIG_SND_SOC_PCM186X_SPI is not set
> # CONFIG_SND_SOC_PCM3060_I2C is not set
> # CONFIG_SND_SOC_PCM3060_SPI is not set
> # CONFIG_SND_SOC_PCM3168A_I2C is not set
> # CONFIG_SND_SOC_PCM3168A_SPI is not set
> # CONFIG_SND_SOC_PCM512x_I2C is not set
> # CONFIG_SND_SOC_PCM512x_SPI is not set
> # CONFIG_SND_SOC_RT5616 is not set
> # CONFIG_SND_SOC_RT5631 is not set
4205,4206c3665,3728
< # CONFIG_SND_SIMPLE_CARD is not set
< # CONFIG_SOUND_PRIME is not set
---
> # CONFIG_SND_SOC_SIMPLE_AMPLIFIER is not set
> # CONFIG_SND_SOC_SIRF_AUDIO_CODEC is not set
> # CONFIG_SND_SOC_SPDIF is not set
> # CONFIG_SND_SOC_SSM2305 is not set
> # CONFIG_SND_SOC_SSM2602_SPI is not set
> # CONFIG_SND_SOC_SSM2602_I2C is not set
> # CONFIG_SND_SOC_SSM4567 is not set
> # CONFIG_SND_SOC_STA32X is not set
> # CONFIG_SND_SOC_STA350 is not set
> # CONFIG_SND_SOC_STI_SAS is not set
> # CONFIG_SND_SOC_TAS2552 is not set
> # CONFIG_SND_SOC_TAS5086 is not set
> # CONFIG_SND_SOC_TAS571X is not set
> # CONFIG_SND_SOC_TAS5720 is not set
> # CONFIG_SND_SOC_TAS6424 is not set
> # CONFIG_SND_SOC_TDA7419 is not set
> # CONFIG_SND_SOC_TFA9879 is not set
> CONFIG_SND_SOC_TLV320AIC23=y
> CONFIG_SND_SOC_TLV320AIC23_I2C=y
> # CONFIG_SND_SOC_TLV320AIC23_SPI is not set
> # CONFIG_SND_SOC_TLV320AIC31XX is not set
> # CONFIG_SND_SOC_TLV320AIC32X4_I2C is not set
> # CONFIG_SND_SOC_TLV320AIC32X4_SPI is not set
> CONFIG_SND_SOC_TLV320AIC3X=y
> # CONFIG_SND_SOC_TS3A227E is not set
> # CONFIG_SND_SOC_TSCS42XX is not set
> # CONFIG_SND_SOC_TSCS454 is not set
> # CONFIG_SND_SOC_WM8510 is not set
> # CONFIG_SND_SOC_WM8523 is not set
> # CONFIG_SND_SOC_WM8524 is not set
> # CONFIG_SND_SOC_WM8580 is not set
> # CONFIG_SND_SOC_WM8711 is not set
> # CONFIG_SND_SOC_WM8728 is not set
> # CONFIG_SND_SOC_WM8731 is not set
> # CONFIG_SND_SOC_WM8737 is not set
> # CONFIG_SND_SOC_WM8741 is not set
> # CONFIG_SND_SOC_WM8750 is not set
> # CONFIG_SND_SOC_WM8753 is not set
> # CONFIG_SND_SOC_WM8770 is not set
> # CONFIG_SND_SOC_WM8776 is not set
> # CONFIG_SND_SOC_WM8782 is not set
> # CONFIG_SND_SOC_WM8804_I2C is not set
> # CONFIG_SND_SOC_WM8804_SPI is not set
> # CONFIG_SND_SOC_WM8903 is not set
> CONFIG_SND_SOC_WM8960=y
> CONFIG_SND_SOC_WM8962=y
> # CONFIG_SND_SOC_WM8974 is not set
> # CONFIG_SND_SOC_WM8978 is not set
> # CONFIG_SND_SOC_WM8985 is not set
> CONFIG_SND_SOC_WM9712=y
> # CONFIG_SND_SOC_ZX_AUD96P22 is not set
> # CONFIG_SND_SOC_MAX9759 is not set
> CONFIG_SND_SOC_MC13783=y
> # CONFIG_SND_SOC_MT6351 is not set
> # CONFIG_SND_SOC_NAU8540 is not set
> # CONFIG_SND_SOC_NAU8810 is not set
> # CONFIG_SND_SOC_NAU8822 is not set
> # CONFIG_SND_SOC_NAU8824 is not set
> # CONFIG_SND_SOC_TPA6130A2 is not set
> CONFIG_SND_SIMPLE_CARD_UTILS=y
> CONFIG_SND_SIMPLE_CARD=y
> # CONFIG_SND_SIMPLE_SCU_CARD is not set
> # CONFIG_SND_AUDIO_GRAPH_CARD is not set
> # CONFIG_SND_AUDIO_GRAPH_SCU_CARD is not set
4213,4215c3735,3737
< CONFIG_HID_BATTERY_STRENGTH=y
< CONFIG_HIDRAW=y
< CONFIG_UHID=m
---
> # CONFIG_HID_BATTERY_STRENGTH is not set
> # CONFIG_HIDRAW is not set
> # CONFIG_UHID is not set
4222,4223c3744,3745
< CONFIG_HID_ACRUX=m
< CONFIG_HID_ACRUX_FF=y
---
> # CONFIG_HID_ACCUTOUCH is not set
> # CONFIG_HID_ACRUX is not set
4225,4226c3747,3749
< CONFIG_HID_APPLEIR=m
< CONFIG_HID_AUREAL=m
---
> # CONFIG_HID_APPLEIR is not set
> # CONFIG_HID_ASUS is not set
> # CONFIG_HID_AUREAL is not set
4227a3751,3752
> # CONFIG_HID_BETOP_FF is not set
> # CONFIG_HID_BIGBEN_FF is not set
4230c3755,3758
< CONFIG_HID_PRODIKEYS=m
---
> # CONFIG_HID_CORSAIR is not set
> # CONFIG_HID_COUGAR is not set
> # CONFIG_HID_PRODIKEYS is not set
> # CONFIG_HID_CMEDIA is not set
4232,4236c3760,3764
< CONFIG_HID_DRAGONRISE=m
< CONFIG_DRAGONRISE_FF=y
< CONFIG_HID_EMS_FF=m
< CONFIG_HID_ELECOM=m
< CONFIG_HID_ELO=m
---
> # CONFIG_HID_DRAGONRISE is not set
> # CONFIG_HID_EMS_FF is not set
> # CONFIG_HID_ELAN is not set
> # CONFIG_HID_ELECOM is not set
> # CONFIG_HID_ELO is not set
4238,4247c3766,3778
< CONFIG_HID_HOLTEK=m
< CONFIG_HOLTEK_FF=y
< CONFIG_HID_HUION=m
< CONFIG_HID_KEYTOUCH=m
< CONFIG_HID_KYE=m
< CONFIG_HID_UCLOGIC=m
< CONFIG_HID_WALTOP=m
< CONFIG_HID_GYRATION=m
< CONFIG_HID_ICADE=m
< CONFIG_HID_TWINHAN=m
---
> # CONFIG_HID_GEMBIRD is not set
> # CONFIG_HID_GFRM is not set
> # CONFIG_HID_HOLTEK is not set
> # CONFIG_HID_GT683R is not set
> # CONFIG_HID_KEYTOUCH is not set
> # CONFIG_HID_KYE is not set
> # CONFIG_HID_UCLOGIC is not set
> # CONFIG_HID_WALTOP is not set
> # CONFIG_HID_GYRATION is not set
> # CONFIG_HID_ICADE is not set
> # CONFIG_HID_ITE is not set
> # CONFIG_HID_JABRA is not set
> # CONFIG_HID_TWINHAN is not set
4249,4250c3780,3782
< CONFIG_HID_LCPOWER=m
< CONFIG_HID_LENOVO_TPKBD=m
---
> # CONFIG_HID_LCPOWER is not set
> # CONFIG_HID_LED is not set
> # CONFIG_HID_LENOVO is not set
4252c3784,3786
< CONFIG_HID_MAGICMOUSE=y
---
> # CONFIG_HID_MAGICMOUSE is not set
> # CONFIG_HID_MAYFLASH is not set
> # CONFIG_HID_REDRAGON is not set
4255,4291c3789,3822
< CONFIG_HID_MULTITOUCH=m
< CONFIG_HID_NTRIG=y
< CONFIG_HID_ORTEK=m
< CONFIG_HID_PANTHERLORD=m
< CONFIG_PANTHERLORD_FF=y
< CONFIG_HID_PETALYNX=m
< CONFIG_HID_PICOLCD=m
< # CONFIG_HID_PICOLCD_FB is not set
< # CONFIG_HID_PICOLCD_BACKLIGHT is not set
< # CONFIG_HID_PICOLCD_LCD is not set
< # CONFIG_HID_PICOLCD_LEDS is not set
< # CONFIG_HID_PICOLCD_CIR is not set
< CONFIG_HID_PRIMAX=m
< CONFIG_HID_ROCCAT=m
< CONFIG_HID_SAITEK=m
< CONFIG_HID_SAMSUNG=m
< CONFIG_HID_SONY=m
< CONFIG_SONY_FF=y
< CONFIG_HID_SPEEDLINK=m
< CONFIG_HID_STEELSERIES=m
< CONFIG_HID_SUNPLUS=m
< CONFIG_HID_GREENASIA=m
< CONFIG_GREENASIA_FF=y
< CONFIG_HID_SMARTJOYPLUS=m
< CONFIG_SMARTJOYPLUS_FF=y
< CONFIG_HID_TIVO=m
< CONFIG_HID_TOPSEED=m
< CONFIG_HID_THINGM=m
< CONFIG_HID_THRUSTMASTER=m
< CONFIG_THRUSTMASTER_FF=y
< CONFIG_HID_WACOM=m
< CONFIG_HID_WIIMOTE=m
< CONFIG_HID_XINMO=m
< CONFIG_HID_ZEROPLUS=m
< CONFIG_ZEROPLUS_FF=y
< CONFIG_HID_ZYDACRON=m
< CONFIG_HID_SENSOR_HUB=m
---
> CONFIG_HID_MULTITOUCH=y
> # CONFIG_HID_NTI is not set
> # CONFIG_HID_NTRIG is not set
> # CONFIG_HID_ORTEK is not set
> # CONFIG_HID_PANTHERLORD is not set
> # CONFIG_HID_PENMOUNT is not set
> # CONFIG_HID_PETALYNX is not set
> # CONFIG_HID_PICOLCD is not set
> # CONFIG_HID_PLANTRONICS is not set
> # CONFIG_HID_PRIMAX is not set
> # CONFIG_HID_RETRODE is not set
> # CONFIG_HID_ROCCAT is not set
> # CONFIG_HID_SAITEK is not set
> # CONFIG_HID_SAMSUNG is not set
> # CONFIG_HID_SONY is not set
> # CONFIG_HID_SPEEDLINK is not set
> # CONFIG_HID_STEAM is not set
> # CONFIG_HID_STEELSERIES is not set
> # CONFIG_HID_SUNPLUS is not set
> # CONFIG_HID_RMI is not set
> # CONFIG_HID_GREENASIA is not set
> # CONFIG_HID_SMARTJOYPLUS is not set
> # CONFIG_HID_TIVO is not set
> # CONFIG_HID_TOPSEED is not set
> # CONFIG_HID_THINGM is not set
> # CONFIG_HID_THRUSTMASTER is not set
> # CONFIG_HID_UDRAW_PS3 is not set
> # CONFIG_HID_WACOM is not set
> # CONFIG_HID_WIIMOTE is not set
> # CONFIG_HID_XINMO is not set
> # CONFIG_HID_ZEROPLUS is not set
> # CONFIG_HID_ZYDACRON is not set
> # CONFIG_HID_SENSOR_HUB is not set
> # CONFIG_HID_ALPS is not set
4297,4298c3828,3829
< CONFIG_HID_PID=y
< CONFIG_USB_HIDDEV=y
---
> # CONFIG_HID_PID is not set
> # CONFIG_USB_HIDDEV is not set
4303c3834
< CONFIG_I2C_HID=m
---
> # CONFIG_I2C_HID is not set
4309,4310c3840,3841
< # CONFIG_USB_DEBUG is not set
< CONFIG_USB_ANNOUNCE_NEW_DEVICES=y
---
> CONFIG_USB_PCI=y
> # CONFIG_USB_ANNOUNCE_NEW_DEVICES is not set
4320,4324c3851,3853
< # CONFIG_USB_OTG_FSM is not set
< CONFIG_USB_MON=y
< CONFIG_USB_WUSB=m
< CONFIG_USB_WUSB_CBAF=m
< # CONFIG_USB_WUSB_CBAF_DEBUG is not set
---
> # CONFIG_USB_LEDS_TRIGGER_USBPORT is not set
> # CONFIG_USB_MON is not set
> # CONFIG_USB_WUSB_CBAF is not set
4330c3859
< CONFIG_USB_XHCI_HCD=y
---
> # CONFIG_USB_XHCI_HCD is not set
4335c3864
< # CONFIG_USB_EHCI_MXC is not set
---
> CONFIG_USB_EHCI_MXC=y
4339,4341d3867
< # CONFIG_USB_ISP1760_HCD is not set
< CONFIG_USB_ISP1362_HCD=m
< CONFIG_USB_FUSBH200_HCD=m
4343,4350c3869,3872
< CONFIG_USB_OHCI_HCD=y
< CONFIG_USB_OHCI_HCD_PCI=y
< # CONFIG_USB_OHCI_HCD_PLATFORM is not set
< CONFIG_USB_UHCI_HCD=y
< CONFIG_USB_U132_HCD=m
< CONFIG_USB_SL811_HCD=m
< CONFIG_USB_SL811_HCD_ISO=y
< # CONFIG_USB_SL811_CS is not set
---
> # CONFIG_USB_MAX3421_HCD is not set
> # CONFIG_USB_OHCI_HCD is not set
> # CONFIG_USB_UHCI_HCD is not set
> # CONFIG_USB_SL811_HCD is not set
4352,4353d3873
< CONFIG_USB_WHCI_HCD=m
< CONFIG_USB_HWA_HCD=m
4355,4356d3874
< # CONFIG_USB_HCD_BCMA is not set
< # CONFIG_USB_HCD_SSB is not set
4358d3875
< # CONFIG_USB_RENESAS_USBHS is not set
4363,4366c3880,3883
< CONFIG_USB_ACM=m
< CONFIG_USB_PRINTER=m
< CONFIG_USB_WDM=m
< CONFIG_USB_TMC=m
---
> # CONFIG_USB_ACM is not set
> # CONFIG_USB_PRINTER is not set
> # CONFIG_USB_WDM is not set
> # CONFIG_USB_TMC is not set
4377,4390c3894,3907
< CONFIG_USB_STORAGE_REALTEK=m
< CONFIG_REALTEK_AUTOPM=y
< CONFIG_USB_STORAGE_DATAFAB=m
< CONFIG_USB_STORAGE_FREECOM=m
< CONFIG_USB_STORAGE_ISD200=m
< CONFIG_USB_STORAGE_USBAT=y
< CONFIG_USB_STORAGE_SDDR09=m
< CONFIG_USB_STORAGE_SDDR55=m
< CONFIG_USB_STORAGE_JUMPSHOT=m
< CONFIG_USB_STORAGE_ALAUDA=m
< CONFIG_USB_STORAGE_ONETOUCH=m
< CONFIG_USB_STORAGE_KARMA=m
< CONFIG_USB_STORAGE_CYPRESS_ATACB=m
< CONFIG_USB_STORAGE_ENE_UB6250=m
---
> # CONFIG_USB_STORAGE_REALTEK is not set
> # CONFIG_USB_STORAGE_DATAFAB is not set
> # CONFIG_USB_STORAGE_FREECOM is not set
> # CONFIG_USB_STORAGE_ISD200 is not set
> # CONFIG_USB_STORAGE_USBAT is not set
> # CONFIG_USB_STORAGE_SDDR09 is not set
> # CONFIG_USB_STORAGE_SDDR55 is not set
> # CONFIG_USB_STORAGE_JUMPSHOT is not set
> # CONFIG_USB_STORAGE_ALAUDA is not set
> # CONFIG_USB_STORAGE_ONETOUCH is not set
> # CONFIG_USB_STORAGE_KARMA is not set
> # CONFIG_USB_STORAGE_CYPRESS_ATACB is not set
> # CONFIG_USB_STORAGE_ENE_UB6250 is not set
> # CONFIG_USB_UAS is not set
4395,4396c3912,3914
< CONFIG_USB_MDC800=m
< CONFIG_USB_MICROTEK=m
---
> # CONFIG_USB_MDC800 is not set
> # CONFIG_USB_MICROTEK is not set
> # CONFIG_USBIP_CORE is not set
4400a3919,3920
> CONFIG_USB_CHIPIDEA_OF=y
> CONFIG_USB_CHIPIDEA_PCI=y
4403c3923
< # CONFIG_USB_CHIPIDEA_DEBUG is not set
---
> # CONFIG_USB_ISP1760 is not set
4408,4410c3928
< CONFIG_USB_USS720=m
< CONFIG_USB_SERIAL=y
< CONFIG_USB_SERIAL_CONSOLE=y
---
> CONFIG_USB_SERIAL=m
4412,4421c3930,3939
< CONFIG_USB_SERIAL_SIMPLE=m
< CONFIG_USB_SERIAL_AIRCABLE=m
< CONFIG_USB_SERIAL_ARK3116=m
< CONFIG_USB_SERIAL_BELKIN=m
< CONFIG_USB_SERIAL_CH341=m
< CONFIG_USB_SERIAL_WHITEHEAT=m
< CONFIG_USB_SERIAL_DIGI_ACCELEPORT=m
< CONFIG_USB_SERIAL_CP210X=m
< CONFIG_USB_SERIAL_CYPRESS_M8=m
< CONFIG_USB_SERIAL_EMPEG=m
---
> # CONFIG_USB_SERIAL_SIMPLE is not set
> # CONFIG_USB_SERIAL_AIRCABLE is not set
> # CONFIG_USB_SERIAL_ARK3116 is not set
> # CONFIG_USB_SERIAL_BELKIN is not set
> # CONFIG_USB_SERIAL_CH341 is not set
> # CONFIG_USB_SERIAL_WHITEHEAT is not set
> # CONFIG_USB_SERIAL_DIGI_ACCELEPORT is not set
> # CONFIG_USB_SERIAL_CP210X is not set
> # CONFIG_USB_SERIAL_CYPRESS_M8 is not set
> # CONFIG_USB_SERIAL_EMPEG is not set
4423,4427c3941,3945
< CONFIG_USB_SERIAL_VISOR=m
< CONFIG_USB_SERIAL_IPAQ=m
< CONFIG_USB_SERIAL_IR=m
< CONFIG_USB_SERIAL_EDGEPORT=m
< CONFIG_USB_SERIAL_EDGEPORT_TI=m
---
> # CONFIG_USB_SERIAL_VISOR is not set
> # CONFIG_USB_SERIAL_IPAQ is not set
> # CONFIG_USB_SERIAL_IR is not set
> # CONFIG_USB_SERIAL_EDGEPORT is not set
> # CONFIG_USB_SERIAL_EDGEPORT_TI is not set
4429,4436c3947,3955
< CONFIG_USB_SERIAL_GARMIN=m
< CONFIG_USB_SERIAL_IPW=m
< CONFIG_USB_SERIAL_IUU=m
< CONFIG_USB_SERIAL_KEYSPAN_PDA=m
< CONFIG_USB_SERIAL_KEYSPAN=m
< CONFIG_USB_SERIAL_KLSI=m
< CONFIG_USB_SERIAL_KOBIL_SCT=m
< CONFIG_USB_SERIAL_MCT_U232=m
---
> # CONFIG_USB_SERIAL_F8153X is not set
> # CONFIG_USB_SERIAL_GARMIN is not set
> # CONFIG_USB_SERIAL_IPW is not set
> # CONFIG_USB_SERIAL_IUU is not set
> # CONFIG_USB_SERIAL_KEYSPAN_PDA is not set
> # CONFIG_USB_SERIAL_KEYSPAN is not set
> # CONFIG_USB_SERIAL_KLSI is not set
> # CONFIG_USB_SERIAL_KOBIL_SCT is not set
> # CONFIG_USB_SERIAL_MCT_U232 is not set
4438,4440c3957,3958
< CONFIG_USB_SERIAL_MOS7720=m
< CONFIG_USB_SERIAL_MOS7715_PARPORT=y
< CONFIG_USB_SERIAL_MOS7840=m
---
> # CONFIG_USB_SERIAL_MOS7720 is not set
> # CONFIG_USB_SERIAL_MOS7840 is not set
4442,4454c3960,3971
< CONFIG_USB_SERIAL_NAVMAN=m
< CONFIG_USB_SERIAL_PL2303=m
< CONFIG_USB_SERIAL_OTI6858=m
< CONFIG_USB_SERIAL_QCAUX=m
< CONFIG_USB_SERIAL_QUALCOMM=m
< CONFIG_USB_SERIAL_SPCP8X5=m
< CONFIG_USB_SERIAL_SAFE=m
< CONFIG_USB_SERIAL_SAFE_PADDED=y
< CONFIG_USB_SERIAL_SIERRAWIRELESS=m
< CONFIG_USB_SERIAL_SYMBOL=m
< CONFIG_USB_SERIAL_TI=m
< CONFIG_USB_SERIAL_CYBERJACK=m
< CONFIG_USB_SERIAL_XIRCOM=m
---
> # CONFIG_USB_SERIAL_NAVMAN is not set
> # CONFIG_USB_SERIAL_PL2303 is not set
> # CONFIG_USB_SERIAL_OTI6858 is not set
> # CONFIG_USB_SERIAL_QCAUX is not set
> # CONFIG_USB_SERIAL_QUALCOMM is not set
> # CONFIG_USB_SERIAL_SPCP8X5 is not set
> # CONFIG_USB_SERIAL_SAFE is not set
> # CONFIG_USB_SERIAL_SIERRAWIRELESS is not set
> # CONFIG_USB_SERIAL_SYMBOL is not set
> # CONFIG_USB_SERIAL_TI is not set
> # CONFIG_USB_SERIAL_CYBERJACK is not set
> # CONFIG_USB_SERIAL_XIRCOM is not set
4457,4459c3974,3976
< CONFIG_USB_SERIAL_OMNINET=m
< CONFIG_USB_SERIAL_OPTICON=m
< CONFIG_USB_SERIAL_XSENS_MT=m
---
> # CONFIG_USB_SERIAL_OMNINET is not set
> # CONFIG_USB_SERIAL_OPTICON is not set
> # CONFIG_USB_SERIAL_XSENS_MT is not set
4461,4464c3978,3981
< # CONFIG_USB_SERIAL_ZTE is not set
< CONFIG_USB_SERIAL_SSU100=m
< CONFIG_USB_SERIAL_QT2=m
< CONFIG_USB_SERIAL_DEBUG=m
---
> # CONFIG_USB_SERIAL_SSU100 is not set
> # CONFIG_USB_SERIAL_QT2 is not set
> # CONFIG_USB_SERIAL_UPD78F0730 is not set
> # CONFIG_USB_SERIAL_DEBUG is not set
4469,4472c3986,3989
< CONFIG_USB_EMI62=m
< CONFIG_USB_EMI26=m
< CONFIG_USB_ADUTUX=m
< CONFIG_USB_SEVSEG=m
---
> # CONFIG_USB_EMI62 is not set
> # CONFIG_USB_EMI26 is not set
> # CONFIG_USB_ADUTUX is not set
> # CONFIG_USB_SEVSEG is not set
4474,4476c3991,3992
< CONFIG_USB_LEGOTOWER=m
< CONFIG_USB_LCD=m
< CONFIG_USB_LED=m
---
> # CONFIG_USB_LEGOTOWER is not set
> # CONFIG_USB_LCD is not set
4479,4497c3995,4011
< CONFIG_USB_IDMOUSE=m
< CONFIG_USB_FTDI_ELAN=m
< CONFIG_USB_APPLEDISPLAY=m
< CONFIG_USB_SISUSBVGA=m
< CONFIG_USB_SISUSBVGA_CON=y
< CONFIG_USB_LD=m
< CONFIG_USB_TRANCEVIBRATOR=m
< CONFIG_USB_IOWARRIOR=m
< # CONFIG_USB_TEST is not set
< # CONFIG_USB_EHSET_TEST_FIXTURE is not set
< CONFIG_USB_ISIGHTFW=m
< CONFIG_USB_YUREX=m
< CONFIG_USB_EZUSB_FX2=m
< CONFIG_USB_HSIC_USB3503=m
< CONFIG_USB_ATM=m
< CONFIG_USB_SPEEDTOUCH=m
< CONFIG_USB_CXACRU=m
< CONFIG_USB_UEAGLEATM=m
< CONFIG_USB_XUSBATM=m
---
> # CONFIG_USB_IDMOUSE is not set
> # CONFIG_USB_FTDI_ELAN is not set
> # CONFIG_USB_APPLEDISPLAY is not set
> # CONFIG_USB_SISUSBVGA is not set
> # CONFIG_USB_LD is not set
> # CONFIG_USB_TRANCEVIBRATOR is not set
> # CONFIG_USB_IOWARRIOR is not set
> CONFIG_USB_TEST=m
> CONFIG_USB_EHSET_TEST_FIXTURE=m
> # CONFIG_USB_ISIGHTFW is not set
> # CONFIG_USB_YUREX is not set
> # CONFIG_USB_EZUSB_FX2 is not set
> # CONFIG_USB_HUB_USB251XB is not set
> # CONFIG_USB_HSIC_USB3503 is not set
> # CONFIG_USB_HSIC_USB4604 is not set
> # CONFIG_USB_LINK_LAYER_TEST is not set
> # CONFIG_USB_CHAOSKEY is not set
4505,4506d4018
< # CONFIG_SAMSUNG_USB2PHY is not set
< # CONFIG_SAMSUNG_USB3PHY is not set
4510d4021
< CONFIG_USB_RCAR_PHY=m
4514a4026
> # CONFIG_USB_GADGET_DEBUG_FS is not set
4516a4029
> # CONFIG_U_SERIAL_CONSOLE is not set
4521c4034
< # CONFIG_USB_FSL_USB2 is not set
---
> CONFIG_USB_FSL_USB2=y
4527d4039
< # CONFIG_USB_S3C_HSOTG is not set
4529a4042
> # CONFIG_USB_SNP_UDC_PLAT is not set
4530a4044
> # CONFIG_USB_BDC_UDC is not set
4535a4050
> # CONFIG_USB_GADGET_XILINX is not set
4541a4057
> CONFIG_USB_U_AUDIO=m
4543a4060
> CONFIG_USB_F_NCM=m
4544a4062
> CONFIG_USB_F_EEM=m
4548c4066,4091
< # CONFIG_USB_CONFIGFS is not set
---
> CONFIG_USB_F_FS=m
> CONFIG_USB_F_UAC1=m
> CONFIG_USB_F_UAC2=m
> CONFIG_USB_F_UVC=m
> CONFIG_USB_F_MIDI=m
> CONFIG_USB_F_HID=m
> CONFIG_USB_F_PRINTER=m
> CONFIG_USB_CONFIGFS=m
> CONFIG_USB_CONFIGFS_SERIAL=y
> CONFIG_USB_CONFIGFS_ACM=y
> CONFIG_USB_CONFIGFS_OBEX=y
> CONFIG_USB_CONFIGFS_NCM=y
> CONFIG_USB_CONFIGFS_ECM=y
> CONFIG_USB_CONFIGFS_ECM_SUBSET=y
> CONFIG_USB_CONFIGFS_RNDIS=y
> CONFIG_USB_CONFIGFS_EEM=y
> CONFIG_USB_CONFIGFS_MASS_STORAGE=y
> CONFIG_USB_CONFIGFS_F_LB_SS=y
> CONFIG_USB_CONFIGFS_F_FS=y
> CONFIG_USB_CONFIGFS_F_UAC1=y
> # CONFIG_USB_CONFIGFS_F_UAC1_LEGACY is not set
> CONFIG_USB_CONFIGFS_F_UAC2=y
> CONFIG_USB_CONFIGFS_F_MIDI=y
> CONFIG_USB_CONFIGFS_F_HID=y
> CONFIG_USB_CONFIGFS_F_UVC=y
> CONFIG_USB_CONFIGFS_F_PRINTER=y
4550c4093,4094
< # CONFIG_USB_AUDIO is not set
---
> CONFIG_USB_AUDIO=m
> # CONFIG_GADGET_UAC1 is not set
4554,4556c4098,4103
< # CONFIG_USB_G_NCM is not set
< # CONFIG_USB_GADGETFS is not set
< # CONFIG_USB_FUNCTIONFS is not set
---
> CONFIG_USB_G_NCM=m
> CONFIG_USB_GADGETFS=m
> CONFIG_USB_FUNCTIONFS=m
> # CONFIG_USB_FUNCTIONFS_ETH is not set
> # CONFIG_USB_FUNCTIONFS_RNDIS is not set
> CONFIG_USB_FUNCTIONFS_GENERIC=y
4558,4559d4104
< # CONFIG_FSL_UTP is not set
< # CONFIG_USB_GADGET_TARGET is not set
4569,4572c4114,4117
< CONFIG_UWB=m
< CONFIG_UWB_HWA=m
< CONFIG_UWB_WHCI=m
< CONFIG_UWB_I1480U=m
---
> # CONFIG_TYPEC is not set
> # CONFIG_USB_LED_TRIG is not set
> CONFIG_USB_ULPI_BUS=y
> # CONFIG_UWB is not set
4574,4580c4119,4121
< # CONFIG_MMC_DEBUG is not set
< CONFIG_MMC_UNSAFE_RESUME=y
< # CONFIG_MMC_CLKGATE is not set
< 
< #
< # MMC/SD/SDIO Card Drivers
< #
---
> CONFIG_PWRSEQ_EMMC=y
> # CONFIG_PWRSEQ_SD8787 is not set
> CONFIG_PWRSEQ_SIMPLE=y
4583,4584c4124
< CONFIG_MMC_BLOCK_BOUNCE=y
< CONFIG_SDIO_UART=m
---
> # CONFIG_SDIO_UART is not set
4589a4130
> # CONFIG_MMC_DEBUG is not set
4592,4593c4133
< CONFIG_MMC_SDHCI_PCI=m
< CONFIG_MMC_RICOH_MMC=y
---
> # CONFIG_MMC_SDHCI_PCI is not set
4595a4136,4139
> # CONFIG_MMC_SDHCI_OF_AT91 is not set
> # CONFIG_MMC_SDHCI_OF_ESDHC is not set
> # CONFIG_MMC_SDHCI_OF_DWCMSHC is not set
> # CONFIG_MMC_SDHCI_CADENCE is not set
4597,4598c4141
< # CONFIG_MMC_SDHCI_PXAV3 is not set
< # CONFIG_MMC_SDHCI_PXAV2 is not set
---
> # CONFIG_MMC_SDHCI_F_SDH30 is not set
4600,4603c4143,4146
< CONFIG_MMC_TIFM_SD=m
< CONFIG_MMC_SDRICOH_CS=m
< CONFIG_MMC_CB710=m
< CONFIG_MMC_VIA_SDMMC=m
---
> # CONFIG_MMC_TIFM_SD is not set
> # CONFIG_MMC_SPI is not set
> # CONFIG_MMC_CB710 is not set
> # CONFIG_MMC_VIA_SDMMC is not set
4605,4653c4148,4157
< CONFIG_MMC_VUB300=m
< CONFIG_MMC_USHC=m
< CONFIG_MMC_REALTEK_PCI=m
< CONFIG_MEMSTICK=m
< # CONFIG_MEMSTICK_DEBUG is not set
< 
< #
< # MemoryStick drivers
< #
< # CONFIG_MEMSTICK_UNSAFE_RESUME is not set
< CONFIG_MSPRO_BLOCK=m
< # CONFIG_MS_BLOCK is not set
< 
< #
< # MemoryStick Host Controller Drivers
< #
< CONFIG_MEMSTICK_TIFM_MS=m
< CONFIG_MEMSTICK_JMICRON_38X=m
< CONFIG_MEMSTICK_R592=m
< CONFIG_MEMSTICK_REALTEK_PCI=m
< 
< #
< # MXC support drivers
< #
< CONFIG_MXC_IPU=y
< CONFIG_MXC_IPU_V3=y
< 
< #
< # MXC VPU(Video Processing Unit) support
< #
< CONFIG_MXC_VPU=y
< # CONFIG_MXC_VPU_DEBUG is not set
< # CONFIG_MX6_VPU_352M is not set
< 
< #
< # MXC HDMI CEC (Consumer Electronics Control) support
< #
< CONFIG_MXC_HDMI_CEC=y
< 
< #
< # MXC MIPI Support
< #
< CONFIG_MXC_MIPI_CSI2=y
< 
< #
< # MXC Media Local Bus Driver
< #
< CONFIG_MXC_MLB=y
< CONFIG_MXC_MLB150=m
---
> # CONFIG_MMC_VUB300 is not set
> # CONFIG_MMC_USHC is not set
> # CONFIG_MMC_USDHI6ROL0 is not set
> # CONFIG_MMC_CQHCI is not set
> # CONFIG_MMC_TOSHIBA_PCI is not set
> # CONFIG_MMC_MTK is not set
> # CONFIG_MMC_SDHCI_XENON is not set
> # CONFIG_MMC_SDHCI_OMAP is not set
> # CONFIG_MEMSTICK is not set
> CONFIG_LEDS_GPIO_REGISTER=y
4655a4160,4161
> # CONFIG_LEDS_CLASS_FLASH is not set
> # CONFIG_LEDS_BRIGHTNESS_HW_CHANGED is not set
4660c4166,4170
< CONFIG_LEDS_LM3530=m
---
> # CONFIG_LEDS_AN30259A is not set
> # CONFIG_LEDS_BCM6328 is not set
> # CONFIG_LEDS_BCM6358 is not set
> # CONFIG_LEDS_CR0014114 is not set
> # CONFIG_LEDS_LM3530 is not set
4661a4172
> # CONFIG_LEDS_LM3692X is not set
4664,4668c4175,4179
< CONFIG_LEDS_LP3944=m
< CONFIG_LEDS_LP55XX_COMMON=m
< CONFIG_LEDS_LP5521=m
< CONFIG_LEDS_LP5523=m
< CONFIG_LEDS_LP5562=m
---
> # CONFIG_LEDS_LP3944 is not set
> # CONFIG_LEDS_LP3952 is not set
> # CONFIG_LEDS_LP5521 is not set
> # CONFIG_LEDS_LP5523 is not set
> # CONFIG_LEDS_LP5562 is not set
4669a4181
> # CONFIG_LEDS_LP8860 is not set
4672d4183
< # CONFIG_LEDS_PCA9685 is not set
4675,4676c4186,4187
< # CONFIG_LEDS_PWM is not set
< CONFIG_LEDS_REGULATOR=m
---
> CONFIG_LEDS_PWM=y
> # CONFIG_LEDS_REGULATOR is not set
4678c4189
< CONFIG_LEDS_LT3593=m
---
> # CONFIG_LEDS_LT3593 is not set
4680a4192
> # CONFIG_LEDS_TLC591XX is not set
4682,4683c4194,4203
< # CONFIG_LEDS_OT200 is not set
< CONFIG_LEDS_BLINKM=m
---
> # CONFIG_LEDS_IS31FL319X is not set
> # CONFIG_LEDS_IS31FL32XX is not set
> 
> #
> # LED driver for blink(1) USB RGB LED is under Special HID drivers (HID_THINGM)
> #
> # CONFIG_LEDS_BLINKM is not set
> # CONFIG_LEDS_SYSCON is not set
> # CONFIG_LEDS_MLXREG is not set
> # CONFIG_LEDS_USER is not set
4689,4692c4209,4214
< CONFIG_LEDS_TRIGGER_TIMER=m
< CONFIG_LEDS_TRIGGER_ONESHOT=m
< CONFIG_LEDS_TRIGGER_HEARTBEAT=m
< CONFIG_LEDS_TRIGGER_BACKLIGHT=m
---
> CONFIG_LEDS_TRIGGER_TIMER=y
> CONFIG_LEDS_TRIGGER_ONESHOT=y
> # CONFIG_LEDS_TRIGGER_DISK is not set
> # CONFIG_LEDS_TRIGGER_MTD is not set
> CONFIG_LEDS_TRIGGER_HEARTBEAT=y
> CONFIG_LEDS_TRIGGER_BACKLIGHT=y
4693a4216
> # CONFIG_LEDS_TRIGGER_ACTIVITY is not set
4695c4218
< CONFIG_LEDS_TRIGGER_DEFAULT_ON=m
---
> CONFIG_LEDS_TRIGGER_DEFAULT_ON=y
4700,4728c4223,4231
< CONFIG_LEDS_TRIGGER_TRANSIENT=m
< CONFIG_LEDS_TRIGGER_CAMERA=m
< CONFIG_ACCESSIBILITY=y
< CONFIG_A11Y_BRAILLE_CONSOLE=y
< CONFIG_INFINIBAND=m
< CONFIG_INFINIBAND_USER_MAD=m
< CONFIG_INFINIBAND_USER_ACCESS=m
< CONFIG_INFINIBAND_USER_MEM=y
< CONFIG_INFINIBAND_ADDR_TRANS=y
< CONFIG_INFINIBAND_MTHCA=m
< # CONFIG_INFINIBAND_MTHCA_DEBUG is not set
< CONFIG_INFINIBAND_AMSO1100=m
< # CONFIG_INFINIBAND_AMSO1100_DEBUG is not set
< CONFIG_INFINIBAND_CXGB3=m
< # CONFIG_INFINIBAND_CXGB3_DEBUG is not set
< CONFIG_INFINIBAND_CXGB4=m
< CONFIG_MLX4_INFINIBAND=m
< CONFIG_MLX5_INFINIBAND=m
< CONFIG_INFINIBAND_NES=m
< # CONFIG_INFINIBAND_NES_DEBUG is not set
< # CONFIG_INFINIBAND_OCRDMA is not set
< CONFIG_INFINIBAND_IPOIB=m
< CONFIG_INFINIBAND_IPOIB_CM=y
< CONFIG_INFINIBAND_IPOIB_DEBUG=y
< CONFIG_INFINIBAND_IPOIB_DEBUG_DATA=y
< CONFIG_INFINIBAND_SRP=m
< CONFIG_INFINIBAND_SRPT=m
< CONFIG_INFINIBAND_ISER=m
< CONFIG_INFINIBAND_ISERT=m
---
> # CONFIG_LEDS_TRIGGER_TRANSIENT is not set
> # CONFIG_LEDS_TRIGGER_CAMERA is not set
> # CONFIG_LEDS_TRIGGER_PANIC is not set
> # CONFIG_LEDS_TRIGGER_NETDEV is not set
> # CONFIG_LEDS_TRIGGER_PATTERN is not set
> # CONFIG_ACCESSIBILITY is not set
> # CONFIG_INFINIBAND is not set
> CONFIG_EDAC_ATOMIC_SCRUB=y
> CONFIG_EDAC_SUPPORT=y
4733d4235
< # CONFIG_RTC_SYSTOHC is not set
4734a4237,4238
> CONFIG_RTC_SYSTOHC=y
> CONFIG_RTC_SYSTOHC_DEVICE="rtc0"
4735a4240
> CONFIG_RTC_NVMEM=y
4743c4248
< # CONFIG_RTC_INTF_DEV_UIE_EMUL is not set
---
> CONFIG_RTC_INTF_DEV_UIE_EMUL=y
4749,4752c4254,4259
< CONFIG_RTC_DRV_DS1307=m
< CONFIG_RTC_DRV_DS1374=m
< CONFIG_RTC_DRV_DS1672=m
< CONFIG_RTC_DRV_DS3232=m
---
> # CONFIG_RTC_DRV_ABB5ZES3 is not set
> # CONFIG_RTC_DRV_ABX80X is not set
> CONFIG_RTC_DRV_DS1307=y
> # CONFIG_RTC_DRV_DS1307_CENTURY is not set
> # CONFIG_RTC_DRV_DS1374 is not set
> # CONFIG_RTC_DRV_DS1672 is not set
4754,4760c4261,4266
< CONFIG_RTC_DRV_MAX6900=m
< CONFIG_RTC_DRV_RS5C372=m
< CONFIG_RTC_DRV_ISL1208=m
< CONFIG_RTC_DRV_ISL12022=m
< # CONFIG_RTC_DRV_ISL12057 is not set
< CONFIG_RTC_DRV_X1205=m
< CONFIG_RTC_DRV_PCF2127=m
---
> # CONFIG_RTC_DRV_MAX6900 is not set
> # CONFIG_RTC_DRV_RS5C372 is not set
> CONFIG_RTC_DRV_ISL1208=y
> # CONFIG_RTC_DRV_ISL12022 is not set
> # CONFIG_RTC_DRV_ISL12026 is not set
> # CONFIG_RTC_DRV_X1205 is not set
4762,4766c4268,4274
< CONFIG_RTC_DRV_PCF8563=m
< CONFIG_RTC_DRV_PCF8583=m
< CONFIG_RTC_DRV_M41T80=m
< CONFIG_RTC_DRV_M41T80_WDT=y
< CONFIG_RTC_DRV_BQ32K=m
---
> # CONFIG_RTC_DRV_PCF85063 is not set
> # CONFIG_RTC_DRV_PCF85363 is not set
> CONFIG_RTC_DRV_PCF8563=y
> # CONFIG_RTC_DRV_PCF8583 is not set
> CONFIG_RTC_DRV_M41T80=y
> # CONFIG_RTC_DRV_M41T80_WDT is not set
> # CONFIG_RTC_DRV_BQ32K is not set
4768,4772c4276,4281
< CONFIG_RTC_DRV_FM3130=m
< CONFIG_RTC_DRV_RX8581=m
< CONFIG_RTC_DRV_RX8025=m
< CONFIG_RTC_DRV_EM3027=m
< CONFIG_RTC_DRV_RV3029C2=m
---
> # CONFIG_RTC_DRV_FM3130 is not set
> # CONFIG_RTC_DRV_RX8010 is not set
> # CONFIG_RTC_DRV_RX8581 is not set
> # CONFIG_RTC_DRV_RX8025 is not set
> # CONFIG_RTC_DRV_EM3027 is not set
> # CONFIG_RTC_DRV_RV8803 is not set
4778a4288
> # CONFIG_RTC_DRV_DS1302 is not set
4779a4290,4291
> # CONFIG_RTC_DRV_DS1343 is not set
> # CONFIG_RTC_DRV_DS1347 is not set
4781c4293
< # CONFIG_RTC_DRV_MAX6902 is not set
---
> # CONFIG_RTC_DRV_MAX6916 is not set
4782a4295,4296
> # CONFIG_RTC_DRV_RX4581 is not set
> # CONFIG_RTC_DRV_RX6110 is not set
4784c4298
< # CONFIG_RTC_DRV_DS3234 is not set
---
> # CONFIG_RTC_DRV_MAX6902 is not set
4786c4300,4308
< # CONFIG_RTC_DRV_RX4581 is not set
---
> # CONFIG_RTC_DRV_MCP795 is not set
> CONFIG_RTC_I2C_AND_SPI=y
> 
> #
> # SPI and I2C RTC drivers
> #
> # CONFIG_RTC_DRV_DS3232 is not set
> # CONFIG_RTC_DRV_PCF2127 is not set
> # CONFIG_RTC_DRV_RV3029C2 is not set
4791,4795c4313,4319
< CONFIG_RTC_DRV_CMOS=y
< CONFIG_RTC_DRV_DS1286=m
< CONFIG_RTC_DRV_DS1511=m
< CONFIG_RTC_DRV_DS1553=m
< CONFIG_RTC_DRV_DS1742=m
---
> # CONFIG_RTC_DRV_CMOS is not set
> # CONFIG_RTC_DRV_DS1286 is not set
> # CONFIG_RTC_DRV_DS1511 is not set
> # CONFIG_RTC_DRV_DS1553 is not set
> # CONFIG_RTC_DRV_DS1685_FAMILY is not set
> # CONFIG_RTC_DRV_DS1742 is not set
> # CONFIG_RTC_DRV_DS2404 is not set
4797c4321,4322
< CONFIG_RTC_DRV_STK17TA8=m
---
> CONFIG_RTC_DRV_DA9063=y
> # CONFIG_RTC_DRV_STK17TA8 is not set
4799,4805c4324,4330
< CONFIG_RTC_DRV_M48T35=m
< CONFIG_RTC_DRV_M48T59=m
< CONFIG_RTC_DRV_MSM6242=m
< CONFIG_RTC_DRV_BQ4802=m
< CONFIG_RTC_DRV_RP5C01=m
< CONFIG_RTC_DRV_V3020=m
< CONFIG_RTC_DRV_DS2404=m
---
> # CONFIG_RTC_DRV_M48T35 is not set
> # CONFIG_RTC_DRV_M48T59 is not set
> # CONFIG_RTC_DRV_MSM6242 is not set
> # CONFIG_RTC_DRV_BQ4802 is not set
> # CONFIG_RTC_DRV_RP5C01 is not set
> # CONFIG_RTC_DRV_V3020 is not set
> # CONFIG_RTC_DRV_ZYNQMP is not set
4811c4336,4337
< # CONFIG_RTC_DRV_MC13XXX is not set
---
> # CONFIG_RTC_DRV_FTRTC010 is not set
> CONFIG_RTC_DRV_MC13XXX=y
4812a4339
> CONFIG_RTC_DRV_MXC_V2=y
4814c4341
< # CONFIG_RTC_DRV_MOXART is not set
---
> # CONFIG_RTC_DRV_R7301 is not set
4826,4836d4352
< CONFIG_DW_DMAC_CORE=m
< CONFIG_DW_DMAC=m
< CONFIG_DW_DMAC_PCI=m
< CONFIG_MX3_IPU=y
< CONFIG_MX3_IPU_IRQS=4
< CONFIG_MXC_PXP_V2=y
< CONFIG_MXC_PXP_CLIENT_DEVICE=y
< # CONFIG_TIMB_DMA is not set
< CONFIG_IMX_SDMA=y
< # CONFIG_IMX_DMA is not set
< CONFIG_MXS_DMA=y
4837a4354
> CONFIG_DMA_VIRTUAL_CHANNELS=y
4838a4356,4369
> # CONFIG_ALTERA_MSGDMA is not set
> # CONFIG_DW_AXI_DMAC is not set
> CONFIG_FSL_EDMA=y
> # CONFIG_IMX_DMA is not set
> CONFIG_IMX_SDMA=y
> # CONFIG_INTEL_IDMA64 is not set
> CONFIG_MXS_DMA=y
> CONFIG_MX3_IPU=y
> CONFIG_MX3_IPU_IRQS=4
> # CONFIG_NBPFAXI_DMA is not set
> # CONFIG_QCOM_HIDMA_MGMT is not set
> # CONFIG_QCOM_HIDMA is not set
> # CONFIG_DW_DMAC is not set
> # CONFIG_DW_DMAC_PCI is not set
4843,4859c4374,4376
< CONFIG_ASYNC_TX_DMA=y
< # CONFIG_DMATEST is not set
< CONFIG_AUXDISPLAY=y
< CONFIG_KS0108=m
< CONFIG_KS0108_PORT=0x378
< CONFIG_KS0108_DELAY=2
< CONFIG_UIO=m
< CONFIG_UIO_CIF=m
< # CONFIG_UIO_PDRV_GENIRQ is not set
< # CONFIG_UIO_DMEM_GENIRQ is not set
< CONFIG_UIO_AEC=m
< CONFIG_UIO_SERCOS3=m
< CONFIG_UIO_PCI_GENERIC=m
< # CONFIG_UIO_NETX is not set
< # CONFIG_UIO_MF624 is not set
< # CONFIG_VIRT_DRIVERS is not set
< CONFIG_VIRTIO=m
---
> # CONFIG_ASYNC_TX_DMA is not set
> CONFIG_DMATEST=m
> CONFIG_DMA_ENGINE_RAID=y
4862,4867c4379,4389
< # Virtio drivers
< #
< CONFIG_VIRTIO_PCI=m
< CONFIG_VIRTIO_BALLOON=m
< CONFIG_VIRTIO_MMIO=m
< # CONFIG_VIRTIO_MMIO_CMDLINE_DEVICES is not set
---
> # DMABUF options
> #
> CONFIG_SYNC_FILE=y
> # CONFIG_SW_SYNC is not set
> # CONFIG_UDMABUF is not set
> # CONFIG_AUXDISPLAY is not set
> # CONFIG_UIO is not set
> # CONFIG_VIRT_DRIVERS is not set
> CONFIG_VIRTIO_MENU=y
> # CONFIG_VIRTIO_PCI is not set
> # CONFIG_VIRTIO_MMIO is not set
4873,4875d4394
< # CONFIG_ET131X is not set
< # CONFIG_USBIP_CORE is not set
< # CONFIG_W35UND is not set
4877d4395
< # CONFIG_ECHO is not set
4879,4880d4396
< # CONFIG_PANEL is not set
< # CONFIG_R8187SE is not set
4882,4887c4398,4400
< CONFIG_RTLLIB=m
< CONFIG_RTLLIB_CRYPTO_CCMP=m
< CONFIG_RTLLIB_CRYPTO_TKIP=m
< CONFIG_RTLLIB_CRYPTO_WEP=m
< CONFIG_RTL8192E=m
< CONFIG_R8712U=m
---
> # CONFIG_RTLLIB is not set
> # CONFIG_RTL8723BS is not set
> # CONFIG_R8712U is not set
4889,4890c4402
< # CONFIG_R8821AE is not set
< # CONFIG_RTS5139 is not set
---
> # CONFIG_R8822BE is not set
4892,4895d4403
< # CONFIG_TRANZPORT is not set
< # CONFIG_IDE_PHISON is not set
< # CONFIG_LINE6_USB is not set
< # CONFIG_USB_SERIAL_QUATECH2 is not set
4898d4405
< # CONFIG_DX_SEP is not set
4907d4413
< # CONFIG_ADIS16201 is not set
4909,4911d4414
< # CONFIG_ADIS16204 is not set
< # CONFIG_ADIS16209 is not set
< # CONFIG_ADIS16220 is not set
4913,4914d4415
< # CONFIG_LIS3L02DQ is not set
< # CONFIG_SCA3000 is not set
4919d4419
< # CONFIG_AD7291 is not set
4921d4420
< # CONFIG_AD799X is not set
4942d4440
< # CONFIG_AD5930 is not set
4945,4953d4442
< # CONFIG_AD9850 is not set
< # CONFIG_AD9852 is not set
< # CONFIG_AD9910 is not set
< # CONFIG_AD9951 is not set
< 
< #
< # Digital gyroscope sensors
< #
< # CONFIG_ADIS16060 is not set
4961,4973d4449
< # Light sensors
< #
< # CONFIG_SENSORS_ISL29018 is not set
< # CONFIG_SENSORS_ISL29028 is not set
< # CONFIG_TSL2583 is not set
< # CONFIG_TSL2x7x is not set
< 
< #
< # Magnetometer sensors
< #
< # CONFIG_SENSORS_HMC5843 is not set
< 
< #
4976,4979d4451
< # CONFIG_ADE7753 is not set
< # CONFIG_ADE7754 is not set
< # CONFIG_ADE7758 is not set
< # CONFIG_ADE7759 is not set
4986d4457
< # CONFIG_AD2S1200 is not set
4988,4997c4459
< 
< #
< # Triggers - standalone
< #
< # CONFIG_IIO_PERIODIC_RTC_TRIGGER is not set
< # CONFIG_IIO_SIMPLE_DUMMY is not set
< # CONFIG_WLAGS49_H2 is not set
< # CONFIG_WLAGS49_H25 is not set
< # CONFIG_FB_SM7XX is not set
< CONFIG_CRYSTALHD=m
---
> # CONFIG_FB_SM750 is not set
4999,5001d4460
< # CONFIG_USB_ENESTORAGE is not set
< # CONFIG_BCM_WIMAX is not set
< # CONFIG_FT1000 is not set
5007,5008d4465
< # CONFIG_TOUCHSCREEN_CLEARPAD_TM1217 is not set
< # CONFIG_TOUCHSCREEN_SYNAPTICS_I2C_RMI4 is not set
5010,5028c4467,4474
< # CONFIG_DVB_AS102 is not set
< # CONFIG_DVB_CXD2099 is not set
< # CONFIG_VIDEO_DT3155 is not set
< # CONFIG_VIDEO_GO7007 is not set
< # CONFIG_USB_MSI3101 is not set
< # CONFIG_VIDEO_TCM825X is not set
< # CONFIG_USB_SN9C102 is not set
< # CONFIG_SOLO6X10 is not set
< CONFIG_LIRC_STAGING=y
< CONFIG_LIRC_BT829=m
< CONFIG_LIRC_IGORPLUGUSB=m
< CONFIG_LIRC_IMON=m
< CONFIG_LIRC_PARALLEL=m
< # CONFIG_LIRC_GPIO is not set
< CONFIG_LIRC_SASEM=m
< CONFIG_LIRC_SERIAL=m
< CONFIG_LIRC_SERIAL_TRANSMITTER=y
< CONFIG_LIRC_SIR=m
< CONFIG_LIRC_ZILOG=m
---
> CONFIG_VIDEO_IMX_MEDIA=y
> 
> #
> # i.MX5/6 Media Sub devices
> #
> CONFIG_VIDEO_IMX_CSI=y
> # CONFIG_SOC_CAMERA_IMX074 is not set
> # CONFIG_SOC_CAMERA_MT9T031 is not set
5033,5035c4479
< # CONFIG_ANDROID is not set
< # CONFIG_USB_WPAN_HCD is not set
< # CONFIG_WIMAX_GDM72XX is not set
---
> # CONFIG_STAGING_BOARD is not set
5037,5045c4481,4501
< # CONFIG_NET_VENDOR_SILICOM is not set
< # CONFIG_CED1401 is not set
< # CONFIG_DRM_IMX is not set
< # CONFIG_DGRP is not set
< # CONFIG_FIREWIRE_SERIAL is not set
< # CONFIG_LUSTRE_FS is not set
< # CONFIG_XILLYBUS is not set
< # CONFIG_DGNC is not set
< # CONFIG_DGAP is not set
---
> # CONFIG_MTD_SPINAND_MT29F is not set
> # CONFIG_GS_FPGABOOT is not set
> # CONFIG_UNISYSSPAR is not set
> # CONFIG_COMMON_CLK_XLNX_CLKWZRD is not set
> # CONFIG_FB_TFT is not set
> # CONFIG_WILC1000_SDIO is not set
> # CONFIG_WILC1000_SPI is not set
> # CONFIG_MOST is not set
> # CONFIG_KS7010 is not set
> # CONFIG_GREYBUS is not set
> # CONFIG_PI433 is not set
> # CONFIG_MTK_MMC is not set
> 
> #
> # Gasket devices
> #
> # CONFIG_XIL_AXIS_FIFO is not set
> # CONFIG_EROFS_FS is not set
> # CONFIG_GOLDFISH is not set
> # CONFIG_CHROME_PLATFORMS is not set
> # CONFIG_MELLANOX_PLATFORM is not set
5052a4509,4510
> # CONFIG_CLK_HSDK is not set
> # CONFIG_COMMON_CLK_MAX9485 is not set
5053a4512,4513
> # CONFIG_COMMON_CLK_SI514 is not set
> # CONFIG_COMMON_CLK_SI544 is not set
5055c4515,4521
< # CONFIG_COMMON_CLK_QCOM is not set
---
> # CONFIG_COMMON_CLK_CDCE706 is not set
> # CONFIG_COMMON_CLK_CDCE925 is not set
> # CONFIG_COMMON_CLK_CS2000_CP is not set
> # CONFIG_CLK_QORIQ is not set
> CONFIG_COMMON_CLK_PWM=y
> # CONFIG_COMMON_CLK_VC5 is not set
> # CONFIG_HWSPINLOCK is not set
5058c4524
< # Hardware Spinlock drivers
---
> # Clock Source drivers
5060c4526,4527
< CONFIG_CLKSRC_OF=y
---
> CONFIG_TIMER_OF=y
> CONFIG_TIMER_PROBE=y
5061a4529,4534
> CONFIG_ARM_ARCH_TIMER=y
> CONFIG_ARM_ARCH_TIMER_EVTSTREAM=y
> CONFIG_ARM_GLOBAL_TIMER=y
> # CONFIG_ARM_TIMER_SP804 is not set
> CONFIG_CLKSRC_ARM_GLOBAL_TIMER_SCHED_CLOCK=y
> CONFIG_CLKSRC_IMX_GPT=y
5063c4536,4544
< # CONFIG_IOMMU_SUPPORT is not set
---
> CONFIG_IOMMU_SUPPORT=y
> 
> #
> # Generic IOMMU Pagetable Support
> #
> # CONFIG_IOMMU_IO_PGTABLE_LPAE is not set
> # CONFIG_IOMMU_IO_PGTABLE_ARMV7S is not set
> # CONFIG_IOMMU_DEBUGFS is not set
> # CONFIG_ARM_SMMU is not set
5068c4549
< # CONFIG_STE_MODEM_RPROC is not set
---
> # CONFIG_REMOTEPROC is not set
5072a4554,4587
> # CONFIG_RPMSG_VIRTIO is not set
> # CONFIG_SOUNDWIRE is not set
> 
> #
> # SOC (System On Chip) specific Drivers
> #
> 
> #
> # Amlogic SoC drivers
> #
> 
> #
> # Broadcom SoC drivers
> #
> # CONFIG_SOC_BRCMSTB is not set
> 
> #
> # NXP/Freescale QorIQ SoC drivers
> #
> 
> #
> # i.MX SoC drivers
> #
> CONFIG_IMX7_PM_DOMAINS=y
> 
> #
> # Qualcomm SoC drivers
> #
> # CONFIG_SOC_TI is not set
> 
> #
> # Xilinx SoC drivers
> #
> # CONFIG_XILINX_VCU is not set
5074c4589,4599
< # CONFIG_EXTCON is not set
---
> CONFIG_EXTCON=y
> 
> #
> # Extcon Device Drivers
> #
> # CONFIG_EXTCON_ADC_JACK is not set
> # CONFIG_EXTCON_GPIO is not set
> # CONFIG_EXTCON_MAX3355 is not set
> # CONFIG_EXTCON_RT8973A is not set
> # CONFIG_EXTCON_SM5502 is not set
> # CONFIG_EXTCON_USB_GPIO is not set
5076c4601
< CONFIG_IIO=m
---
> CONFIG_IIO=y
5078,5080c4603,4607
< CONFIG_IIO_BUFFER_CB=y
< CONFIG_IIO_KFIFO_BUF=m
< CONFIG_IIO_TRIGGERED_BUFFER=m
---
> # CONFIG_IIO_BUFFER_CB is not set
> # CONFIG_IIO_BUFFER_HW_CONSUMER is not set
> CONFIG_IIO_KFIFO_BUF=y
> CONFIG_IIO_TRIGGERED_BUFFER=y
> # CONFIG_IIO_CONFIGFS is not set
5082a4610,4611
> # CONFIG_IIO_SW_DEVICE is not set
> # CONFIG_IIO_SW_TRIGGER is not set
5086a4616,4621
> # CONFIG_ADIS16201 is not set
> # CONFIG_ADIS16209 is not set
> # CONFIG_ADXL345_I2C is not set
> # CONFIG_ADXL345_SPI is not set
> # CONFIG_ADXL372_SPI is not set
> # CONFIG_ADXL372_I2C is not set
5088,5091c4623,4631
< CONFIG_HID_SENSOR_ACCEL_3D=m
< CONFIG_IIO_ST_ACCEL_3AXIS=m
< CONFIG_IIO_ST_ACCEL_I2C_3AXIS=m
< CONFIG_IIO_ST_ACCEL_SPI_3AXIS=m
---
> # CONFIG_BMA220 is not set
> # CONFIG_BMC150_ACCEL is not set
> # CONFIG_DA280 is not set
> # CONFIG_DA311 is not set
> # CONFIG_DMARD06 is not set
> # CONFIG_DMARD09 is not set
> # CONFIG_DMARD10 is not set
> # CONFIG_IIO_CROS_EC_ACCEL_LEGACY is not set
> # CONFIG_IIO_ST_ACCEL_3AXIS is not set
5092a4633,4645
> # CONFIG_KXCJK1013 is not set
> # CONFIG_MC3230 is not set
> # CONFIG_MMA7455_I2C is not set
> # CONFIG_MMA7455_SPI is not set
> # CONFIG_MMA7660 is not set
> CONFIG_MMA8452=y
> # CONFIG_MMA9551 is not set
> # CONFIG_MMA9553 is not set
> # CONFIG_MXC4005 is not set
> # CONFIG_MXC6255 is not set
> # CONFIG_SCA3000 is not set
> # CONFIG_STK8312 is not set
> # CONFIG_STK8BA50 is not set
5097a4651
> # CONFIG_AD7291 is not set
5099a4654
> # CONFIG_AD7766 is not set
5104c4659,4671
< # CONFIG_EXYNOS_ADC is not set
---
> # CONFIG_AD799X is not set
> # CONFIG_CC10001_ADC is not set
> # CONFIG_ENVELOPE_DETECTOR is not set
> # CONFIG_HI8435 is not set
> # CONFIG_HX711 is not set
> # CONFIG_INA2XX_ADC is not set
> CONFIG_IMX7D_ADC=y
> # CONFIG_LTC2471 is not set
> # CONFIG_LTC2485 is not set
> # CONFIG_LTC2497 is not set
> # CONFIG_MAX1027 is not set
> # CONFIG_MAX11100 is not set
> # CONFIG_MAX1118 is not set
5105a4673
> # CONFIG_MAX9611 is not set
5107a4676
> # CONFIG_MCP3911 is not set
5108a4678
> # CONFIG_SD_ADC_MODULATOR is not set
5110,5111c4680,4695
< # CONFIG_VF610_ADC is not set
< # CONFIG_VIPERBOARD_ADC is not set
---
> # CONFIG_TI_ADC0832 is not set
> # CONFIG_TI_ADC084S021 is not set
> # CONFIG_TI_ADC12138 is not set
> # CONFIG_TI_ADC108S102 is not set
> # CONFIG_TI_ADC128S052 is not set
> # CONFIG_TI_ADC161S626 is not set
> # CONFIG_TI_ADS1015 is not set
> # CONFIG_TI_ADS7950 is not set
> # CONFIG_TI_ADS8688 is not set
> # CONFIG_TI_TLC4541 is not set
> CONFIG_VF610_ADC=y
> 
> #
> # Analog Front Ends
> #
> # CONFIG_IIO_RESCALE is not set
5118a4703,4711
> # Chemical Sensors
> #
> # CONFIG_ATLAS_PH_SENSOR is not set
> # CONFIG_BME680 is not set
> # CONFIG_CCS811 is not set
> # CONFIG_IAQCORE is not set
> # CONFIG_VZ89X is not set
> 
> #
5121,5125c4714,4722
< CONFIG_HID_SENSOR_IIO_COMMON=m
< CONFIG_HID_SENSOR_IIO_TRIGGER=m
< CONFIG_IIO_ST_SENSORS_I2C=m
< CONFIG_IIO_ST_SENSORS_SPI=m
< CONFIG_IIO_ST_SENSORS_CORE=m
---
> 
> #
> # SSP Sensor Common
> #
> # CONFIG_IIO_SSP_SENSORHUB is not set
> 
> #
> # Counters
> #
5135a4733,4734
> # CONFIG_AD5592R is not set
> # CONFIG_AD5593R is not set
5138c4737,4740
< # CONFIG_AD5686 is not set
---
> # CONFIG_LTC1660 is not set
> # CONFIG_LTC2632 is not set
> # CONFIG_AD5686_SPI is not set
> # CONFIG_AD5696_I2C is not set
5139a4742,4743
> # CONFIG_AD5758 is not set
> # CONFIG_AD5761 is not set
5142a4747,4750
> # CONFIG_AD8801 is not set
> # CONFIG_DPOT_DAC is not set
> # CONFIG_DS4424 is not set
> # CONFIG_M62332 is not set
5143a4752
> # CONFIG_MAX5821 is not set
5144a4754,4761
> # CONFIG_MCP4922 is not set
> # CONFIG_TI_DAC082S085 is not set
> # CONFIG_TI_DAC5571 is not set
> # CONFIG_VF610_DAC is not set
> 
> #
> # IIO dummy driver
> #
5168,5171c4785,4787
< CONFIG_HID_SENSOR_GYRO_3D=m
< CONFIG_IIO_ST_GYRO_3AXIS=m
< CONFIG_IIO_ST_GYRO_I2C_3AXIS=m
< CONFIG_IIO_ST_GYRO_SPI_3AXIS=m
---
> # CONFIG_BMG160 is not set
> # CONFIG_MPU3050_I2C is not set
> # CONFIG_IIO_ST_GYRO_3AXIS is not set
5174a4791,4802
> # Health Sensors
> #
> 
> #
> # Heart Rate Monitors
> #
> # CONFIG_AFE4403 is not set
> # CONFIG_AFE4404 is not set
> # CONFIG_MAX30100 is not set
> # CONFIG_MAX30102 is not set
> 
> #
5176a4805
> # CONFIG_AM2315 is not set
5177a4807,4811
> # CONFIG_HDC100X is not set
> # CONFIG_HTS221 is not set
> # CONFIG_HTU21 is not set
> # CONFIG_SI7005 is not set
> # CONFIG_SI7020 is not set
5184c4818,4823
< # CONFIG_INV_MPU6050_IIO is not set
---
> # CONFIG_BMI160_I2C is not set
> # CONFIG_BMI160_SPI is not set
> # CONFIG_KMX61 is not set
> # CONFIG_INV_MPU6050_I2C is not set
> # CONFIG_INV_MPU6050_SPI is not set
> # CONFIG_IIO_ST_LSM6DSX is not set
5189a4829
> # CONFIG_AL3320A is not set
5190a4831,4833
> # CONFIG_APDS9960 is not set
> # CONFIG_BH1750 is not set
> # CONFIG_BH1780 is not set
5191a4835,4837
> # CONFIG_CM3232 is not set
> # CONFIG_CM3323 is not set
> # CONFIG_CM3605 is not set
5194c4840,4854
< CONFIG_HID_SENSOR_ALS=m
---
> CONFIG_SENSORS_ISL29018=y
> # CONFIG_SENSORS_ISL29028 is not set
> # CONFIG_ISL29125 is not set
> # CONFIG_JSA1212 is not set
> # CONFIG_RPR0521 is not set
> # CONFIG_LTR501 is not set
> # CONFIG_LV0104CS is not set
> # CONFIG_MAX44000 is not set
> # CONFIG_OPT3001 is not set
> # CONFIG_PA12203001 is not set
> # CONFIG_SI1133 is not set
> # CONFIG_SI1145 is not set
> # CONFIG_STK3310 is not set
> # CONFIG_ST_UVIS25 is not set
> # CONFIG_TCS3414 is not set
5196a4857,4858
> # CONFIG_TSL2583 is not set
> # CONFIG_TSL2772 is not set
5197a4860
> # CONFIG_US5182D is not set
5198a4862,4864
> # CONFIG_VEML6070 is not set
> # CONFIG_VL6180 is not set
> # CONFIG_ZOPT2201 is not set
5202a4869
> # CONFIG_AK8974 is not set
5204,5208c4871,4883
< # CONFIG_MAG3110 is not set
< CONFIG_HID_SENSOR_MAGNETOMETER_3D=m
< CONFIG_IIO_ST_MAGN_3AXIS=m
< CONFIG_IIO_ST_MAGN_I2C_3AXIS=m
< CONFIG_IIO_ST_MAGN_SPI_3AXIS=m
---
> # CONFIG_AK09911 is not set
> # CONFIG_BMC150_MAGN_I2C is not set
> # CONFIG_BMC150_MAGN_SPI is not set
> CONFIG_MAG3110=y
> # CONFIG_MMC35240 is not set
> # CONFIG_IIO_ST_MAGN_3AXIS is not set
> # CONFIG_SENSORS_HMC5843_I2C is not set
> # CONFIG_SENSORS_HMC5843_SPI is not set
> 
> #
> # Multiplexers
> #
> # CONFIG_IIO_MUX is not set
5213d4887
< CONFIG_HID_SENSOR_INCLINOMETER_3D=m
5218c4892
< CONFIG_IIO_INTERRUPT_TRIGGER=m
---
> # CONFIG_IIO_INTERRUPT_TRIGGER is not set
5221a4896,4912
> # Digital potentiometers
> #
> # CONFIG_AD5272 is not set
> # CONFIG_DS1803 is not set
> # CONFIG_MAX5481 is not set
> # CONFIG_MAX5487 is not set
> # CONFIG_MCP4018 is not set
> # CONFIG_MCP4131 is not set
> # CONFIG_MCP4531 is not set
> # CONFIG_TPL0102 is not set
> 
> #
> # Digital potentiostats
> #
> # CONFIG_LMP91000 is not set
> 
> #
5224c4915,4922
< # CONFIG_MPL3115 is not set
---
> # CONFIG_ABP060MG is not set
> # CONFIG_BMP280 is not set
> # CONFIG_HP03 is not set
> # CONFIG_MPL115_I2C is not set
> # CONFIG_MPL115_SPI is not set
> CONFIG_MPL3115=y
> # CONFIG_MS5611 is not set
> # CONFIG_MS5637 is not set
5225a4924,4947
> # CONFIG_T5403 is not set
> # CONFIG_HP206C is not set
> # CONFIG_ZPA2326 is not set
> 
> #
> # Lightning sensors
> #
> # CONFIG_AS3935 is not set
> 
> #
> # Proximity and distance sensors
> #
> # CONFIG_ISL29501 is not set
> # CONFIG_LIDAR_LITE_V2 is not set
> # CONFIG_RFD77402 is not set
> # CONFIG_SRF04 is not set
> # CONFIG_SX9500 is not set
> # CONFIG_SRF08 is not set
> # CONFIG_VL53L0X_I2C is not set
> 
> #
> # Resolver to digital converters
> #
> # CONFIG_AD2S1200 is not set
5229a4952,4954
> # CONFIG_MAXIM_THERMOCOUPLE is not set
> # CONFIG_MLX90614 is not set
> # CONFIG_MLX90632 is not set
5230a4956,4959
> # CONFIG_TMP007 is not set
> # CONFIG_TSYS01 is not set
> # CONFIG_TSYS02D is not set
> # CONFIG_NTB is not set
5233a4963
> CONFIG_PWM_FSL_FTM=y
5235a4966,4970
> # CONFIG_PWM_STMPE is not set
> 
> #
> # IRQ chip support
> #
5237a4973,4975
> CONFIG_ARM_GIC_MAX_NR=1
> # CONFIG_TS4800_IRQ is not set
> CONFIG_IMX_GPCV2=y
5241,5246c4979,4981
< CONFIG_RESET_GPIO=y
< CONFIG_FMC=m
< CONFIG_FMC_FAKEDEV=m
< CONFIG_FMC_TRIVIAL=m
< CONFIG_FMC_WRITE_EEPROM=m
< CONFIG_FMC_CHARDEV=m
---
> CONFIG_RESET_IMX7=y
> # CONFIG_RESET_TI_SYSCON is not set
> # CONFIG_FMC is not set
5251,5253c4986
< CONFIG_GENERIC_PHY=y
< # CONFIG_PHY_EXYNOS_MIPI_VIDEO is not set
< # CONFIG_PHY_EXYNOS_DP_VIDEO is not set
---
> # CONFIG_GENERIC_PHY is not set
5254a4988,4996
> # CONFIG_PHY_CADENCE_DP is not set
> # CONFIG_PHY_PXA_28NM_HSIC is not set
> # CONFIG_PHY_PXA_28NM_USB2 is not set
> # CONFIG_PHY_CPCAP_USB is not set
> # CONFIG_PHY_MAPPHONE_MDM6600 is not set
> # CONFIG_PHY_OCELOT_SERDES is not set
> # CONFIG_PHY_QCOM_USB_HS is not set
> # CONFIG_PHY_QCOM_USB_HSIC is not set
> # CONFIG_PHY_TUSB1210 is not set
5255a4998,5044
> # CONFIG_MCB is not set
> 
> #
> # Performance monitor support
> #
> # CONFIG_ARM_CCI_PMU is not set
> # CONFIG_ARM_CCN is not set
> CONFIG_ARM_PMU=y
> CONFIG_RAS=y
> 
> #
> # Android
> #
> # CONFIG_ANDROID is not set
> # CONFIG_DAX is not set
> CONFIG_NVMEM=y
> # CONFIG_NVMEM_IMX_IIM is not set
> CONFIG_NVMEM_IMX_OCOTP=y
> CONFIG_NVMEM_VF610_OCOTP=y
> # CONFIG_NVMEM_SNVS_LPGPR is not set
> 
> #
> # HW tracing support
> #
> # CONFIG_STM is not set
> # CONFIG_INTEL_TH is not set
> # CONFIG_FPGA is not set
> # CONFIG_FSI is not set
> CONFIG_TEE=y
> 
> #
> # TEE drivers
> #
> CONFIG_OPTEE=y
> CONFIG_OPTEE_SHM_NUM_PRIV_PAGES=1
> CONFIG_MULTIPLEXER=y
> 
> #
> # Multiplexer drivers
> #
> # CONFIG_MUX_ADG792A is not set
> # CONFIG_MUX_ADGS1408 is not set
> # CONFIG_MUX_GPIO is not set
> CONFIG_MUX_MMIO=y
> CONFIG_PM_OPP=y
> # CONFIG_SIOX is not set
> # CONFIG_SLIMBUS is not set
5260a5050
> CONFIG_FS_IOMAP=y
5262c5052,5054
< # CONFIG_EXT3_FS is not set
---
> CONFIG_EXT3_FS=y
> CONFIG_EXT3_FS_POSIX_ACL=y
> CONFIG_EXT3_FS_SECURITY=y
5264c5056
< CONFIG_EXT4_USE_FOR_EXT23=y
---
> CONFIG_EXT4_USE_FOR_EXT2=y
5266a5059
> # CONFIG_EXT4_ENCRYPTION is not set
5285a5079
> # CONFIG_XFS_ONLINE_SCRUB is not set
5289c5083
< CONFIG_GFS2_FS_LOCKING_DLM=y
---
> # CONFIG_GFS2_FS_LOCKING_DLM is not set
5292a5087
> CONFIG_OCFS2_FS_STATS=y
5300a5096
> # CONFIG_BTRFS_FS_REF_VERIFY is not set
5301a5098,5105
> CONFIG_F2FS_FS=m
> CONFIG_F2FS_STAT_FS=y
> CONFIG_F2FS_FS_XATTR=y
> CONFIG_F2FS_FS_POSIX_ACL=y
> # CONFIG_F2FS_FS_SECURITY is not set
> # CONFIG_F2FS_CHECK_FS is not set
> # CONFIG_F2FS_FS_ENCRYPTION is not set
> # CONFIG_F2FS_FAULT_INJECTION is not set
5303a5108
> CONFIG_EXPORTFS_BLOCK_OPS=y
5304a5110,5111
> CONFIG_MANDATORY_FILE_LOCKING=y
> # CONFIG_FS_ENCRYPTION is not set
5309c5116
< CONFIG_FANOTIFY_ACCESS_PERMISSIONS=y
---
> # CONFIG_FANOTIFY_ACCESS_PERMISSIONS is not set
5318a5126
> CONFIG_AUTOFS_FS=y
5320a5129
> # CONFIG_OVERLAY_FS is not set
5325,5332c5134
< CONFIG_FSCACHE=m
< CONFIG_FSCACHE_STATS=y
< # CONFIG_FSCACHE_HISTOGRAM is not set
< # CONFIG_FSCACHE_DEBUG is not set
< CONFIG_FSCACHE_OBJECT_LIST=y
< CONFIG_CACHEFILES=m
< # CONFIG_CACHEFILES_DEBUG is not set
< # CONFIG_CACHEFILES_HISTOGRAM is not set
---
> # CONFIG_FSCACHE is not set
5341d5142
< CONFIG_UDF_NLS=y
5350c5151,5152
< CONFIG_FAT_DEFAULT_IOCHARSET="ascii"
---
> CONFIG_FAT_DEFAULT_IOCHARSET="iso8859-1"
> # CONFIG_FAT_DEFAULT_UTF8 is not set
5358a5161,5162
> # CONFIG_PROC_CHILDREN is not set
> CONFIG_KERNFS=y
5363c5167
< # CONFIG_HUGETLB_PAGE is not set
---
> CONFIG_MEMFD_CREATE=y
5365a5170
> # CONFIG_ORANGEFS_FS is not set
5367,5374c5172,5176
< CONFIG_AFFS_FS=m
< CONFIG_ECRYPT_FS=m
< # CONFIG_ECRYPT_FS_MESSAGING is not set
< CONFIG_HFS_FS=m
< CONFIG_HFSPLUS_FS=m
< # CONFIG_HFSPLUS_FS_POSIX_ACL is not set
< CONFIG_BEFS_FS=m
< # CONFIG_BEFS_DEBUG is not set
---
> # CONFIG_AFFS_FS is not set
> # CONFIG_ECRYPT_FS is not set
> # CONFIG_HFS_FS is not set
> # CONFIG_HFSPLUS_FS is not set
> # CONFIG_BEFS_FS is not set
5377,5393c5179,5208
< # CONFIG_LOGFS is not set
< CONFIG_CRAMFS=m
< CONFIG_SQUASHFS=m
< CONFIG_SQUASHFS_FILE_CACHE=y
< # CONFIG_SQUASHFS_FILE_DIRECT is not set
< CONFIG_SQUASHFS_DECOMP_SINGLE=y
< # CONFIG_SQUASHFS_DECOMP_MULTI is not set
< # CONFIG_SQUASHFS_DECOMP_MULTI_PERCPU is not set
< CONFIG_SQUASHFS_XATTR=y
< CONFIG_SQUASHFS_ZLIB=y
< CONFIG_SQUASHFS_LZO=y
< CONFIG_SQUASHFS_XZ=y
< # CONFIG_SQUASHFS_4K_DEVBLK_SIZE is not set
< # CONFIG_SQUASHFS_EMBEDDED is not set
< CONFIG_SQUASHFS_FRAGMENT_CACHE_SIZE=3
< # CONFIG_VXFS_FS is not set
< CONFIG_MINIX_FS=m
---
> CONFIG_JFFS2_FS=y
> CONFIG_JFFS2_FS_DEBUG=0
> CONFIG_JFFS2_FS_WRITEBUFFER=y
> CONFIG_JFFS2_FS_WBUF_VERIFY=y
> CONFIG_JFFS2_SUMMARY=y
> CONFIG_JFFS2_FS_XATTR=y
> CONFIG_JFFS2_FS_POSIX_ACL=y
> CONFIG_JFFS2_FS_SECURITY=y
> CONFIG_JFFS2_COMPRESSION_OPTIONS=y
> CONFIG_JFFS2_ZLIB=y
> CONFIG_JFFS2_LZO=y
> CONFIG_JFFS2_RTIME=y
> CONFIG_JFFS2_RUBIN=y
> # CONFIG_JFFS2_CMODE_NONE is not set
> CONFIG_JFFS2_CMODE_PRIORITY=y
> # CONFIG_JFFS2_CMODE_SIZE is not set
> # CONFIG_JFFS2_CMODE_FAVOURLZO is not set
> CONFIG_UBIFS_FS=y
> # CONFIG_UBIFS_FS_ADVANCED_COMPR is not set
> CONFIG_UBIFS_FS_LZO=y
> CONFIG_UBIFS_FS_ZLIB=y
> # CONFIG_UBIFS_ATIME_SUPPORT is not set
> CONFIG_UBIFS_FS_XATTR=y
> # CONFIG_UBIFS_FS_ENCRYPTION is not set
> CONFIG_UBIFS_FS_SECURITY=y
> # CONFIG_UBIFS_FS_AUTHENTICATION is not set
> # CONFIG_CRAMFS is not set
> # CONFIG_SQUASHFS is not set
> CONFIG_VXFS_FS=y
> # CONFIG_MINIX_FS is not set
5398,5414c5213,5216
< CONFIG_ROMFS_FS=m
< CONFIG_ROMFS_BACKED_BY_BLOCK=y
< CONFIG_ROMFS_ON_BLOCK=y
< CONFIG_PSTORE=y
< # CONFIG_PSTORE_CONSOLE is not set
< CONFIG_PSTORE_RAM=m
< CONFIG_SYSV_FS=m
< CONFIG_UFS_FS=m
< # CONFIG_UFS_FS_WRITE is not set
< # CONFIG_UFS_DEBUG is not set
< # CONFIG_EXOFS_FS is not set
< CONFIG_F2FS_FS=y
< CONFIG_F2FS_FS_XATTR=y
< CONFIG_F2FS_FS_POSIX_ACL=y
< CONFIG_F2FS_FS_SECURITY=y
< # CONFIG_F2FS_CHECK_FS is not set
< CONFIG_ORE=m
---
> # CONFIG_ROMFS_FS is not set
> # CONFIG_PSTORE is not set
> # CONFIG_SYSV_FS is not set
> # CONFIG_UFS_FS is not set
5421,5429c5223,5224
< CONFIG_NFS_SWAP=y
< CONFIG_NFS_V4_1=y
< CONFIG_NFS_V4_2=y
< CONFIG_PNFS_FILE_LAYOUT=y
< CONFIG_PNFS_BLOCK=y
< CONFIG_PNFS_OBJLAYOUT=m
< CONFIG_NFS_V4_1_IMPLEMENTATION_ID_DOMAIN="kernel.org"
< # CONFIG_NFS_V4_1_MIGRATION is not set
< CONFIG_NFS_V4_SECURITY_LABEL=y
---
> # CONFIG_NFS_SWAP is not set
> # CONFIG_NFS_V4_1 is not set
5433,5440c5228,5229
< CONFIG_NFS_DEBUG=y
< CONFIG_NFSD=m
< CONFIG_NFSD_V2_ACL=y
< CONFIG_NFSD_V3=y
< CONFIG_NFSD_V3_ACL=y
< CONFIG_NFSD_V4=y
< CONFIG_NFSD_V4_SECURITY_LABEL=y
< # CONFIG_NFSD_FAULT_INJECTION is not set
---
> # CONFIG_NFSD is not set
> CONFIG_GRACE_PERIOD=y
5447,5477c5236,5239
< CONFIG_SUNRPC_BACKCHANNEL=y
< CONFIG_SUNRPC_XPRT_RDMA=m
< CONFIG_SUNRPC_SWAP=y
< CONFIG_RPCSEC_GSS_KRB5=m
< CONFIG_SUNRPC_DEBUG=y
< CONFIG_CEPH_FS=m
< CONFIG_CEPH_FSCACHE=y
< CONFIG_CEPH_FS_POSIX_ACL=y
< CONFIG_CIFS=m
< CONFIG_CIFS_STATS=y
< # CONFIG_CIFS_STATS2 is not set
< CONFIG_CIFS_WEAK_PW_HASH=y
< CONFIG_CIFS_UPCALL=y
< CONFIG_CIFS_XATTR=y
< CONFIG_CIFS_POSIX=y
< CONFIG_CIFS_ACL=y
< CONFIG_CIFS_DEBUG=y
< # CONFIG_CIFS_DEBUG2 is not set
< CONFIG_CIFS_DFS_UPCALL=y
< CONFIG_CIFS_SMB2=y
< CONFIG_CIFS_FSCACHE=y
< CONFIG_NCP_FS=m
< CONFIG_NCPFS_PACKET_SIGNING=y
< CONFIG_NCPFS_IOCTL_LOCKING=y
< CONFIG_NCPFS_STRONG=y
< CONFIG_NCPFS_NFS_NS=y
< CONFIG_NCPFS_OS2_NS=y
< CONFIG_NCPFS_SMALLDOS=y
< CONFIG_NCPFS_NLS=y
< CONFIG_NCPFS_EXTRAS=y
< CONFIG_CODA_FS=m
---
> # CONFIG_SUNRPC_DEBUG is not set
> # CONFIG_CEPH_FS is not set
> # CONFIG_CIFS is not set
> # CONFIG_CODA_FS is not set
5479,5482d5240
< CONFIG_9P_FS=m
< CONFIG_9P_FSCACHE=y
< CONFIG_9P_FS_POSIX_ACL=y
< CONFIG_9P_FS_SECURITY=y
5486,5507c5244,5265
< CONFIG_NLS_CODEPAGE_737=m
< CONFIG_NLS_CODEPAGE_775=m
< CONFIG_NLS_CODEPAGE_850=m
< CONFIG_NLS_CODEPAGE_852=m
< CONFIG_NLS_CODEPAGE_855=m
< CONFIG_NLS_CODEPAGE_857=m
< CONFIG_NLS_CODEPAGE_860=m
< CONFIG_NLS_CODEPAGE_861=m
< CONFIG_NLS_CODEPAGE_862=m
< CONFIG_NLS_CODEPAGE_863=m
< CONFIG_NLS_CODEPAGE_864=m
< CONFIG_NLS_CODEPAGE_865=m
< CONFIG_NLS_CODEPAGE_866=m
< CONFIG_NLS_CODEPAGE_869=m
< CONFIG_NLS_CODEPAGE_936=m
< CONFIG_NLS_CODEPAGE_950=m
< CONFIG_NLS_CODEPAGE_932=m
< CONFIG_NLS_CODEPAGE_949=m
< CONFIG_NLS_CODEPAGE_874=m
< CONFIG_NLS_ISO8859_8=m
< CONFIG_NLS_CODEPAGE_1250=m
< CONFIG_NLS_CODEPAGE_1251=m
---
> # CONFIG_NLS_CODEPAGE_737 is not set
> # CONFIG_NLS_CODEPAGE_775 is not set
> # CONFIG_NLS_CODEPAGE_850 is not set
> # CONFIG_NLS_CODEPAGE_852 is not set
> # CONFIG_NLS_CODEPAGE_855 is not set
> # CONFIG_NLS_CODEPAGE_857 is not set
> # CONFIG_NLS_CODEPAGE_860 is not set
> # CONFIG_NLS_CODEPAGE_861 is not set
> # CONFIG_NLS_CODEPAGE_862 is not set
> # CONFIG_NLS_CODEPAGE_863 is not set
> # CONFIG_NLS_CODEPAGE_864 is not set
> # CONFIG_NLS_CODEPAGE_865 is not set
> # CONFIG_NLS_CODEPAGE_866 is not set
> # CONFIG_NLS_CODEPAGE_869 is not set
> # CONFIG_NLS_CODEPAGE_936 is not set
> # CONFIG_NLS_CODEPAGE_950 is not set
> # CONFIG_NLS_CODEPAGE_932 is not set
> # CONFIG_NLS_CODEPAGE_949 is not set
> # CONFIG_NLS_CODEPAGE_874 is not set
> # CONFIG_NLS_ISO8859_8 is not set
> # CONFIG_NLS_CODEPAGE_1250 is not set
> # CONFIG_NLS_CODEPAGE_1251 is not set
5510,5518c5268,5276
< CONFIG_NLS_ISO8859_2=m
< CONFIG_NLS_ISO8859_3=m
< CONFIG_NLS_ISO8859_4=m
< CONFIG_NLS_ISO8859_5=m
< CONFIG_NLS_ISO8859_6=m
< CONFIG_NLS_ISO8859_7=m
< CONFIG_NLS_ISO8859_9=m
< CONFIG_NLS_ISO8859_13=m
< CONFIG_NLS_ISO8859_14=m
---
> # CONFIG_NLS_ISO8859_2 is not set
> # CONFIG_NLS_ISO8859_3 is not set
> # CONFIG_NLS_ISO8859_4 is not set
> # CONFIG_NLS_ISO8859_5 is not set
> # CONFIG_NLS_ISO8859_6 is not set
> # CONFIG_NLS_ISO8859_7 is not set
> # CONFIG_NLS_ISO8859_9 is not set
> # CONFIG_NLS_ISO8859_13 is not set
> # CONFIG_NLS_ISO8859_14 is not set
5520,5532c5278,5290
< CONFIG_NLS_KOI8_R=m
< CONFIG_NLS_KOI8_U=m
< CONFIG_NLS_MAC_ROMAN=m
< CONFIG_NLS_MAC_CELTIC=m
< CONFIG_NLS_MAC_CENTEURO=m
< CONFIG_NLS_MAC_CROATIAN=m
< CONFIG_NLS_MAC_CYRILLIC=m
< CONFIG_NLS_MAC_GAELIC=m
< CONFIG_NLS_MAC_GREEK=m
< CONFIG_NLS_MAC_ICELAND=m
< CONFIG_NLS_MAC_INUIT=m
< CONFIG_NLS_MAC_ROMANIAN=m
< CONFIG_NLS_MAC_TURKISH=m
---
> # CONFIG_NLS_KOI8_R is not set
> # CONFIG_NLS_KOI8_U is not set
> # CONFIG_NLS_MAC_ROMAN is not set
> # CONFIG_NLS_MAC_CELTIC is not set
> # CONFIG_NLS_MAC_CENTEURO is not set
> # CONFIG_NLS_MAC_CROATIAN is not set
> # CONFIG_NLS_MAC_CYRILLIC is not set
> # CONFIG_NLS_MAC_GAELIC is not set
> # CONFIG_NLS_MAC_GREEK is not set
> # CONFIG_NLS_MAC_ICELAND is not set
> # CONFIG_NLS_MAC_INUIT is not set
> # CONFIG_NLS_MAC_ROMANIAN is not set
> # CONFIG_NLS_MAC_TURKISH is not set
5535,5674c5293
< CONFIG_DLM_DEBUG=y
< 
< #
< # Kernel hacking
< #
< 
< #
< # printk and dmesg options
< #
< CONFIG_PRINTK_TIME=y
< CONFIG_DEFAULT_MESSAGE_LOGLEVEL=7
< CONFIG_BOOT_PRINTK_DELAY=y
< 
< #
< # Compile-time checks and compiler options
< #
< # CONFIG_DEBUG_INFO is not set
< # CONFIG_ENABLE_WARN_DEPRECATED is not set
< CONFIG_ENABLE_MUST_CHECK=y
< CONFIG_FRAME_WARN=1024
< CONFIG_STRIP_ASM_SYMS=y
< # CONFIG_READABLE_ASM is not set
< CONFIG_UNUSED_SYMBOLS=y
< # CONFIG_DEBUG_FS is not set
< CONFIG_HEADERS_CHECK=y
< # CONFIG_DEBUG_SECTION_MISMATCH is not set
< # CONFIG_DEBUG_FORCE_WEAK_PER_CPU is not set
< CONFIG_MAGIC_SYSRQ=y
< CONFIG_MAGIC_SYSRQ_DEFAULT_ENABLE=0x0
< CONFIG_DEBUG_KERNEL=y
< 
< #
< # Memory Debugging
< #
< # CONFIG_DEBUG_PAGEALLOC is not set
< # CONFIG_DEBUG_OBJECTS is not set
< # CONFIG_SLUB_STATS is not set
< CONFIG_HAVE_DEBUG_KMEMLEAK=y
< # CONFIG_DEBUG_KMEMLEAK is not set
< # CONFIG_DEBUG_STACK_USAGE is not set
< # CONFIG_DEBUG_VM is not set
< # CONFIG_DEBUG_MEMORY_INIT is not set
< # CONFIG_DEBUG_PER_CPU_MAPS is not set
< # CONFIG_DEBUG_HIGHMEM is not set
< # CONFIG_DEBUG_SHIRQ is not set
< 
< #
< # Debug Lockups and Hangs
< #
< CONFIG_LOCKUP_DETECTOR=y
< # CONFIG_BOOTPARAM_SOFTLOCKUP_PANIC is not set
< CONFIG_BOOTPARAM_SOFTLOCKUP_PANIC_VALUE=0
< CONFIG_DETECT_HUNG_TASK=y
< CONFIG_DEFAULT_HUNG_TASK_TIMEOUT=120
< # CONFIG_BOOTPARAM_HUNG_TASK_PANIC is not set
< CONFIG_BOOTPARAM_HUNG_TASK_PANIC_VALUE=0
< # CONFIG_PANIC_ON_OOPS is not set
< CONFIG_PANIC_ON_OOPS_VALUE=0
< CONFIG_PANIC_TIMEOUT=0
< # CONFIG_SCHED_DEBUG is not set
< # CONFIG_SCHEDSTATS is not set
< CONFIG_TIMER_STATS=y
< 
< #
< # Lock Debugging (spinlocks, mutexes, etc...)
< #
< # CONFIG_DEBUG_RT_MUTEXES is not set
< # CONFIG_RT_MUTEX_TESTER is not set
< # CONFIG_DEBUG_SPINLOCK is not set
< # CONFIG_DEBUG_MUTEXES is not set
< # CONFIG_DEBUG_WW_MUTEX_SLOWPATH is not set
< # CONFIG_DEBUG_LOCK_ALLOC is not set
< # CONFIG_PROVE_LOCKING is not set
< # CONFIG_LOCK_STAT is not set
< # CONFIG_DEBUG_ATOMIC_SLEEP is not set
< # CONFIG_DEBUG_LOCKING_API_SELFTESTS is not set
< # CONFIG_DEBUG_KOBJECT is not set
< # CONFIG_DEBUG_BUGVERBOSE is not set
< # CONFIG_DEBUG_WRITECOUNT is not set
< # CONFIG_DEBUG_LIST is not set
< # CONFIG_DEBUG_SG is not set
< # CONFIG_DEBUG_NOTIFIERS is not set
< # CONFIG_DEBUG_CREDENTIALS is not set
< 
< #
< # RCU Debugging
< #
< # CONFIG_SPARSE_RCU_POINTER is not set
< # CONFIG_RCU_TORTURE_TEST is not set
< CONFIG_RCU_CPU_STALL_TIMEOUT=60
< # CONFIG_RCU_CPU_STALL_INFO is not set
< # CONFIG_RCU_TRACE is not set
< # CONFIG_DEBUG_BLOCK_EXT_DEVT is not set
< # CONFIG_NOTIFIER_ERROR_INJECTION is not set
< # CONFIG_FAULT_INJECTION is not set
< CONFIG_HAVE_FUNCTION_TRACER=y
< CONFIG_HAVE_FUNCTION_GRAPH_TRACER=y
< CONFIG_HAVE_DYNAMIC_FTRACE=y
< CONFIG_HAVE_FTRACE_MCOUNT_RECORD=y
< CONFIG_HAVE_SYSCALL_TRACEPOINTS=y
< CONFIG_HAVE_C_RECORDMCOUNT=y
< CONFIG_TRACE_CLOCK=y
< CONFIG_RING_BUFFER=y
< CONFIG_RING_BUFFER_ALLOW_SWAP=y
< CONFIG_TRACING_SUPPORT=y
< # CONFIG_FTRACE is not set
< 
< #
< # Runtime Testing
< #
< # CONFIG_TEST_LIST_SORT is not set
< # CONFIG_KPROBES_SANITY_TEST is not set
< # CONFIG_BACKTRACE_SELF_TEST is not set
< # CONFIG_RBTREE_TEST is not set
< # CONFIG_INTERVAL_TREE_TEST is not set
< # CONFIG_PERCPU_TEST is not set
< CONFIG_ATOMIC64_SELFTEST=y
< CONFIG_ASYNC_RAID6_TEST=m
< # CONFIG_TEST_STRING_HELPERS is not set
< CONFIG_TEST_KSTRTOX=y
< CONFIG_BUILD_DOCSRC=y
< # CONFIG_DMA_API_DEBUG is not set
< # CONFIG_TEST_MODULE is not set
< # CONFIG_TEST_USER_COPY is not set
< # CONFIG_SAMPLES is not set
< CONFIG_HAVE_ARCH_KGDB=y
< # CONFIG_KGDB is not set
< # CONFIG_ARM_PTDUMP is not set
< # CONFIG_STRICT_DEVMEM is not set
< CONFIG_ARM_UNWIND=y
< # CONFIG_DEBUG_USER is not set
< # CONFIG_DEBUG_LL is not set
< CONFIG_DEBUG_IMX_UART_PORT=1
< CONFIG_DEBUG_LL_INCLUDE="mach/debug-macro.S"
< # CONFIG_DEBUG_UART_PL01X is not set
< # CONFIG_DEBUG_UART_8250 is not set
< CONFIG_UNCOMPRESS_INCLUDE="debug/uncompress.h"
< # CONFIG_ARM_KPROBES_TEST is not set
< # CONFIG_PID_IN_CONTEXTIDR is not set
< CONFIG_DEBUG_SET_MODULE_RONX=y
---
> # CONFIG_DLM_DEBUG is not set
5682,5684c5301,5302
< CONFIG_TRUSTED_KEYS=m
< CONFIG_ENCRYPTED_KEYS=m
< CONFIG_KEYS_DEBUG_PROC_KEYS=y
---
> CONFIG_ENCRYPTED_KEYS=y
> # CONFIG_KEY_DH_OPERATIONS is not set
5691,5699c5309,5312
< CONFIG_LSM_MMAP_MIN_ADDR=65536
< CONFIG_SECURITY_SELINUX=y
< CONFIG_SECURITY_SELINUX_BOOTPARAM=y
< CONFIG_SECURITY_SELINUX_BOOTPARAM_VALUE=1
< CONFIG_SECURITY_SELINUX_DISABLE=y
< CONFIG_SECURITY_SELINUX_DEVELOP=y
< CONFIG_SECURITY_SELINUX_AVC_STATS=y
< CONFIG_SECURITY_SELINUX_CHECKREQPROT_VALUE=1
< # CONFIG_SECURITY_SELINUX_POLICYDB_VERSION_MAX is not set
---
> CONFIG_HAVE_HARDENED_USERCOPY_ALLOCATOR=y
> # CONFIG_HARDENED_USERCOPY is not set
> # CONFIG_FORTIFY_SOURCE is not set
> # CONFIG_STATIC_USERMODEHELPER is not set
5702a5316
> # CONFIG_SECURITY_LOADPIN is not set
5703a5318,5319
> CONFIG_INTEGRITY=y
> # CONFIG_INTEGRITY_SIGNATURE is not set
5705,5707c5321,5323
< CONFIG_DEFAULT_SECURITY_SELINUX=y
< # CONFIG_DEFAULT_SECURITY_DAC is not set
< CONFIG_DEFAULT_SECURITY="selinux"
---
> # CONFIG_EVM is not set
> CONFIG_DEFAULT_SECURITY_DAC=y
> CONFIG_DEFAULT_SECURITY=""
5709,5713d5324
< CONFIG_ASYNC_CORE=m
< CONFIG_ASYNC_MEMCPY=m
< CONFIG_ASYNC_XOR=m
< CONFIG_ASYNC_PQ=m
< CONFIG_ASYNC_RAID6_RECOV=m
5719d5329
< CONFIG_CRYPTO_FIPS=y
5730,5732c5340,5348
< CONFIG_CRYPTO_PCOMP=m
< CONFIG_CRYPTO_PCOMP2=y
< CONFIG_CRYPTO_CRYPTODEV=y
---
> CONFIG_CRYPTO_RNG_DEFAULT=y
> CONFIG_CRYPTO_AKCIPHER2=y
> CONFIG_CRYPTO_AKCIPHER=y
> CONFIG_CRYPTO_KPP2=y
> CONFIG_CRYPTO_KPP=y
> CONFIG_CRYPTO_ACOMP2=y
> CONFIG_CRYPTO_RSA=y
> # CONFIG_CRYPTO_DH is not set
> CONFIG_CRYPTO_ECDH=y
5735,5736c5351,5352
< CONFIG_CRYPTO_USER=y
< # CONFIG_CRYPTO_MANAGER_DISABLE_TESTS is not set
---
> # CONFIG_CRYPTO_USER is not set
> CONFIG_CRYPTO_MANAGER_DISABLE_TESTS=y
5739c5355,5356
< CONFIG_CRYPTO_PCRYPT=m
---
> CONFIG_CRYPTO_NULL2=y
> # CONFIG_CRYPTO_PCRYPT is not set
5741c5358
< CONFIG_CRYPTO_CRYPTD=y
---
> # CONFIG_CRYPTO_CRYPTD is not set
5743,5744c5360
< CONFIG_CRYPTO_TEST=m
< CONFIG_CRYPTO_ABLK_HELPER=y
---
> # CONFIG_CRYPTO_TEST is not set
5750a5367,5372
> # CONFIG_CRYPTO_CHACHA20POLY1305 is not set
> # CONFIG_CRYPTO_AEGIS128 is not set
> # CONFIG_CRYPTO_AEGIS128L is not set
> # CONFIG_CRYPTO_AEGIS256 is not set
> # CONFIG_CRYPTO_MORUS640 is not set
> # CONFIG_CRYPTO_MORUS1280 is not set
5751a5374
> CONFIG_CRYPTO_ECHAINIV=m
5756a5380
> # CONFIG_CRYPTO_CFB is not set
5758c5382
< CONFIG_CRYPTO_CTS=y
---
> # CONFIG_CRYPTO_CTS is not set
5760,5762c5384,5388
< CONFIG_CRYPTO_LRW=y
< CONFIG_CRYPTO_PCBC=m
< CONFIG_CRYPTO_XTS=y
---
> # CONFIG_CRYPTO_LRW is not set
> # CONFIG_CRYPTO_OFB is not set
> # CONFIG_CRYPTO_PCBC is not set
> # CONFIG_CRYPTO_XTS is not set
> # CONFIG_CRYPTO_KEYWRAP is not set
5767c5393
< CONFIG_CRYPTO_CMAC=m
---
> CONFIG_CRYPTO_CMAC=y
5769,5770c5395,5396
< CONFIG_CRYPTO_XCBC=m
< CONFIG_CRYPTO_VMAC=m
---
> # CONFIG_CRYPTO_XCBC is not set
> # CONFIG_CRYPTO_VMAC is not set
5779,5787c5405,5413
< CONFIG_CRYPTO_MD4=y
< CONFIG_CRYPTO_MD5=y
< CONFIG_CRYPTO_MICHAEL_MIC=y
< CONFIG_CRYPTO_RMD128=y
< CONFIG_CRYPTO_RMD160=y
< CONFIG_CRYPTO_RMD256=y
< CONFIG_CRYPTO_RMD320=y
< CONFIG_CRYPTO_SHA1=y
< # CONFIG_CRYPTO_SHA1_ARM is not set
---
> # CONFIG_CRYPTO_POLY1305 is not set
> # CONFIG_CRYPTO_MD4 is not set
> CONFIG_CRYPTO_MD5=m
> # CONFIG_CRYPTO_MICHAEL_MIC is not set
> # CONFIG_CRYPTO_RMD128 is not set
> # CONFIG_CRYPTO_RMD160 is not set
> # CONFIG_CRYPTO_RMD256 is not set
> # CONFIG_CRYPTO_RMD320 is not set
> CONFIG_CRYPTO_SHA1=m
5789,5791c5415,5419
< CONFIG_CRYPTO_SHA512=y
< CONFIG_CRYPTO_TGR192=y
< CONFIG_CRYPTO_WP512=y
---
> # CONFIG_CRYPTO_SHA512 is not set
> # CONFIG_CRYPTO_SHA3 is not set
> # CONFIG_CRYPTO_SM3 is not set
> # CONFIG_CRYPTO_TGR192 is not set
> # CONFIG_CRYPTO_WP512 is not set
5797,5815c5425,5441
< CONFIG_CRYPTO_AES_ARM=y
< CONFIG_CRYPTO_AES_ARM_BS=y
< CONFIG_CRYPTO_ANUBIS=m
< CONFIG_CRYPTO_ARC4=m
< CONFIG_CRYPTO_BLOWFISH=y
< CONFIG_CRYPTO_BLOWFISH_COMMON=y
< CONFIG_CRYPTO_CAMELLIA=y
< CONFIG_CRYPTO_CAST_COMMON=m
< CONFIG_CRYPTO_CAST5=m
< CONFIG_CRYPTO_CAST6=m
< CONFIG_CRYPTO_DES=y
< CONFIG_CRYPTO_FCRYPT=m
< CONFIG_CRYPTO_KHAZAD=m
< CONFIG_CRYPTO_SALSA20=m
< CONFIG_CRYPTO_SEED=m
< CONFIG_CRYPTO_SERPENT=m
< CONFIG_CRYPTO_TEA=m
< CONFIG_CRYPTO_TWOFISH=y
< CONFIG_CRYPTO_TWOFISH_COMMON=y
---
> # CONFIG_CRYPTO_AES_TI is not set
> # CONFIG_CRYPTO_ANUBIS is not set
> CONFIG_CRYPTO_ARC4=y
> # CONFIG_CRYPTO_BLOWFISH is not set
> # CONFIG_CRYPTO_CAMELLIA is not set
> # CONFIG_CRYPTO_CAST5 is not set
> # CONFIG_CRYPTO_CAST6 is not set
> # CONFIG_CRYPTO_DES is not set
> # CONFIG_CRYPTO_FCRYPT is not set
> # CONFIG_CRYPTO_KHAZAD is not set
> # CONFIG_CRYPTO_SALSA20 is not set
> # CONFIG_CRYPTO_CHACHA20 is not set
> # CONFIG_CRYPTO_SEED is not set
> # CONFIG_CRYPTO_SERPENT is not set
> # CONFIG_CRYPTO_SM4 is not set
> # CONFIG_CRYPTO_TEA is not set
> # CONFIG_CRYPTO_TWOFISH is not set
5820,5824c5446,5451
< CONFIG_CRYPTO_DEFLATE=m
< CONFIG_CRYPTO_ZLIB=m
< CONFIG_CRYPTO_LZO=m
< CONFIG_CRYPTO_LZ4=m
< CONFIG_CRYPTO_LZ4HC=m
---
> CONFIG_CRYPTO_DEFLATE=y
> CONFIG_CRYPTO_LZO=y
> # CONFIG_CRYPTO_842 is not set
> # CONFIG_CRYPTO_LZ4 is not set
> # CONFIG_CRYPTO_LZ4HC is not set
> # CONFIG_CRYPTO_ZSTD is not set
5829,5832c5456,5467
< CONFIG_CRYPTO_ANSI_CPRNG=y
< CONFIG_CRYPTO_USER_API=y
< CONFIG_CRYPTO_USER_API_HASH=y
< CONFIG_CRYPTO_USER_API_SKCIPHER=y
---
> # CONFIG_CRYPTO_ANSI_CPRNG is not set
> CONFIG_CRYPTO_DRBG_MENU=y
> CONFIG_CRYPTO_DRBG_HMAC=y
> # CONFIG_CRYPTO_DRBG_HASH is not set
> # CONFIG_CRYPTO_DRBG_CTR is not set
> CONFIG_CRYPTO_DRBG=y
> CONFIG_CRYPTO_JITTERENTROPY=y
> # CONFIG_CRYPTO_USER_API_HASH is not set
> # CONFIG_CRYPTO_USER_API_SKCIPHER is not set
> # CONFIG_CRYPTO_USER_API_RNG is not set
> # CONFIG_CRYPTO_USER_API_AEAD is not set
> CONFIG_CRYPTO_HASH_INFO=y
5834,5835c5469,5470
< CONFIG_CRYPTO_DEV_HIFN_795X=m
< CONFIG_CRYPTO_DEV_HIFN_795X_RNG=y
---
> # CONFIG_CRYPTO_DEV_HIFN_795X is not set
> CONFIG_CRYPTO_DEV_FSL_CAAM_COMMON=y
5836a5472
> # CONFIG_CRYPTO_DEV_FSL_CAAM_DEBUG is not set
5841a5478
> CONFIG_CRYPTO_DEV_FSL_CAAM_PKC_API=y
5843,5851c5480,5502
< # CONFIG_CRYPTO_DEV_FSL_CAAM_RNG_TEST is not set
< CONFIG_CRYPTO_DEV_FSL_CAAM_SM=y
< CONFIG_CRYPTO_DEV_FSL_CAAM_SM_SLOTSIZE=7
< # CONFIG_CRYPTO_DEV_FSL_CAAM_SM_TEST is not set
< # CONFIG_CRYPTO_DEV_FSL_CAAM_SECVIO is not set
< # CONFIG_CRYPTO_DEV_FSL_CAAM_DEBUG is not set
< # CONFIG_CRYPTO_DEV_SAHARA is not set
< # CONFIG_ASYMMETRIC_KEY_TYPE is not set
< # CONFIG_BINARY_PRINTF is not set
---
> CONFIG_CRYPTO_DEV_FSL_CAAM_CRYPTO_API_DESC=y
> CONFIG_CRYPTO_DEV_FSL_CAAM_AHASH_API_DESC=y
> CONFIG_CRYPTO_DEV_SAHARA=y
> # CONFIG_CRYPTO_DEV_MXC_SCC is not set
> # CONFIG_CRYPTO_DEV_MXS_DCP is not set
> # CONFIG_CRYPTO_DEV_CCREE is not set
> CONFIG_ASYMMETRIC_KEY_TYPE=y
> CONFIG_ASYMMETRIC_PUBLIC_KEY_SUBTYPE=y
> CONFIG_X509_CERTIFICATE_PARSER=y
> # CONFIG_PKCS8_PRIVATE_KEY_PARSER is not set
> CONFIG_PKCS7_MESSAGE_PARSER=y
> # CONFIG_PKCS7_TEST_KEY is not set
> # CONFIG_SIGNED_PE_FILE_VERIFICATION is not set
> 
> #
> # Certificates for signature checking
> #
> CONFIG_SYSTEM_TRUSTED_KEYRING=y
> CONFIG_SYSTEM_TRUSTED_KEYS=""
> # CONFIG_SYSTEM_EXTRA_CERTIFICATE is not set
> # CONFIG_SECONDARY_TRUSTED_KEYRING is not set
> # CONFIG_SYSTEM_BLACKLIST_KEYRING is not set
> CONFIG_BINARY_PRINTF=y
5863d5513
< CONFIG_GENERIC_IO=y
5875a5526,5527
> # CONFIG_CRC64 is not set
> # CONFIG_CRC4 is not set
5878,5879c5530,5531
< CONFIG_CRC8=m
< CONFIG_AUDIT_GENERIC=y
---
> # CONFIG_CRC8 is not set
> CONFIG_XXHASH=m
5885,5887c5537,5539
< CONFIG_LZ4_COMPRESS=m
< CONFIG_LZ4HC_COMPRESS=m
< CONFIG_LZ4_DECOMPRESS=m
---
> CONFIG_LZ4_DECOMPRESS=y
> CONFIG_ZSTD_COMPRESS=m
> CONFIG_ZSTD_DECOMPRESS=m
5889,5891c5541,5543
< # CONFIG_XZ_DEC_X86 is not set
< # CONFIG_XZ_DEC_POWERPC is not set
< # CONFIG_XZ_DEC_IA64 is not set
---
> CONFIG_XZ_DEC_X86=y
> CONFIG_XZ_DEC_POWERPC=y
> CONFIG_XZ_DEC_IA64=y
5894c5546
< # CONFIG_XZ_DEC_SPARC is not set
---
> CONFIG_XZ_DEC_SPARC=y
5897a5550,5551
> CONFIG_DECOMPRESS_BZIP2=y
> CONFIG_DECOMPRESS_LZMA=y
5898a5553,5554
> CONFIG_DECOMPRESS_LZO=y
> CONFIG_DECOMPRESS_LZ4=y
5900,5906d5555
< CONFIG_REED_SOLOMON=m
< CONFIG_REED_SOLOMON_ENC8=y
< CONFIG_REED_SOLOMON_DEC8=y
< CONFIG_TEXTSEARCH=y
< CONFIG_TEXTSEARCH_KMP=m
< CONFIG_TEXTSEARCH_BM=m
< CONFIG_TEXTSEARCH_FSM=m
5909c5558
< CONFIG_HAS_IOPORT=y
---
> CONFIG_HAS_IOPORT_MAP=y
5911c5560,5562
< CONFIG_CHECK_SIGNATURE=y
---
> CONFIG_NEED_DMA_MAP_STATE=y
> CONFIG_HAVE_GENERIC_DMA_COHERENT=y
> CONFIG_SGL_ALLOC=y
5913a5565,5566
> CONFIG_GLOB=y
> # CONFIG_GLOB_SELFTEST is not set
5915c5568
< CONFIG_ARCH_HAS_ATOMIC64_DEC_IF_POSITIVE=y
---
> CONFIG_GENERIC_ATOMIC64=y
5917,5918c5570,5571
< CONFIG_AVERAGE=y
< CONFIG_CORDIC=m
---
> CONFIG_CLZ_TAB=y
> # CONFIG_CORDIC is not set
5919a5573,5575
> # CONFIG_IRQ_POLL is not set
> CONFIG_MPILIB=y
> CONFIG_LIBFDT=y
5929a5586,5587
> # CONFIG_FONT_6x10 is not set
> # CONFIG_FONT_10x18 is not set
5932,5933c5590,5777
< # CONFIG_FONT_10x18 is not set
< # CONFIG_VIRTUALIZATION is not set
---
> CONFIG_SG_POOL=y
> CONFIG_ARCH_HAS_SG_CHAIN=y
> CONFIG_SBITMAP=y
> # CONFIG_STRING_SELFTEST is not set
> 
> #
> # Kernel hacking
> #
> 
> #
> # printk and dmesg options
> #
> CONFIG_PRINTK_TIME=y
> CONFIG_CONSOLE_LOGLEVEL_DEFAULT=7
> CONFIG_CONSOLE_LOGLEVEL_QUIET=4
> CONFIG_MESSAGE_LOGLEVEL_DEFAULT=4
> # CONFIG_BOOT_PRINTK_DELAY is not set
> # CONFIG_DYNAMIC_DEBUG is not set
> 
> #
> # Compile-time checks and compiler options
> #
> # CONFIG_DEBUG_INFO is not set
> CONFIG_ENABLE_MUST_CHECK=y
> CONFIG_FRAME_WARN=1024
> # CONFIG_STRIP_ASM_SYMS is not set
> # CONFIG_READABLE_ASM is not set
> # CONFIG_UNUSED_SYMBOLS is not set
> # CONFIG_PAGE_OWNER is not set
> CONFIG_DEBUG_FS=y
> # CONFIG_HEADERS_CHECK is not set
> # CONFIG_DEBUG_SECTION_MISMATCH is not set
> CONFIG_SECTION_MISMATCH_WARN_ONLY=y
> # CONFIG_DEBUG_FORCE_WEAK_PER_CPU is not set
> CONFIG_MAGIC_SYSRQ=y
> CONFIG_MAGIC_SYSRQ_DEFAULT_ENABLE=0x1
> CONFIG_MAGIC_SYSRQ_SERIAL=y
> CONFIG_DEBUG_KERNEL=y
> 
> #
> # Memory Debugging
> #
> # CONFIG_PAGE_EXTENSION is not set
> # CONFIG_DEBUG_PAGEALLOC is not set
> # CONFIG_PAGE_POISONING is not set
> # CONFIG_DEBUG_PAGE_REF is not set
> # CONFIG_DEBUG_RODATA_TEST is not set
> # CONFIG_DEBUG_OBJECTS is not set
> # CONFIG_SLUB_STATS is not set
> CONFIG_HAVE_DEBUG_KMEMLEAK=y
> # CONFIG_DEBUG_KMEMLEAK is not set
> # CONFIG_DEBUG_STACK_USAGE is not set
> # CONFIG_DEBUG_VM is not set
> CONFIG_ARCH_HAS_DEBUG_VIRTUAL=y
> # CONFIG_DEBUG_VIRTUAL is not set
> # CONFIG_DEBUG_MEMORY_INIT is not set
> # CONFIG_DEBUG_PER_CPU_MAPS is not set
> # CONFIG_DEBUG_HIGHMEM is not set
> CONFIG_ARCH_HAS_KCOV=y
> # CONFIG_DEBUG_SHIRQ is not set
> 
> #
> # Debug Lockups and Hangs
> #
> # CONFIG_SOFTLOCKUP_DETECTOR is not set
> # CONFIG_DETECT_HUNG_TASK is not set
> # CONFIG_WQ_WATCHDOG is not set
> # CONFIG_PANIC_ON_OOPS is not set
> CONFIG_PANIC_ON_OOPS_VALUE=0
> CONFIG_PANIC_TIMEOUT=0
> # CONFIG_SCHED_DEBUG is not set
> # CONFIG_SCHEDSTATS is not set
> # CONFIG_SCHED_STACK_END_CHECK is not set
> # CONFIG_DEBUG_TIMEKEEPING is not set
> 
> #
> # Lock Debugging (spinlocks, mutexes, etc...)
> #
> CONFIG_LOCK_DEBUGGING_SUPPORT=y
> CONFIG_PROVE_LOCKING=y
> # CONFIG_LOCK_STAT is not set
> CONFIG_DEBUG_RT_MUTEXES=y
> CONFIG_DEBUG_SPINLOCK=y
> CONFIG_DEBUG_MUTEXES=y
> CONFIG_DEBUG_WW_MUTEX_SLOWPATH=y
> CONFIG_DEBUG_RWSEMS=y
> CONFIG_DEBUG_LOCK_ALLOC=y
> CONFIG_LOCKDEP=y
> # CONFIG_DEBUG_LOCKDEP is not set
> # CONFIG_DEBUG_ATOMIC_SLEEP is not set
> # CONFIG_DEBUG_LOCKING_API_SELFTESTS is not set
> # CONFIG_LOCK_TORTURE_TEST is not set
> # CONFIG_WW_MUTEX_SELFTEST is not set
> CONFIG_TRACE_IRQFLAGS=y
> CONFIG_STACKTRACE=y
> # CONFIG_WARN_ALL_UNSEEDED_RANDOM is not set
> # CONFIG_DEBUG_KOBJECT is not set
> # CONFIG_DEBUG_BUGVERBOSE is not set
> # CONFIG_DEBUG_LIST is not set
> # CONFIG_DEBUG_PI_LIST is not set
> # CONFIG_DEBUG_SG is not set
> # CONFIG_DEBUG_NOTIFIERS is not set
> # CONFIG_DEBUG_CREDENTIALS is not set
> 
> #
> # RCU Debugging
> #
> CONFIG_PROVE_RCU=y
> # CONFIG_RCU_PERF_TEST is not set
> # CONFIG_RCU_TORTURE_TEST is not set
> CONFIG_RCU_CPU_STALL_TIMEOUT=21
> CONFIG_RCU_TRACE=y
> # CONFIG_RCU_EQS_DEBUG is not set
> # CONFIG_DEBUG_WQ_FORCE_RR_CPU is not set
> # CONFIG_DEBUG_BLOCK_EXT_DEVT is not set
> # CONFIG_CPU_HOTPLUG_STATE_CONTROL is not set
> # CONFIG_NOTIFIER_ERROR_INJECTION is not set
> # CONFIG_FAULT_INJECTION is not set
> # CONFIG_LATENCYTOP is not set
> CONFIG_NOP_TRACER=y
> CONFIG_HAVE_FUNCTION_TRACER=y
> CONFIG_HAVE_FUNCTION_GRAPH_TRACER=y
> CONFIG_HAVE_DYNAMIC_FTRACE=y
> CONFIG_HAVE_DYNAMIC_FTRACE_WITH_REGS=y
> CONFIG_HAVE_FTRACE_MCOUNT_RECORD=y
> CONFIG_HAVE_SYSCALL_TRACEPOINTS=y
> CONFIG_HAVE_C_RECORDMCOUNT=y
> CONFIG_TRACE_CLOCK=y
> CONFIG_RING_BUFFER=y
> CONFIG_EVENT_TRACING=y
> CONFIG_CONTEXT_SWITCH_TRACER=y
> CONFIG_PREEMPTIRQ_TRACEPOINTS=y
> CONFIG_TRACING=y
> CONFIG_TRACING_SUPPORT=y
> # CONFIG_FTRACE is not set
> # CONFIG_DMA_API_DEBUG is not set
> CONFIG_RUNTIME_TESTING_MENU=y
> # CONFIG_LKDTM is not set
> # CONFIG_TEST_LIST_SORT is not set
> # CONFIG_TEST_SORT is not set
> # CONFIG_BACKTRACE_SELF_TEST is not set
> # CONFIG_RBTREE_TEST is not set
> # CONFIG_INTERVAL_TREE_TEST is not set
> # CONFIG_PERCPU_TEST is not set
> # CONFIG_ATOMIC64_SELFTEST is not set
> # CONFIG_TEST_HEXDUMP is not set
> # CONFIG_TEST_STRING_HELPERS is not set
> # CONFIG_TEST_KSTRTOX is not set
> # CONFIG_TEST_PRINTF is not set
> # CONFIG_TEST_BITMAP is not set
> # CONFIG_TEST_BITFIELD is not set
> # CONFIG_TEST_UUID is not set
> # CONFIG_TEST_XARRAY is not set
> # CONFIG_TEST_OVERFLOW is not set
> # CONFIG_TEST_RHASHTABLE is not set
> # CONFIG_TEST_HASH is not set
> # CONFIG_TEST_IDA is not set
> # CONFIG_TEST_LKM is not set
> # CONFIG_TEST_USER_COPY is not set
> # CONFIG_TEST_BPF is not set
> # CONFIG_FIND_BIT_BENCHMARK is not set
> # CONFIG_TEST_FIRMWARE is not set
> # CONFIG_TEST_SYSCTL is not set
> # CONFIG_TEST_UDELAY is not set
> # CONFIG_TEST_STATIC_KEYS is not set
> # CONFIG_TEST_KMOD is not set
> # CONFIG_TEST_MEMCAT_P is not set
> # CONFIG_MEMTEST is not set
> # CONFIG_BUG_ON_DATA_CORRUPTION is not set
> # CONFIG_SAMPLES is not set
> CONFIG_HAVE_ARCH_KGDB=y
> # CONFIG_KGDB is not set
> # CONFIG_UBSAN is not set
> CONFIG_ARCH_HAS_DEVMEM_IS_ALLOWED=y
> # CONFIG_STRICT_DEVMEM is not set
> # CONFIG_ARM_PTDUMP_DEBUGFS is not set
> # CONFIG_DEBUG_WX is not set
> # CONFIG_UNWINDER_FRAME_POINTER is not set
> CONFIG_UNWINDER_ARM=y
> CONFIG_ARM_UNWIND=y
> # CONFIG_DEBUG_USER is not set
> # CONFIG_DEBUG_LL is not set
> CONFIG_DEBUG_IMX_UART_PORT=1
> CONFIG_DEBUG_VF_UART_PORT=1
> CONFIG_DEBUG_LL_INCLUDE="mach/debug-macro.S"
> CONFIG_UNCOMPRESS_INCLUDE="debug/uncompress.h"
> # CONFIG_PID_IN_CONTEXTIDR is not set
> # CONFIG_CORESIGHT is not set
